[1.284s] Invoking command in '/home/alejandra/ros2_ws/src/mi_primer_paquete': PYTHONPATH=/home/alejandra/ros2_ws/build/mi_primer_paquete/prefix_override:/usr/lib/python3/dist-packages/colcon_core/task/python/colcon_distutils_commands:/home/alejandra/ros2_ws/install/mi_primer_paquete/lib/python3.12/site-packages:${PYTHONPATH} /usr/bin/python3 -W ignore:setup.py install is deprecated -W ignore:easy_install command is deprecated setup.py egg_info --egg-base ../../build/mi_primer_paquete build --build-base /home/alejandra/ros2_ws/build/mi_primer_paquete/build install --record /home/alejandra/ros2_ws/build/mi_primer_paquete/install.log --install-scripts $base/lib/mi_primer_paquete --single-version-externally-managed install_data
[1.532s] running egg_info
[1.532s] creating ../../build/mi_primer_paquete/mi_primer_paquete.egg-info
[1.551s] writing ../../build/mi_primer_paquete/mi_primer_paquete.egg-info/PKG-INFO
[1.552s] writing dependency_links to ../../build/mi_primer_paquete/mi_primer_paquete.egg-info/dependency_links.txt
[1.552s] writing entry points to ../../build/mi_primer_paquete/mi_primer_paquete.egg-info/entry_points.txt
[1.553s] writing requirements to ../../build/mi_primer_paquete/mi_primer_paquete.egg-info/requires.txt
[1.553s] writing top-level names to ../../build/mi_primer_paquete/mi_primer_paquete.egg-info/top_level.txt
[1.553s] writing manifest file '../../build/mi_primer_paquete/mi_primer_paquete.egg-info/SOURCES.txt'
[1.585s] reading manifest file '../../build/mi_primer_paquete/mi_primer_paquete.egg-info/SOURCES.txt'
[1.585s] writing manifest file '../../build/mi_primer_paquete/mi_primer_paquete.egg-info/SOURCES.txt'
[1.586s] running build
[1.586s] running build_py
[1.586s] creating /home/alejandra/ros2_ws/build/mi_primer_paquete/build
[1.587s] creating /home/alejandra/ros2_ws/build/mi_primer_paquete/build/lib
[1.587s] creating /home/alejandra/ros2_ws/build/mi_primer_paquete/build/lib/mi_primer_paquete
[1.587s] copying mi_primer_paquete/mi_nodo.py -> /home/alejandra/ros2_ws/build/mi_primer_paquete/build/lib/mi_primer_paquete
[1.588s] copying mi_primer_paquete/__init__.py -> /home/alejandra/ros2_ws/build/mi_primer_paquete/build/lib/mi_primer_paquete
[1.588s] running install
[1.593s] running install_lib
[1.610s] creating /home/alejandra/ros2_ws/install/mi_primer_paquete/lib/python3.12/site-packages/mi_primer_paquete
[1.611s] copying /home/alejandra/ros2_ws/build/mi_primer_paquete/build/lib/mi_primer_paquete/mi_nodo.py -> /home/alejandra/ros2_ws/install/mi_primer_paquete/lib/python3.12/site-packages/mi_primer_paquete
[1.611s] copying /home/alejandra/ros2_ws/build/mi_primer_paquete/build/lib/mi_primer_paquete/__init__.py -> /home/alejandra/ros2_ws/install/mi_primer_paquete/lib/python3.12/site-packages/mi_primer_paquete
[1.611s] byte-compiling /home/alejandra/ros2_ws/install/mi_primer_paquete/lib/python3.12/site-packages/mi_primer_paquete/mi_nodo.py to mi_nodo.cpython-312.pyc
[1.613s] byte-compiling /home/alejandra/ros2_ws/install/mi_primer_paquete/lib/python3.12/site-packages/mi_primer_paquete/__init__.py to __init__.cpython-312.pyc
[1.613s] running install_data
[1.613s] creating /home/alejandra/ros2_ws/install/mi_primer_paquete/share/ament_index
[1.613s] creating /home/alejandra/ros2_ws/install/mi_primer_paquete/share/ament_index/resource_index
[1.613s] creating /home/alejandra/ros2_ws/install/mi_primer_paquete/share/ament_index/resource_index/packages
[1.613s] copying resource/mi_primer_paquete -> /home/alejandra/ros2_ws/install/mi_primer_paquete/share/ament_index/resource_index/packages
[1.614s] copying package.xml -> /home/alejandra/ros2_ws/install/mi_primer_paquete/share/mi_primer_paquete
[1.614s] running install_egg_info
[1.632s] Copying ../../build/mi_primer_paquete/mi_primer_paquete.egg-info to /home/alejandra/ros2_ws/install/mi_primer_paquete/lib/python3.12/site-packages/mi_primer_paquete-0.0.0-py3.12.egg-info
[1.634s] running install_scripts
[1.753s] Installing nodo_control script to /home/alejandra/ros2_ws/install/mi_primer_paquete/lib/mi_primer_paquete
[1.755s] writing list of installed files to '/home/alejandra/ros2_ws/build/mi_primer_paquete/install.log'
[1.799s] Invoked command in '/home/alejandra/ros2_ws/src/mi_primer_paquete' returned '0': PYTHONPATH=/home/alejandra/ros2_ws/build/mi_primer_paquete/prefix_override:/usr/lib/python3/dist-packages/colcon_core/task/python/colcon_distutils_commands:/home/alejandra/ros2_ws/install/mi_primer_paquete/lib/python3.12/site-packages:${PYTHONPATH} /usr/bin/python3 -W ignore:setup.py install is deprecated -W ignore:easy_install command is deprecated setup.py egg_info --egg-base ../../build/mi_primer_paquete build --build-base /home/alejandra/ros2_ws/build/mi_primer_paquete/build install --record /home/alejandra/ros2_ws/build/mi_primer_paquete/install.log --install-scripts $base/lib/mi_primer_paquete --single-version-externally-managed install_data
