[2.238s] Invoking command in '/home/alejandra/ros2_ws/src/turtlesim_control': PYTHONPATH=/home/alejandra/ros2_ws/build/turtlesim_control/prefix_override:/usr/lib/python3/dist-packages/colcon_core/task/python/colcon_distutils_commands:/home/alejandra/ros2_ws/install/turtlesim_control/lib/python3.12/site-packages:/home/alejandra/ros2_ws/install/tutorial_interfaces/lib/python3.12/site-packages:/home/alejandra/ros2_ws/install/py_action/lib/python3.12/site-packages:/home/alejandra/ros2_ws/install/py_srvcli/lib/python3.12/site-packages:/home/alejandra/ros2_ws/install/mi_primer_paquete/lib/python3.12/site-packages:/opt/ros/jazzy/lib/python3.12/site-packages /usr/bin/python3 -W ignore:setup.py install is deprecated -W ignore:easy_install command is deprecated setup.py egg_info --egg-base ../../build/turtlesim_control build --build-base /home/alejandra/ros2_ws/build/turtlesim_control/build install --record /home/alejandra/ros2_ws/build/turtlesim_control/install.log --install-scripts $base/lib/turtlesim_control --single-version-externally-managed install_data
[2.534s] running egg_info
[2.534s] creating ../../build/turtlesim_control/turtlesim_control.egg-info
[2.555s] writing ../../build/turtlesim_control/turtlesim_control.egg-info/PKG-INFO
[2.556s] writing dependency_links to ../../build/turtlesim_control/turtlesim_control.egg-info/dependency_links.txt
[2.557s] writing entry points to ../../build/turtlesim_control/turtlesim_control.egg-info/entry_points.txt
[2.558s] writing requirements to ../../build/turtlesim_control/turtlesim_control.egg-info/requires.txt
[2.558s] writing top-level names to ../../build/turtlesim_control/turtlesim_control.egg-info/top_level.txt
[2.558s] writing manifest file '../../build/turtlesim_control/turtlesim_control.egg-info/SOURCES.txt'
[2.607s] reading manifest file '../../build/turtlesim_control/turtlesim_control.egg-info/SOURCES.txt'
[2.608s] writing manifest file '../../build/turtlesim_control/turtlesim_control.egg-info/SOURCES.txt'
[2.609s] running build
[2.609s] running build_py
[2.609s] creating /home/alejandra/ros2_ws/build/turtlesim_control/build
[2.609s] creating /home/alejandra/ros2_ws/build/turtlesim_control/build/lib
[2.610s] creating /home/alejandra/ros2_ws/build/turtlesim_control/build/lib/turtlesim_control
[2.610s] copying turtlesim_control/__init__.py -> /home/alejandra/ros2_ws/build/turtlesim_control/build/lib/turtlesim_control
[2.611s] copying turtlesim_control/turtle_controller.py -> /home/alejandra/ros2_ws/build/turtlesim_control/build/lib/turtlesim_control
[2.611s] running install
[2.618s] running install_lib
[2.638s] creating /home/alejandra/ros2_ws/install/turtlesim_control/lib/python3.12/site-packages/turtlesim_control
[2.638s] copying /home/alejandra/ros2_ws/build/turtlesim_control/build/lib/turtlesim_control/__init__.py -> /home/alejandra/ros2_ws/install/turtlesim_control/lib/python3.12/site-packages/turtlesim_control
[2.638s] copying /home/alejandra/ros2_ws/build/turtlesim_control/build/lib/turtlesim_control/turtle_controller.py -> /home/alejandra/ros2_ws/install/turtlesim_control/lib/python3.12/site-packages/turtlesim_control
[2.640s] byte-compiling /home/alejandra/ros2_ws/install/turtlesim_control/lib/python3.12/site-packages/turtlesim_control/__init__.py to __init__.cpython-312.pyc
[2.642s] byte-compiling /home/alejandra/ros2_ws/install/turtlesim_control/lib/python3.12/site-packages/turtlesim_control/turtle_controller.py to turtle_controller.cpython-312.pyc
[2.643s] running install_data
[2.643s] creating /home/alejandra/ros2_ws/install/turtlesim_control/share/ament_index
[2.643s] creating /home/alejandra/ros2_ws/install/turtlesim_control/share/ament_index/resource_index
[2.643s] creating /home/alejandra/ros2_ws/install/turtlesim_control/share/ament_index/resource_index/packages
[2.644s] copying resource/turtlesim_control -> /home/alejandra/ros2_ws/install/turtlesim_control/share/ament_index/resource_index/packages
[2.644s] copying package.xml -> /home/alejandra/ros2_ws/install/turtlesim_control/share/turtlesim_control
[2.644s] running install_egg_info
[2.759s] Copying ../../build/turtlesim_control/turtlesim_control.egg-info to /home/alejandra/ros2_ws/install/turtlesim_control/lib/python3.12/site-packages/turtlesim_control-0.0.0-py3.12.egg-info
[2.763s] running install_scripts
[2.899s] Installing controller script to /home/alejandra/ros2_ws/install/turtlesim_control/lib/turtlesim_control
[2.899s] writing list of installed files to '/home/alejandra/ros2_ws/build/turtlesim_control/install.log'
[2.949s] Invoked command in '/home/alejandra/ros2_ws/src/turtlesim_control' returned '0': PYTHONPATH=/home/alejandra/ros2_ws/build/turtlesim_control/prefix_override:/usr/lib/python3/dist-packages/colcon_core/task/python/colcon_distutils_commands:/home/alejandra/ros2_ws/install/turtlesim_control/lib/python3.12/site-packages:/home/alejandra/ros2_ws/install/tutorial_interfaces/lib/python3.12/site-packages:/home/alejandra/ros2_ws/install/py_action/lib/python3.12/site-packages:/home/alejandra/ros2_ws/install/py_srvcli/lib/python3.12/site-packages:/home/alejandra/ros2_ws/install/mi_primer_paquete/lib/python3.12/site-packages:/opt/ros/jazzy/lib/python3.12/site-packages /usr/bin/python3 -W ignore:setup.py install is deprecated -W ignore:easy_install command is deprecated setup.py egg_info --egg-base ../../build/turtlesim_control build --build-base /home/alejandra/ros2_ws/build/turtlesim_control/build install --record /home/alejandra/ros2_ws/build/turtlesim_control/install.log --install-scripts $base/lib/turtlesim_control --single-version-externally-managed install_data
