[0.521s] DEBUG:colcon:Command line arguments: ['/usr/bin/colcon', 'build', '--packages-select', 'dif_bot_description', '--symlink-install']
[0.522s] DEBUG:colcon:Parsed command line arguments: Namespace(log_base=None, log_level=None, verb_name='build', build_base='build', install_base='install', merge_install=False, symlink_install=True, test_result_base=None, continue_on_error=False, executor='parallel', parallel_workers=12, event_handlers=None, ignore_user_meta=False, metas=['./colcon.meta'], base_paths=['.'], packages_ignore=None, packages_ignore_regex=None, paths=None, packages_up_to=None, packages_up_to_regex=None, packages_above=None, packages_above_and_dependencies=None, packages_above_depth=None, packages_select_by_dep=None, packages_skip_by_dep=None, packages_skip_up_to=None, packages_select_build_failed=False, packages_skip_build_finished=False, packages_select_test_failures=False, packages_skip_test_passed=False, packages_select=['dif_bot_description'], packages_skip=None, packages_select_regex=None, packages_skip_regex=None, packages_start=None, packages_end=None, allow_overriding=[], cmake_args=None, cmake_target=None, cmake_target_skip_unavailable=False, cmake_clean_cache=False, cmake_clean_first=False, cmake_force_configure=False, ament_cmake_args=None, catkin_cmake_args=None, catkin_skip_building_tests=False, mixin_files=None, mixin=None, verb_parser=<colcon_mixin.mixin.mixin_argument.MixinArgumentDecorator object at 0x7f193c692ba0>, verb_extension=<colcon_core.verb.build.BuildVerb object at 0x7f193c692930>, main=<bound method BuildVerb.main of <colcon_core.verb.build.BuildVerb object at 0x7f193c692930>>, mixin_verb=('build',))
[0.672s] Level 1:colcon.colcon_core.package_discovery:discover_packages(colcon_meta) check parameters
[0.673s] Level 1:colcon.colcon_core.package_discovery:discover_packages(recursive) check parameters
[0.673s] Level 1:colcon.colcon_core.package_discovery:discover_packages(ignore) check parameters
[0.673s] Level 1:colcon.colcon_core.package_discovery:discover_packages(path) check parameters
[0.673s] Level 1:colcon.colcon_core.package_discovery:discover_packages(colcon_meta) discover
[0.673s] Level 1:colcon.colcon_core.package_discovery:discover_packages(recursive) discover
[0.673s] INFO:colcon.colcon_core.package_discovery:Crawling recursively for packages in '/home/alejandra/ros2_ws'
[0.673s] Level 1:colcon.colcon_core.package_identification:_identify(.) by extensions ['ignore', 'ignore_ament_install']
[0.674s] Level 1:colcon.colcon_core.package_identification:_identify(.) by extension 'ignore'
[0.674s] Level 1:colcon.colcon_core.package_identification:_identify(.) by extension 'ignore_ament_install'
[0.674s] Level 1:colcon.colcon_core.package_identification:_identify(.) by extensions ['colcon_pkg']
[0.674s] Level 1:colcon.colcon_core.package_identification:_identify(.) by extension 'colcon_pkg'
[0.674s] Level 1:colcon.colcon_core.package_identification:_identify(.) by extensions ['colcon_meta']
[0.674s] Level 1:colcon.colcon_core.package_identification:_identify(.) by extension 'colcon_meta'
[0.674s] Level 1:colcon.colcon_core.package_identification:_identify(.) by extensions ['ros']
[0.674s] Level 1:colcon.colcon_core.package_identification:_identify(.) by extension 'ros'
[0.759s] Level 1:colcon.colcon_core.package_identification:_identify(.) by extensions ['cmake', 'python']
[0.759s] Level 1:colcon.colcon_core.package_identification:_identify(.) by extension 'cmake'
[0.759s] Level 1:colcon.colcon_core.package_identification:_identify(.) by extension 'python'
[0.759s] Level 1:colcon.colcon_core.package_identification:_identify(.) by extensions ['python_setup_py']
[0.759s] Level 1:colcon.colcon_core.package_identification:_identify(.) by extension 'python_setup_py'
[0.760s] Level 1:colcon.colcon_core.package_identification:_identify(build) by extensions ['ignore', 'ignore_ament_install']
[0.760s] Level 1:colcon.colcon_core.package_identification:_identify(build) by extension 'ignore'
[0.760s] Level 1:colcon.colcon_core.package_identification:_identify(build) ignored
[0.760s] Level 1:colcon.colcon_core.package_identification:_identify(install) by extensions ['ignore', 'ignore_ament_install']
[0.761s] Level 1:colcon.colcon_core.package_identification:_identify(install) by extension 'ignore'
[0.761s] Level 1:colcon.colcon_core.package_identification:_identify(install) ignored
[0.761s] Level 1:colcon.colcon_core.package_identification:_identify(log) by extensions ['ignore', 'ignore_ament_install']
[0.761s] Level 1:colcon.colcon_core.package_identification:_identify(log) by extension 'ignore'
[0.761s] Level 1:colcon.colcon_core.package_identification:_identify(log) ignored
[0.761s] Level 1:colcon.colcon_core.package_identification:_identify(src) by extensions ['ignore', 'ignore_ament_install']
[0.762s] Level 1:colcon.colcon_core.package_identification:_identify(src) by extension 'ignore'
[0.762s] Level 1:colcon.colcon_core.package_identification:_identify(src) by extension 'ignore_ament_install'
[0.762s] Level 1:colcon.colcon_core.package_identification:_identify(src) by extensions ['colcon_pkg']
[0.762s] Level 1:colcon.colcon_core.package_identification:_identify(src) by extension 'colcon_pkg'
[0.762s] Level 1:colcon.colcon_core.package_identification:_identify(src) by extensions ['colcon_meta']
[0.762s] Level 1:colcon.colcon_core.package_identification:_identify(src) by extension 'colcon_meta'
[0.763s] Level 1:colcon.colcon_core.package_identification:_identify(src) by extensions ['ros']
[0.763s] Level 1:colcon.colcon_core.package_identification:_identify(src) by extension 'ros'
[0.763s] Level 1:colcon.colcon_core.package_identification:_identify(src) by extensions ['cmake', 'python']
[0.763s] Level 1:colcon.colcon_core.package_identification:_identify(src) by extension 'cmake'
[0.763s] Level 1:colcon.colcon_core.package_identification:_identify(src) by extension 'python'
[0.764s] Level 1:colcon.colcon_core.package_identification:_identify(src) by extensions ['python_setup_py']
[0.764s] Level 1:colcon.colcon_core.package_identification:_identify(src) by extension 'python_setup_py'
[0.764s] Level 1:colcon.colcon_core.package_identification:_identify(src/dif_bot_description) by extensions ['ignore', 'ignore_ament_install']
[0.764s] Level 1:colcon.colcon_core.package_identification:_identify(src/dif_bot_description) by extension 'ignore'
[0.764s] Level 1:colcon.colcon_core.package_identification:_identify(src/dif_bot_description) by extension 'ignore_ament_install'
[0.765s] Level 1:colcon.colcon_core.package_identification:_identify(src/dif_bot_description) by extensions ['colcon_pkg']
[0.765s] Level 1:colcon.colcon_core.package_identification:_identify(src/dif_bot_description) by extension 'colcon_pkg'
[0.765s] Level 1:colcon.colcon_core.package_identification:_identify(src/dif_bot_description) by extensions ['colcon_meta']
[0.765s] Level 1:colcon.colcon_core.package_identification:_identify(src/dif_bot_description) by extension 'colcon_meta'
[0.765s] Level 1:colcon.colcon_core.package_identification:_identify(src/dif_bot_description) by extensions ['ros']
[0.765s] Level 1:colcon.colcon_core.package_identification:_identify(src/dif_bot_description) by extension 'ros'
[0.775s] DEBUG:colcon.colcon_core.package_identification:Package 'src/dif_bot_description' with type 'ros.ament_cmake' and name 'dif_bot_description'
[0.775s] Level 1:colcon.colcon_core.package_identification:_identify(src/mi_primer_paquete) by extensions ['ignore', 'ignore_ament_install']
[0.775s] Level 1:colcon.colcon_core.package_identification:_identify(src/mi_primer_paquete) by extension 'ignore'
[0.776s] Level 1:colcon.colcon_core.package_identification:_identify(src/mi_primer_paquete) by extension 'ignore_ament_install'
[0.776s] Level 1:colcon.colcon_core.package_identification:_identify(src/mi_primer_paquete) by extensions ['colcon_pkg']
[0.776s] Level 1:colcon.colcon_core.package_identification:_identify(src/mi_primer_paquete) by extension 'colcon_pkg'
[0.776s] Level 1:colcon.colcon_core.package_identification:_identify(src/mi_primer_paquete) by extensions ['colcon_meta']
[0.776s] Level 1:colcon.colcon_core.package_identification:_identify(src/mi_primer_paquete) by extension 'colcon_meta'
[0.777s] Level 1:colcon.colcon_core.package_identification:_identify(src/mi_primer_paquete) by extensions ['ros']
[0.777s] Level 1:colcon.colcon_core.package_identification:_identify(src/mi_primer_paquete) by extension 'ros'
[0.779s] DEBUG:colcon.colcon_core.package_identification:Package 'src/mi_primer_paquete' with type 'ros.ament_python' and name 'mi_primer_paquete'
[0.779s] Level 1:colcon.colcon_core.package_identification:_identify(src/my_robot_launch) by extensions ['ignore', 'ignore_ament_install']
[0.779s] Level 1:colcon.colcon_core.package_identification:_identify(src/my_robot_launch) by extension 'ignore'
[0.779s] Level 1:colcon.colcon_core.package_identification:_identify(src/my_robot_launch) by extension 'ignore_ament_install'
[0.780s] Level 1:colcon.colcon_core.package_identification:_identify(src/my_robot_launch) by extensions ['colcon_pkg']
[0.780s] Level 1:colcon.colcon_core.package_identification:_identify(src/my_robot_launch) by extension 'colcon_pkg'
[0.780s] Level 1:colcon.colcon_core.package_identification:_identify(src/my_robot_launch) by extensions ['colcon_meta']
[0.780s] Level 1:colcon.colcon_core.package_identification:_identify(src/my_robot_launch) by extension 'colcon_meta'
[0.780s] Level 1:colcon.colcon_core.package_identification:_identify(src/my_robot_launch) by extensions ['ros']
[0.780s] Level 1:colcon.colcon_core.package_identification:_identify(src/my_robot_launch) by extension 'ros'
[0.782s] DEBUG:colcon.colcon_core.package_identification:Package 'src/my_robot_launch' with type 'ros.ament_python' and name 'my_robot_launch'
[0.782s] Level 1:colcon.colcon_core.package_identification:_identify(src/py_action) by extensions ['ignore', 'ignore_ament_install']
[0.782s] Level 1:colcon.colcon_core.package_identification:_identify(src/py_action) by extension 'ignore'
[0.782s] Level 1:colcon.colcon_core.package_identification:_identify(src/py_action) by extension 'ignore_ament_install'
[0.783s] Level 1:colcon.colcon_core.package_identification:_identify(src/py_action) by extensions ['colcon_pkg']
[0.783s] Level 1:colcon.colcon_core.package_identification:_identify(src/py_action) by extension 'colcon_pkg'
[0.783s] Level 1:colcon.colcon_core.package_identification:_identify(src/py_action) by extensions ['colcon_meta']
[0.783s] Level 1:colcon.colcon_core.package_identification:_identify(src/py_action) by extension 'colcon_meta'
[0.783s] Level 1:colcon.colcon_core.package_identification:_identify(src/py_action) by extensions ['ros']
[0.783s] Level 1:colcon.colcon_core.package_identification:_identify(src/py_action) by extension 'ros'
[0.785s] DEBUG:colcon.colcon_core.package_identification:Package 'src/py_action' with type 'ros.ament_python' and name 'py_action'
[0.786s] Level 1:colcon.colcon_core.package_identification:_identify(src/py_srvcli) by extensions ['ignore', 'ignore_ament_install']
[0.786s] Level 1:colcon.colcon_core.package_identification:_identify(src/py_srvcli) by extension 'ignore'
[0.786s] Level 1:colcon.colcon_core.package_identification:_identify(src/py_srvcli) by extension 'ignore_ament_install'
[0.786s] Level 1:colcon.colcon_core.package_identification:_identify(src/py_srvcli) by extensions ['colcon_pkg']
[0.786s] Level 1:colcon.colcon_core.package_identification:_identify(src/py_srvcli) by extension 'colcon_pkg'
[0.786s] Level 1:colcon.colcon_core.package_identification:_identify(src/py_srvcli) by extensions ['colcon_meta']
[0.786s] Level 1:colcon.colcon_core.package_identification:_identify(src/py_srvcli) by extension 'colcon_meta'
[0.786s] Level 1:colcon.colcon_core.package_identification:_identify(src/py_srvcli) by extensions ['ros']
[0.787s] Level 1:colcon.colcon_core.package_identification:_identify(src/py_srvcli) by extension 'ros'
[0.789s] DEBUG:colcon.colcon_core.package_identification:Package 'src/py_srvcli' with type 'ros.ament_python' and name 'py_srvcli'
[0.789s] Level 1:colcon.colcon_core.package_identification:_identify(src/turtlesim_control) by extensions ['ignore', 'ignore_ament_install']
[0.790s] Level 1:colcon.colcon_core.package_identification:_identify(src/turtlesim_control) by extension 'ignore'
[0.790s] Level 1:colcon.colcon_core.package_identification:_identify(src/turtlesim_control) by extension 'ignore_ament_install'
[0.790s] Level 1:colcon.colcon_core.package_identification:_identify(src/turtlesim_control) by extensions ['colcon_pkg']
[0.790s] Level 1:colcon.colcon_core.package_identification:_identify(src/turtlesim_control) by extension 'colcon_pkg'
[0.790s] Level 1:colcon.colcon_core.package_identification:_identify(src/turtlesim_control) by extensions ['colcon_meta']
[0.790s] Level 1:colcon.colcon_core.package_identification:_identify(src/turtlesim_control) by extension 'colcon_meta'
[0.790s] Level 1:colcon.colcon_core.package_identification:_identify(src/turtlesim_control) by extensions ['ros']
[0.790s] Level 1:colcon.colcon_core.package_identification:_identify(src/turtlesim_control) by extension 'ros'
[0.794s] DEBUG:colcon.colcon_core.package_identification:Package 'src/turtlesim_control' with type 'ros.ament_python' and name 'turtlesim_control'
[0.795s] Level 1:colcon.colcon_core.package_identification:_identify(src/turtlesim_control_pkg) by extensions ['ignore', 'ignore_ament_install']
[0.795s] Level 1:colcon.colcon_core.package_identification:_identify(src/turtlesim_control_pkg) by extension 'ignore'
[0.795s] Level 1:colcon.colcon_core.package_identification:_identify(src/turtlesim_control_pkg) by extension 'ignore_ament_install'
[0.795s] Level 1:colcon.colcon_core.package_identification:_identify(src/turtlesim_control_pkg) by extensions ['colcon_pkg']
[0.795s] Level 1:colcon.colcon_core.package_identification:_identify(src/turtlesim_control_pkg) by extension 'colcon_pkg'
[0.795s] Level 1:colcon.colcon_core.package_identification:_identify(src/turtlesim_control_pkg) by extensions ['colcon_meta']
[0.795s] Level 1:colcon.colcon_core.package_identification:_identify(src/turtlesim_control_pkg) by extension 'colcon_meta'
[0.796s] Level 1:colcon.colcon_core.package_identification:_identify(src/turtlesim_control_pkg) by extensions ['ros']
[0.796s] Level 1:colcon.colcon_core.package_identification:_identify(src/turtlesim_control_pkg) by extension 'ros'
[0.800s] DEBUG:colcon.colcon_core.package_identification:Package 'src/turtlesim_control_pkg' with type 'ros.ament_python' and name 'turtlesim_control_pkg'
[0.800s] Level 1:colcon.colcon_core.package_identification:_identify(src/tutorial_interfaces) by extensions ['ignore', 'ignore_ament_install']
[0.800s] Level 1:colcon.colcon_core.package_identification:_identify(src/tutorial_interfaces) by extension 'ignore'
[0.800s] Level 1:colcon.colcon_core.package_identification:_identify(src/tutorial_interfaces) by extension 'ignore_ament_install'
[0.801s] Level 1:colcon.colcon_core.package_identification:_identify(src/tutorial_interfaces) by extensions ['colcon_pkg']
[0.801s] Level 1:colcon.colcon_core.package_identification:_identify(src/tutorial_interfaces) by extension 'colcon_pkg'
[0.801s] Level 1:colcon.colcon_core.package_identification:_identify(src/tutorial_interfaces) by extensions ['colcon_meta']
[0.801s] Level 1:colcon.colcon_core.package_identification:_identify(src/tutorial_interfaces) by extension 'colcon_meta'
[0.801s] Level 1:colcon.colcon_core.package_identification:_identify(src/tutorial_interfaces) by extensions ['ros']
[0.801s] Level 1:colcon.colcon_core.package_identification:_identify(src/tutorial_interfaces) by extension 'ros'
[0.803s] DEBUG:colcon.colcon_core.package_identification:Package 'src/tutorial_interfaces' with type 'ros.ament_cmake' and name 'tutorial_interfaces'
[0.803s] Level 1:colcon.colcon_core.package_discovery:discover_packages(recursive) using defaults
[0.803s] Level 1:colcon.colcon_core.package_discovery:discover_packages(ignore) discover
[0.804s] Level 1:colcon.colcon_core.package_discovery:discover_packages(ignore) using defaults
[0.804s] Level 1:colcon.colcon_core.package_discovery:discover_packages(path) discover
[0.804s] Level 1:colcon.colcon_core.package_discovery:discover_packages(path) using defaults
[0.873s] INFO:colcon.colcon_core.package_selection:Skipping not selected package 'mi_primer_paquete' in 'src/mi_primer_paquete'
[0.873s] INFO:colcon.colcon_core.package_selection:Skipping not selected package 'my_robot_launch' in 'src/my_robot_launch'
[0.873s] INFO:colcon.colcon_core.package_selection:Skipping not selected package 'turtlesim_control_pkg' in 'src/turtlesim_control_pkg'
[0.873s] INFO:colcon.colcon_core.package_selection:Skipping not selected package 'tutorial_interfaces' in 'src/tutorial_interfaces'
[0.873s] INFO:colcon.colcon_core.package_selection:Skipping not selected package 'py_action' in 'src/py_action'
[0.873s] INFO:colcon.colcon_core.package_selection:Skipping not selected package 'py_srvcli' in 'src/py_srvcli'
[0.874s] INFO:colcon.colcon_core.package_selection:Skipping not selected package 'turtlesim_control' in 'src/turtlesim_control'
[0.875s] Level 1:colcon.colcon_core.package_discovery:discover_packages(prefix_path) check parameters
[0.876s] Level 1:colcon.colcon_core.package_discovery:discover_packages(prefix_path) discover
[0.885s] DEBUG:colcon.colcon_installed_package_information.package_discovery:Found 7 installed packages in /home/alejandra/ros2_ws/install
[0.889s] DEBUG:colcon.colcon_installed_package_information.package_discovery:Found 322 installed packages in /opt/ros/jazzy
[0.893s] Level 1:colcon.colcon_core.package_discovery:discover_packages(prefix_path) using defaults
[1.056s] Level 5:colcon.colcon_core.verb:set package 'dif_bot_description' build argument 'cmake_args' from command line to 'None'
[1.056s] Level 5:colcon.colcon_core.verb:set package 'dif_bot_description' build argument 'cmake_target' from command line to 'None'
[1.056s] Level 5:colcon.colcon_core.verb:set package 'dif_bot_description' build argument 'cmake_target_skip_unavailable' from command line to 'False'
[1.056s] Level 5:colcon.colcon_core.verb:set package 'dif_bot_description' build argument 'cmake_clean_cache' from command line to 'False'
[1.056s] Level 5:colcon.colcon_core.verb:set package 'dif_bot_description' build argument 'cmake_clean_first' from command line to 'False'
[1.056s] Level 5:colcon.colcon_core.verb:set package 'dif_bot_description' build argument 'cmake_force_configure' from command line to 'False'
[1.056s] Level 5:colcon.colcon_core.verb:set package 'dif_bot_description' build argument 'ament_cmake_args' from command line to 'None'
[1.056s] Level 5:colcon.colcon_core.verb:set package 'dif_bot_description' build argument 'catkin_cmake_args' from command line to 'None'
[1.056s] Level 5:colcon.colcon_core.verb:set package 'dif_bot_description' build argument 'catkin_skip_building_tests' from command line to 'False'
[1.056s] DEBUG:colcon.colcon_core.verb:Building package 'dif_bot_description' with the following arguments: {'ament_cmake_args': None, 'build_base': '/home/alejandra/ros2_ws/build/dif_bot_description', 'catkin_cmake_args': None, 'catkin_skip_building_tests': False, 'cmake_args': None, 'cmake_clean_cache': False, 'cmake_clean_first': False, 'cmake_force_configure': False, 'cmake_target': None, 'cmake_target_skip_unavailable': False, 'install_base': '/home/alejandra/ros2_ws/install/dif_bot_description', 'merge_install': False, 'path': '/home/alejandra/ros2_ws/src/dif_bot_description', 'symlink_install': True, 'test_result_base': None}
[1.056s] INFO:colcon.colcon_core.executor:Executing jobs using 'parallel' executor
[1.057s] DEBUG:colcon.colcon_parallel_executor.executor.parallel:run_until_complete
[1.057s] INFO:colcon.colcon_ros.task.ament_cmake.build:Building ROS package in '/home/alejandra/ros2_ws/src/dif_bot_description' with build type 'ament_cmake'
[1.057s] INFO:colcon.colcon_cmake.task.cmake.build:Building CMake package in '/home/alejandra/ros2_ws/src/dif_bot_description'
[1.065s] INFO:colcon.colcon_core.plugin_system:Skipping extension 'colcon_core.shell.bat': Not used on non-Windows systems
[1.066s] INFO:colcon.colcon_core.shell:Skip shell extension 'powershell' for command environment: Not usable outside of PowerShell
[1.066s] DEBUG:colcon.colcon_core.shell:Skip shell extension 'dsv' for command environment
[1.080s] DEBUG:colcon.colcon_core.event_handler.log_command:Invoking command in '/home/alejandra/ros2_ws/build/dif_bot_description': CMAKE_PREFIX_PATH=${CMAKE_PREFIX_PATH}:/home/alejandra/ros2_ws/install/turtlesim_control_pkg:/home/alejandra/ros2_ws/install/turtlesim_control:/home/alejandra/ros2_ws/install/py_srvcli:/home/alejandra/ros2_ws/install/py_action:/home/alejandra/ros2_ws/install/my_robot_launch:/home/alejandra/ros2_ws/install/mi_primer_paquete:/opt/ros/jazzy DEBUGINFOD_URLS=https://debuginfod.ubuntu.com /usr/bin/cmake --build /home/alejandra/ros2_ws/build/dif_bot_description -- -j12 -l12
[3.863s] DEBUG:colcon.colcon_core.event_handler.log_command:Invoked command in '/home/alejandra/ros2_ws/build/dif_bot_description' returned '0': CMAKE_PREFIX_PATH=${CMAKE_PREFIX_PATH}:/home/alejandra/ros2_ws/install/turtlesim_control_pkg:/home/alejandra/ros2_ws/install/turtlesim_control:/home/alejandra/ros2_ws/install/py_srvcli:/home/alejandra/ros2_ws/install/py_action:/home/alejandra/ros2_ws/install/my_robot_launch:/home/alejandra/ros2_ws/install/mi_primer_paquete:/opt/ros/jazzy DEBUGINFOD_URLS=https://debuginfod.ubuntu.com /usr/bin/cmake --build /home/alejandra/ros2_ws/build/dif_bot_description -- -j12 -l12
[3.871s] DEBUG:colcon.colcon_core.event_handler.log_command:Invoking command in '/home/alejandra/ros2_ws/build/dif_bot_description': CMAKE_PREFIX_PATH=${CMAKE_PREFIX_PATH}:/home/alejandra/ros2_ws/install/turtlesim_control_pkg:/home/alejandra/ros2_ws/install/turtlesim_control:/home/alejandra/ros2_ws/install/py_srvcli:/home/alejandra/ros2_ws/install/py_action:/home/alejandra/ros2_ws/install/my_robot_launch:/home/alejandra/ros2_ws/install/mi_primer_paquete:/opt/ros/jazzy DEBUGINFOD_URLS=https://debuginfod.ubuntu.com /usr/bin/cmake --install /home/alejandra/ros2_ws/build/dif_bot_description
[3.905s] Level 1:colcon.colcon_core.environment:create_environment_scripts_only(dif_bot_description)
[3.906s] DEBUG:colcon.colcon_core.event_handler.log_command:Invoked command in '/home/alejandra/ros2_ws/build/dif_bot_description' returned '0': CMAKE_PREFIX_PATH=${CMAKE_PREFIX_PATH}:/home/alejandra/ros2_ws/install/turtlesim_control_pkg:/home/alejandra/ros2_ws/install/turtlesim_control:/home/alejandra/ros2_ws/install/py_srvcli:/home/alejandra/ros2_ws/install/py_action:/home/alejandra/ros2_ws/install/my_robot_launch:/home/alejandra/ros2_ws/install/mi_primer_paquete:/opt/ros/jazzy DEBUGINFOD_URLS=https://debuginfod.ubuntu.com /usr/bin/cmake --install /home/alejandra/ros2_ws/build/dif_bot_description
[3.916s] Level 1:colcon.colcon_core.environment:checking '/home/alejandra/ros2_ws/install/dif_bot_description' for CMake module files
[3.917s] Level 1:colcon.colcon_core.environment:checking '/home/alejandra/ros2_ws/install/dif_bot_description' for CMake config files
[3.917s] Level 1:colcon.colcon_core.shell:create_environment_hook('dif_bot_description', 'cmake_prefix_path')
[3.918s] INFO:colcon.colcon_core.shell:Creating environment hook '/home/alejandra/ros2_ws/install/dif_bot_description/share/dif_bot_description/hook/cmake_prefix_path.ps1'
[3.919s] INFO:colcon.colcon_core.shell:Creating environment descriptor '/home/alejandra/ros2_ws/install/dif_bot_description/share/dif_bot_description/hook/cmake_prefix_path.dsv'
[3.920s] INFO:colcon.colcon_core.shell:Creating environment hook '/home/alejandra/ros2_ws/install/dif_bot_description/share/dif_bot_description/hook/cmake_prefix_path.sh'
[3.921s] Level 1:colcon.colcon_core.environment:checking '/home/alejandra/ros2_ws/install/dif_bot_description/bin'
[3.922s] Level 1:colcon.colcon_core.environment:checking '/home/alejandra/ros2_ws/install/dif_bot_description/lib/pkgconfig/dif_bot_description.pc'
[3.922s] Level 1:colcon.colcon_core.environment:checking '/home/alejandra/ros2_ws/install/dif_bot_description/lib/python3.12/site-packages'
[3.922s] Level 1:colcon.colcon_core.environment:checking '/home/alejandra/ros2_ws/install/dif_bot_description/bin'
[3.923s] INFO:colcon.colcon_core.shell:Creating package script '/home/alejandra/ros2_ws/install/dif_bot_description/share/dif_bot_description/package.ps1'
[3.925s] INFO:colcon.colcon_core.shell:Creating package descriptor '/home/alejandra/ros2_ws/install/dif_bot_description/share/dif_bot_description/package.dsv'
[3.926s] INFO:colcon.colcon_core.shell:Creating package script '/home/alejandra/ros2_ws/install/dif_bot_description/share/dif_bot_description/package.sh'
[3.927s] INFO:colcon.colcon_core.shell:Creating package script '/home/alejandra/ros2_ws/install/dif_bot_description/share/dif_bot_description/package.bash'
[3.929s] INFO:colcon.colcon_core.shell:Creating package script '/home/alejandra/ros2_ws/install/dif_bot_description/share/dif_bot_description/package.zsh'
[3.930s] Level 1:colcon.colcon_core.environment:create_file_with_runtime_dependencies(/home/alejandra/ros2_ws/install/dif_bot_description/share/colcon-core/packages/dif_bot_description)
[3.930s] Level 1:colcon.colcon_core.environment:create_environment_scripts_only(dif_bot_description)
[3.931s] Level 1:colcon.colcon_core.environment:checking '/home/alejandra/ros2_ws/install/dif_bot_description' for CMake module files
[3.931s] Level 1:colcon.colcon_core.environment:checking '/home/alejandra/ros2_ws/install/dif_bot_description' for CMake config files
[3.932s] Level 1:colcon.colcon_core.shell:create_environment_hook('dif_bot_description', 'cmake_prefix_path')
[3.932s] INFO:colcon.colcon_core.shell:Creating environment hook '/home/alejandra/ros2_ws/install/dif_bot_description/share/dif_bot_description/hook/cmake_prefix_path.ps1'
[3.933s] INFO:colcon.colcon_core.shell:Creating environment descriptor '/home/alejandra/ros2_ws/install/dif_bot_description/share/dif_bot_description/hook/cmake_prefix_path.dsv'
[3.933s] INFO:colcon.colcon_core.shell:Creating environment hook '/home/alejandra/ros2_ws/install/dif_bot_description/share/dif_bot_description/hook/cmake_prefix_path.sh'
[3.934s] Level 1:colcon.colcon_core.environment:checking '/home/alejandra/ros2_ws/install/dif_bot_description/bin'
[3.935s] Level 1:colcon.colcon_core.environment:checking '/home/alejandra/ros2_ws/install/dif_bot_description/lib/pkgconfig/dif_bot_description.pc'
[3.935s] Level 1:colcon.colcon_core.environment:checking '/home/alejandra/ros2_ws/install/dif_bot_description/lib/python3.12/site-packages'
[3.936s] Level 1:colcon.colcon_core.environment:checking '/home/alejandra/ros2_ws/install/dif_bot_description/bin'
[3.936s] INFO:colcon.colcon_core.shell:Creating package script '/home/alejandra/ros2_ws/install/dif_bot_description/share/dif_bot_description/package.ps1'
[3.937s] INFO:colcon.colcon_core.shell:Creating package descriptor '/home/alejandra/ros2_ws/install/dif_bot_description/share/dif_bot_description/package.dsv'
[3.938s] INFO:colcon.colcon_core.shell:Creating package script '/home/alejandra/ros2_ws/install/dif_bot_description/share/dif_bot_description/package.sh'
[3.938s] INFO:colcon.colcon_core.shell:Creating package script '/home/alejandra/ros2_ws/install/dif_bot_description/share/dif_bot_description/package.bash'
[3.939s] INFO:colcon.colcon_core.shell:Creating package script '/home/alejandra/ros2_ws/install/dif_bot_description/share/dif_bot_description/package.zsh'
[3.939s] Level 1:colcon.colcon_core.environment:create_file_with_runtime_dependencies(/home/alejandra/ros2_ws/install/dif_bot_description/share/colcon-core/packages/dif_bot_description)
[3.940s] DEBUG:colcon.colcon_parallel_executor.executor.parallel:closing loop
[3.942s] DEBUG:colcon.colcon_parallel_executor.executor.parallel:loop closed
[3.943s] DEBUG:colcon.colcon_parallel_executor.executor.parallel:run_until_complete finished with '0'
[3.944s] DEBUG:colcon.colcon_core.event_reactor:joining thread
[4.083s] INFO:colcon.colcon_core.plugin_system:Skipping extension 'colcon_notification.desktop_notification.notify_send': Could not find 'notify-send'
[4.083s] INFO:colcon.colcon_core.plugin_system:Skipping extension 'colcon_notification.desktop_notification.terminal_notifier': Not used on non-Darwin systems
[4.084s] INFO:colcon.colcon_core.plugin_system:Skipping extension 'colcon_notification.desktop_notification.win32': Not used on non-Windows systems
[4.084s] INFO:colcon.colcon_notification.desktop_notification:Sending desktop notification using 'notify2'
[4.088s] DEBUG:colcon.colcon_notification.desktop_notification.notify2:Failed to initialize notify2: org.freedesktop.DBus.Error.ServiceUnknown: The name org.freedesktop.Notifications was not provided by any .service files
[4.089s] DEBUG:colcon.colcon_core.event_reactor:joined thread
[4.089s] INFO:colcon.colcon_core.shell:Creating prefix script '/home/alejandra/ros2_ws/install/local_setup.ps1'
[4.091s] INFO:colcon.colcon_core.shell:Creating prefix util module '/home/alejandra/ros2_ws/install/_local_setup_util_ps1.py'
[4.095s] INFO:colcon.colcon_core.shell:Creating prefix chain script '/home/alejandra/ros2_ws/install/setup.ps1'
[4.098s] INFO:colcon.colcon_core.shell:Creating prefix script '/home/alejandra/ros2_ws/install/local_setup.sh'
[4.100s] INFO:colcon.colcon_core.shell:Creating prefix util module '/home/alejandra/ros2_ws/install/_local_setup_util_sh.py'
[4.101s] INFO:colcon.colcon_core.shell:Creating prefix chain script '/home/alejandra/ros2_ws/install/setup.sh'
[4.104s] INFO:colcon.colcon_core.shell:Creating prefix script '/home/alejandra/ros2_ws/install/local_setup.bash'
[4.106s] INFO:colcon.colcon_core.shell:Creating prefix chain script '/home/alejandra/ros2_ws/install/setup.bash'
[4.110s] INFO:colcon.colcon_core.shell:Creating prefix script '/home/alejandra/ros2_ws/install/local_setup.zsh'
[4.112s] INFO:colcon.colcon_core.shell:Creating prefix chain script '/home/alejandra/ros2_ws/install/setup.zsh'
