[1.200s] Invoking command in '/home/alejandra/ros2_ws/src/my_robot_launch': DEBUGINFOD_URLS=https://debuginfod.ubuntu.com PYTHONPATH=/home/alejandra/ros2_ws/build/my_robot_launch/prefix_override:/usr/lib/python3/dist-packages/colcon_core/task/python/colcon_distutils_commands:/home/alejandra/ros2_ws/install/my_robot_launch/lib/python3.12/site-packages:${PYTHONPATH} /usr/bin/python3 -W ignore:setup.py install is deprecated -W ignore:easy_install command is deprecated setup.py egg_info --egg-base ../../build/my_robot_launch build --build-base /home/alejandra/ros2_ws/build/my_robot_launch/build install --record /home/alejandra/ros2_ws/build/my_robot_launch/install.log --install-scripts $base/lib/my_robot_launch --single-version-externally-managed install_data
[1.568s] running egg_info
[1.598s] writing ../../build/my_robot_launch/my_robot_launch.egg-info/PKG-INFO
[1.598s] writing dependency_links to ../../build/my_robot_launch/my_robot_launch.egg-info/dependency_links.txt
[1.599s] writing requirements to ../../build/my_robot_launch/my_robot_launch.egg-info/requires.txt
[1.599s] writing top-level names to ../../build/my_robot_launch/my_robot_launch.egg-info/top_level.txt
[1.654s] reading manifest file '../../build/my_robot_launch/my_robot_launch.egg-info/SOURCES.txt'
[1.655s] writing manifest file '../../build/my_robot_launch/my_robot_launch.egg-info/SOURCES.txt'
[1.655s] running build
[1.655s] running build_py
[1.656s] running install
[1.665s] running install_lib
[1.691s] running install_data
[1.691s] copying launch/subs_events.launch.py -> /home/alejandra/ros2_ws/install/my_robot_launch/share/my_robot_launch/launch
[1.692s] copying launch/main.launch.py -> /home/alejandra/ros2_ws/install/my_robot_launch/share/my_robot_launch/launch
[1.693s] running install_egg_info
[1.716s] removing '/home/alejandra/ros2_ws/install/my_robot_launch/lib/python3.12/site-packages/my_robot_launch-0.0.0-py3.12.egg-info' (and everything under it)
[1.717s] Copying ../../build/my_robot_launch/my_robot_launch.egg-info to /home/alejandra/ros2_ws/install/my_robot_launch/lib/python3.12/site-packages/my_robot_launch-0.0.0-py3.12.egg-info
[1.719s] running install_scripts
[1.915s] writing list of installed files to '/home/alejandra/ros2_ws/build/my_robot_launch/install.log'
[1.990s] Invoked command in '/home/alejandra/ros2_ws/src/my_robot_launch' returned '0': DEBUGINFOD_URLS=https://debuginfod.ubuntu.com PYTHONPATH=/home/alejandra/ros2_ws/build/my_robot_launch/prefix_override:/usr/lib/python3/dist-packages/colcon_core/task/python/colcon_distutils_commands:/home/alejandra/ros2_ws/install/my_robot_launch/lib/python3.12/site-packages:${PYTHONPATH} /usr/bin/python3 -W ignore:setup.py install is deprecated -W ignore:easy_install command is deprecated setup.py egg_info --egg-base ../../build/my_robot_launch build --build-base /home/alejandra/ros2_ws/build/my_robot_launch/build install --record /home/alejandra/ros2_ws/build/my_robot_launch/install.log --install-scripts $base/lib/my_robot_launch --single-version-externally-managed install_data
