[0.049s] Invoking command in '/home/alejandra/ros2_ws/build/tutorial_interfaces': CMAKE_PREFIX_PATH=${CMAKE_PREFIX_PATH}:/opt/ros/jazzy DEBUGINFOD_URLS=https://debuginfod.ubuntu.com /usr/bin/cmake --build /home/alejandra/ros2_ws/build/tutorial_interfaces -- -j12 -l12
[0.602s] [  1%] Built target tutorial_interfaces__rs
[0.604s] [  3%] Built target tutorial_interfaces__rosidl_generator_type_description
[0.604s] [  3%] Built target ament_cmake_python_copy_tutorial_interfaces
[0.605s] [  5%] Built target tutorial_interfaces__cpp
[0.605s] [ 25%] Built target tutorial_interfaces__rosidl_generator_c
[0.605s] [ 34%] Built target tutorial_interfaces__rosidl_typesupport_c
[0.605s] [ 43%] Built target tutorial_interfaces__rosidl_typesupport_fastrtps_cpp
[0.605s] [ 52%] Built target tutorial_interfaces__rosidl_typesupport_introspection_cpp
[0.605s] [ 63%] Built target tutorial_interfaces__rosidl_typesupport_fastrtps_c
[0.606s] [ 70%] Built target tutorial_interfaces__rosidl_typesupport_introspection_c
[0.606s] [ 80%] Built target tutorial_interfaces__rosidl_typesupport_cpp
[0.606s] [ 80%] Built target tutorial_interfaces
[0.606s] [ 81%] Built target tutorial_interfaces__py
[0.606s] [ 89%] Built target tutorial_interfaces__rosidl_generator_py
[0.606s] [ 92%] Built target tutorial_interfaces_s__rosidl_typesupport_introspection_c
[0.606s] [ 96%] Built target tutorial_interfaces_s__rosidl_typesupport_c
[0.606s] [100%] Built target tutorial_interfaces_s__rosidl_typesupport_fastrtps_c
[0.607s] running egg_info
[0.607s] writing tutorial_interfaces.egg-info/PKG-INFO
[0.607s] writing dependency_links to tutorial_interfaces.egg-info/dependency_links.txt
[0.608s] writing top-level names to tutorial_interfaces.egg-info/top_level.txt
[0.608s] reading manifest file 'tutorial_interfaces.egg-info/SOURCES.txt'
[0.608s] writing manifest file 'tutorial_interfaces.egg-info/SOURCES.txt'
[0.611s] [100%] Built target ament_cmake_python_build_tutorial_interfaces_egg
[0.881s] Invoked command in '/home/alejandra/ros2_ws/build/tutorial_interfaces' returned '0': CMAKE_PREFIX_PATH=${CMAKE_PREFIX_PATH}:/opt/ros/jazzy DEBUGINFOD_URLS=https://debuginfod.ubuntu.com /usr/bin/cmake --build /home/alejandra/ros2_ws/build/tutorial_interfaces -- -j12 -l12
[0.903s] Invoking command in '/home/alejandra/ros2_ws/build/tutorial_interfaces': CMAKE_PREFIX_PATH=${CMAKE_PREFIX_PATH}:/opt/ros/jazzy DEBUGINFOD_URLS=https://debuginfod.ubuntu.com /usr/bin/cmake --install /home/alejandra/ros2_ws/build/tutorial_interfaces
[0.922s] -- Install configuration: ""
[0.922s] -- Up-to-date: /home/alejandra/ros2_ws/install/tutorial_interfaces/share/ament_index/resource_index/rosidl_interfaces/tutorial_interfaces
[0.924s] -- Up-to-date: /home/alejandra/ros2_ws/install/tutorial_interfaces/share/tutorial_interfaces/msg/Num.json
[0.925s] -- Up-to-date: /home/alejandra/ros2_ws/install/tutorial_interfaces/share/tutorial_interfaces/srv/Hypotenuse.json
[0.926s] -- Up-to-date: /home/alejandra/ros2_ws/install/tutorial_interfaces/share/tutorial_interfaces/action/Fibonacci.json
[0.926s] -- Up-to-date: /home/alejandra/ros2_ws/install/tutorial_interfaces/include/tutorial_interfaces/tutorial_interfaces
[0.926s] -- Up-to-date: /home/alejandra/ros2_ws/install/tutorial_interfaces/include/tutorial_interfaces/tutorial_interfaces/action
[0.927s] -- Up-to-date: /home/alejandra/ros2_ws/install/tutorial_interfaces/include/tutorial_interfaces/tutorial_interfaces/action/fibonacci.h
[0.927s] -- Up-to-date: /home/alejandra/ros2_ws/install/tutorial_interfaces/include/tutorial_interfaces/tutorial_interfaces/action/detail
[0.927s] -- Up-to-date: /home/alejandra/ros2_ws/install/tutorial_interfaces/include/tutorial_interfaces/tutorial_interfaces/action/detail/fibonacci__type_support.h
[0.928s] -- Up-to-date: /home/alejandra/ros2_ws/install/tutorial_interfaces/include/tutorial_interfaces/tutorial_interfaces/action/detail/fibonacci__struct.h
[0.929s] -- Up-to-date: /home/alejandra/ros2_ws/install/tutorial_interfaces/include/tutorial_interfaces/tutorial_interfaces/action/detail/fibonacci__description.c
[0.931s] -- Up-to-date: /home/alejandra/ros2_ws/install/tutorial_interfaces/include/tutorial_interfaces/tutorial_interfaces/action/detail/fibonacci__functions.c
[0.931s] -- Up-to-date: /home/alejandra/ros2_ws/install/tutorial_interfaces/include/tutorial_interfaces/tutorial_interfaces/action/detail/fibonacci__type_support.c
[0.931s] -- Up-to-date: /home/alejandra/ros2_ws/install/tutorial_interfaces/include/tutorial_interfaces/tutorial_interfaces/action/detail/fibonacci__functions.h
[0.932s] -- Up-to-date: /home/alejandra/ros2_ws/install/tutorial_interfaces/include/tutorial_interfaces/tutorial_interfaces/srv
[0.932s] -- Up-to-date: /home/alejandra/ros2_ws/install/tutorial_interfaces/include/tutorial_interfaces/tutorial_interfaces/srv/hypotenuse.h
[0.932s] -- Up-to-date: /home/alejandra/ros2_ws/install/tutorial_interfaces/include/tutorial_interfaces/tutorial_interfaces/srv/detail
[0.932s] -- Up-to-date: /home/alejandra/ros2_ws/install/tutorial_interfaces/include/tutorial_interfaces/tutorial_interfaces/srv/detail/hypotenuse__functions.c
[0.933s] -- Up-to-date: /home/alejandra/ros2_ws/install/tutorial_interfaces/include/tutorial_interfaces/tutorial_interfaces/srv/detail/hypotenuse__functions.h
[0.934s] -- Up-to-date: /home/alejandra/ros2_ws/install/tutorial_interfaces/include/tutorial_interfaces/tutorial_interfaces/srv/detail/hypotenuse__description.c
[0.935s] -- Up-to-date: /home/alejandra/ros2_ws/install/tutorial_interfaces/include/tutorial_interfaces/tutorial_interfaces/srv/detail/hypotenuse__type_support.h
[0.935s] -- Up-to-date: /home/alejandra/ros2_ws/install/tutorial_interfaces/include/tutorial_interfaces/tutorial_interfaces/srv/detail/hypotenuse__type_support.c
[0.936s] -- Up-to-date: /home/alejandra/ros2_ws/install/tutorial_interfaces/include/tutorial_interfaces/tutorial_interfaces/srv/detail/hypotenuse__struct.h
[0.936s] -- Up-to-date: /home/alejandra/ros2_ws/install/tutorial_interfaces/include/tutorial_interfaces/tutorial_interfaces/msg
[0.936s] -- Up-to-date: /home/alejandra/ros2_ws/install/tutorial_interfaces/include/tutorial_interfaces/tutorial_interfaces/msg/rosidl_generator_c__visibility_control.h
[0.937s] -- Up-to-date: /home/alejandra/ros2_ws/install/tutorial_interfaces/include/tutorial_interfaces/tutorial_interfaces/msg/detail
[0.937s] -- Up-to-date: /home/alejandra/ros2_ws/install/tutorial_interfaces/include/tutorial_interfaces/tutorial_interfaces/msg/detail/num__description.c
[0.938s] -- Up-to-date: /home/alejandra/ros2_ws/install/tutorial_interfaces/include/tutorial_interfaces/tutorial_interfaces/msg/detail/num__functions.c
[0.939s] -- Up-to-date: /home/alejandra/ros2_ws/install/tutorial_interfaces/include/tutorial_interfaces/tutorial_interfaces/msg/detail/num__type_support.c
[0.939s] -- Up-to-date: /home/alejandra/ros2_ws/install/tutorial_interfaces/include/tutorial_interfaces/tutorial_interfaces/msg/detail/num__functions.h
[0.939s] -- Up-to-date: /home/alejandra/ros2_ws/install/tutorial_interfaces/include/tutorial_interfaces/tutorial_interfaces/msg/detail/num__struct.h
[0.939s] -- Up-to-date: /home/alejandra/ros2_ws/install/tutorial_interfaces/include/tutorial_interfaces/tutorial_interfaces/msg/detail/num__type_support.h
[0.941s] -- Up-to-date: /home/alejandra/ros2_ws/install/tutorial_interfaces/include/tutorial_interfaces/tutorial_interfaces/msg/num.h
[0.941s] -- Up-to-date: /home/alejandra/ros2_ws/install/tutorial_interfaces/share/tutorial_interfaces/environment/library_path.sh
[0.942s] -- Up-to-date: /home/alejandra/ros2_ws/install/tutorial_interfaces/share/tutorial_interfaces/environment/library_path.dsv
[0.942s] -- Up-to-date: /home/alejandra/ros2_ws/install/tutorial_interfaces/lib/libtutorial_interfaces__rosidl_generator_c.so
[0.942s] -- Up-to-date: /home/alejandra/ros2_ws/install/tutorial_interfaces/include/tutorial_interfaces/tutorial_interfaces
[0.942s] -- Up-to-date: /home/alejandra/ros2_ws/install/tutorial_interfaces/include/tutorial_interfaces/tutorial_interfaces/action
[0.942s] -- Up-to-date: /home/alejandra/ros2_ws/install/tutorial_interfaces/include/tutorial_interfaces/tutorial_interfaces/action/detail
[0.942s] -- Up-to-date: /home/alejandra/ros2_ws/install/tutorial_interfaces/include/tutorial_interfaces/tutorial_interfaces/action/detail/fibonacci__rosidl_typesupport_fastrtps_c.h
[0.942s] -- Up-to-date: /home/alejandra/ros2_ws/install/tutorial_interfaces/include/tutorial_interfaces/tutorial_interfaces/srv
[0.942s] -- Up-to-date: /home/alejandra/ros2_ws/install/tutorial_interfaces/include/tutorial_interfaces/tutorial_interfaces/srv/detail
[0.942s] -- Up-to-date: /home/alejandra/ros2_ws/install/tutorial_interfaces/include/tutorial_interfaces/tutorial_interfaces/srv/detail/hypotenuse__rosidl_typesupport_fastrtps_c.h
[0.942s] -- Up-to-date: /home/alejandra/ros2_ws/install/tutorial_interfaces/include/tutorial_interfaces/tutorial_interfaces/msg
[0.942s] -- Up-to-date: /home/alejandra/ros2_ws/install/tutorial_interfaces/include/tutorial_interfaces/tutorial_interfaces/msg/detail
[0.942s] -- Up-to-date: /home/alejandra/ros2_ws/install/tutorial_interfaces/include/tutorial_interfaces/tutorial_interfaces/msg/detail/num__rosidl_typesupport_fastrtps_c.h
[0.943s] -- Up-to-date: /home/alejandra/ros2_ws/install/tutorial_interfaces/include/tutorial_interfaces/tutorial_interfaces/msg/rosidl_typesupport_fastrtps_c__visibility_control.h
[0.943s] -- Up-to-date: /home/alejandra/ros2_ws/install/tutorial_interfaces/lib/libtutorial_interfaces__rosidl_typesupport_fastrtps_c.so
[0.943s] -- Up-to-date: /home/alejandra/ros2_ws/install/tutorial_interfaces/include/tutorial_interfaces/tutorial_interfaces
[0.943s] -- Up-to-date: /home/alejandra/ros2_ws/install/tutorial_interfaces/include/tutorial_interfaces/tutorial_interfaces/action
[0.943s] -- Up-to-date: /home/alejandra/ros2_ws/install/tutorial_interfaces/include/tutorial_interfaces/tutorial_interfaces/action/fibonacci.hpp
[0.943s] -- Up-to-date: /home/alejandra/ros2_ws/install/tutorial_interfaces/include/tutorial_interfaces/tutorial_interfaces/action/detail
[0.943s] -- Up-to-date: /home/alejandra/ros2_ws/install/tutorial_interfaces/include/tutorial_interfaces/tutorial_interfaces/action/detail/fibonacci__type_support.hpp
[0.943s] -- Up-to-date: /home/alejandra/ros2_ws/install/tutorial_interfaces/include/tutorial_interfaces/tutorial_interfaces/action/detail/fibonacci__traits.hpp
[0.943s] -- Up-to-date: /home/alejandra/ros2_ws/install/tutorial_interfaces/include/tutorial_interfaces/tutorial_interfaces/action/detail/fibonacci__builder.hpp
[0.943s] -- Up-to-date: /home/alejandra/ros2_ws/install/tutorial_interfaces/include/tutorial_interfaces/tutorial_interfaces/action/detail/fibonacci__struct.hpp
[0.943s] -- Up-to-date: /home/alejandra/ros2_ws/install/tutorial_interfaces/include/tutorial_interfaces/tutorial_interfaces/srv
[0.943s] -- Up-to-date: /home/alejandra/ros2_ws/install/tutorial_interfaces/include/tutorial_interfaces/tutorial_interfaces/srv/detail
[0.943s] -- Up-to-date: /home/alejandra/ros2_ws/install/tutorial_interfaces/include/tutorial_interfaces/tutorial_interfaces/srv/detail/hypotenuse__struct.hpp
[0.944s] -- Up-to-date: /home/alejandra/ros2_ws/install/tutorial_interfaces/include/tutorial_interfaces/tutorial_interfaces/srv/detail/hypotenuse__builder.hpp
[0.944s] -- Up-to-date: /home/alejandra/ros2_ws/install/tutorial_interfaces/include/tutorial_interfaces/tutorial_interfaces/srv/detail/hypotenuse__traits.hpp
[0.944s] -- Up-to-date: /home/alejandra/ros2_ws/install/tutorial_interfaces/include/tutorial_interfaces/tutorial_interfaces/srv/detail/hypotenuse__type_support.hpp
[0.944s] -- Up-to-date: /home/alejandra/ros2_ws/install/tutorial_interfaces/include/tutorial_interfaces/tutorial_interfaces/srv/hypotenuse.hpp
[0.944s] -- Up-to-date: /home/alejandra/ros2_ws/install/tutorial_interfaces/include/tutorial_interfaces/tutorial_interfaces/msg
[0.944s] -- Up-to-date: /home/alejandra/ros2_ws/install/tutorial_interfaces/include/tutorial_interfaces/tutorial_interfaces/msg/num.hpp
[0.944s] -- Up-to-date: /home/alejandra/ros2_ws/install/tutorial_interfaces/include/tutorial_interfaces/tutorial_interfaces/msg/detail
[0.944s] -- Up-to-date: /home/alejandra/ros2_ws/install/tutorial_interfaces/include/tutorial_interfaces/tutorial_interfaces/msg/detail/num__builder.hpp
[0.944s] -- Up-to-date: /home/alejandra/ros2_ws/install/tutorial_interfaces/include/tutorial_interfaces/tutorial_interfaces/msg/detail/num__traits.hpp
[0.944s] -- Up-to-date: /home/alejandra/ros2_ws/install/tutorial_interfaces/include/tutorial_interfaces/tutorial_interfaces/msg/detail/num__type_support.hpp
[0.944s] -- Up-to-date: /home/alejandra/ros2_ws/install/tutorial_interfaces/include/tutorial_interfaces/tutorial_interfaces/msg/detail/num__struct.hpp
[0.944s] -- Up-to-date: /home/alejandra/ros2_ws/install/tutorial_interfaces/include/tutorial_interfaces/tutorial_interfaces/msg/rosidl_generator_cpp__visibility_control.hpp
[0.944s] -- Up-to-date: /home/alejandra/ros2_ws/install/tutorial_interfaces/include/tutorial_interfaces/tutorial_interfaces
[0.944s] -- Up-to-date: /home/alejandra/ros2_ws/install/tutorial_interfaces/include/tutorial_interfaces/tutorial_interfaces/action
[0.944s] -- Up-to-date: /home/alejandra/ros2_ws/install/tutorial_interfaces/include/tutorial_interfaces/tutorial_interfaces/action/detail
[0.944s] -- Up-to-date: /home/alejandra/ros2_ws/install/tutorial_interfaces/include/tutorial_interfaces/tutorial_interfaces/action/detail/fibonacci__rosidl_typesupport_fastrtps_cpp.hpp
[0.945s] -- Up-to-date: /home/alejandra/ros2_ws/install/tutorial_interfaces/include/tutorial_interfaces/tutorial_interfaces/action/detail/dds_fastrtps
[0.945s] -- Up-to-date: /home/alejandra/ros2_ws/install/tutorial_interfaces/include/tutorial_interfaces/tutorial_interfaces/srv
[0.945s] -- Up-to-date: /home/alejandra/ros2_ws/install/tutorial_interfaces/include/tutorial_interfaces/tutorial_interfaces/srv/detail
[0.945s] -- Up-to-date: /home/alejandra/ros2_ws/install/tutorial_interfaces/include/tutorial_interfaces/tutorial_interfaces/srv/detail/hypotenuse__rosidl_typesupport_fastrtps_cpp.hpp
[0.945s] -- Up-to-date: /home/alejandra/ros2_ws/install/tutorial_interfaces/include/tutorial_interfaces/tutorial_interfaces/srv/detail/dds_fastrtps
[0.945s] -- Up-to-date: /home/alejandra/ros2_ws/install/tutorial_interfaces/include/tutorial_interfaces/tutorial_interfaces/msg
[0.945s] -- Up-to-date: /home/alejandra/ros2_ws/install/tutorial_interfaces/include/tutorial_interfaces/tutorial_interfaces/msg/rosidl_typesupport_fastrtps_cpp__visibility_control.h
[0.945s] -- Up-to-date: /home/alejandra/ros2_ws/install/tutorial_interfaces/include/tutorial_interfaces/tutorial_interfaces/msg/detail
[0.945s] -- Up-to-date: /home/alejandra/ros2_ws/install/tutorial_interfaces/include/tutorial_interfaces/tutorial_interfaces/msg/detail/num__rosidl_typesupport_fastrtps_cpp.hpp
[0.945s] -- Up-to-date: /home/alejandra/ros2_ws/install/tutorial_interfaces/include/tutorial_interfaces/tutorial_interfaces/msg/detail/dds_fastrtps
[0.945s] -- Up-to-date: /home/alejandra/ros2_ws/install/tutorial_interfaces/lib/libtutorial_interfaces__rosidl_typesupport_fastrtps_cpp.so
[0.945s] -- Up-to-date: /home/alejandra/ros2_ws/install/tutorial_interfaces/include/tutorial_interfaces/tutorial_interfaces
[0.946s] -- Up-to-date: /home/alejandra/ros2_ws/install/tutorial_interfaces/include/tutorial_interfaces/tutorial_interfaces/action
[0.946s] -- Up-to-date: /home/alejandra/ros2_ws/install/tutorial_interfaces/include/tutorial_interfaces/tutorial_interfaces/action/detail
[0.946s] -- Up-to-date: /home/alejandra/ros2_ws/install/tutorial_interfaces/include/tutorial_interfaces/tutorial_interfaces/action/detail/fibonacci__rosidl_typesupport_introspection_c.h
[0.946s] -- Up-to-date: /home/alejandra/ros2_ws/install/tutorial_interfaces/include/tutorial_interfaces/tutorial_interfaces/action/detail/fibonacci__type_support.c
[0.946s] -- Up-to-date: /home/alejandra/ros2_ws/install/tutorial_interfaces/include/tutorial_interfaces/tutorial_interfaces/srv
[0.946s] -- Up-to-date: /home/alejandra/ros2_ws/install/tutorial_interfaces/include/tutorial_interfaces/tutorial_interfaces/srv/detail
[0.946s] -- Up-to-date: /home/alejandra/ros2_ws/install/tutorial_interfaces/include/tutorial_interfaces/tutorial_interfaces/srv/detail/hypotenuse__rosidl_typesupport_introspection_c.h
[0.946s] -- Up-to-date: /home/alejandra/ros2_ws/install/tutorial_interfaces/include/tutorial_interfaces/tutorial_interfaces/srv/detail/hypotenuse__type_support.c
[0.946s] -- Up-to-date: /home/alejandra/ros2_ws/install/tutorial_interfaces/include/tutorial_interfaces/tutorial_interfaces/msg
[0.946s] -- Up-to-date: /home/alejandra/ros2_ws/install/tutorial_interfaces/include/tutorial_interfaces/tutorial_interfaces/msg/detail
[0.946s] -- Up-to-date: /home/alejandra/ros2_ws/install/tutorial_interfaces/include/tutorial_interfaces/tutorial_interfaces/msg/detail/num__rosidl_typesupport_introspection_c.h
[0.946s] -- Up-to-date: /home/alejandra/ros2_ws/install/tutorial_interfaces/include/tutorial_interfaces/tutorial_interfaces/msg/detail/num__type_support.c
[0.946s] -- Up-to-date: /home/alejandra/ros2_ws/install/tutorial_interfaces/include/tutorial_interfaces/tutorial_interfaces/msg/rosidl_typesupport_introspection_c__visibility_control.h
[0.946s] -- Up-to-date: /home/alejandra/ros2_ws/install/tutorial_interfaces/lib/libtutorial_interfaces__rosidl_typesupport_introspection_c.so
[0.946s] -- Up-to-date: /home/alejandra/ros2_ws/install/tutorial_interfaces/lib/libtutorial_interfaces__rosidl_typesupport_c.so
[0.946s] -- Up-to-date: /home/alejandra/ros2_ws/install/tutorial_interfaces/include/tutorial_interfaces/tutorial_interfaces
[0.947s] -- Up-to-date: /home/alejandra/ros2_ws/install/tutorial_interfaces/include/tutorial_interfaces/tutorial_interfaces/action
[0.947s] -- Up-to-date: /home/alejandra/ros2_ws/install/tutorial_interfaces/include/tutorial_interfaces/tutorial_interfaces/action/detail
[0.947s] -- Up-to-date: /home/alejandra/ros2_ws/install/tutorial_interfaces/include/tutorial_interfaces/tutorial_interfaces/action/detail/fibonacci__type_support.cpp
[0.947s] -- Up-to-date: /home/alejandra/ros2_ws/install/tutorial_interfaces/include/tutorial_interfaces/tutorial_interfaces/action/detail/fibonacci__rosidl_typesupport_introspection_cpp.hpp
[0.947s] -- Up-to-date: /home/alejandra/ros2_ws/install/tutorial_interfaces/include/tutorial_interfaces/tutorial_interfaces/srv
[0.947s] -- Up-to-date: /home/alejandra/ros2_ws/install/tutorial_interfaces/include/tutorial_interfaces/tutorial_interfaces/srv/detail
[0.947s] -- Up-to-date: /home/alejandra/ros2_ws/install/tutorial_interfaces/include/tutorial_interfaces/tutorial_interfaces/srv/detail/hypotenuse__rosidl_typesupport_introspection_cpp.hpp
[0.947s] -- Up-to-date: /home/alejandra/ros2_ws/install/tutorial_interfaces/include/tutorial_interfaces/tutorial_interfaces/srv/detail/hypotenuse__type_support.cpp
[0.947s] -- Up-to-date: /home/alejandra/ros2_ws/install/tutorial_interfaces/include/tutorial_interfaces/tutorial_interfaces/msg
[0.947s] -- Up-to-date: /home/alejandra/ros2_ws/install/tutorial_interfaces/include/tutorial_interfaces/tutorial_interfaces/msg/detail
[0.948s] -- Up-to-date: /home/alejandra/ros2_ws/install/tutorial_interfaces/include/tutorial_interfaces/tutorial_interfaces/msg/detail/num__rosidl_typesupport_introspection_cpp.hpp
[0.948s] -- Up-to-date: /home/alejandra/ros2_ws/install/tutorial_interfaces/include/tutorial_interfaces/tutorial_interfaces/msg/detail/num__type_support.cpp
[0.948s] -- Up-to-date: /home/alejandra/ros2_ws/install/tutorial_interfaces/lib/libtutorial_interfaces__rosidl_typesupport_introspection_cpp.so
[0.948s] -- Up-to-date: /home/alejandra/ros2_ws/install/tutorial_interfaces/lib/libtutorial_interfaces__rosidl_typesupport_cpp.so
[0.948s] -- Up-to-date: /home/alejandra/ros2_ws/install/tutorial_interfaces/share/tutorial_interfaces/environment/pythonpath.sh
[0.948s] -- Up-to-date: /home/alejandra/ros2_ws/install/tutorial_interfaces/share/tutorial_interfaces/environment/pythonpath.dsv
[0.948s] -- Up-to-date: /home/alejandra/ros2_ws/install/tutorial_interfaces/lib/python3.12/site-packages/tutorial_interfaces-0.0.0-py3.12.egg-info
[0.948s] -- Installing: /home/alejandra/ros2_ws/install/tutorial_interfaces/lib/python3.12/site-packages/tutorial_interfaces-0.0.0-py3.12.egg-info/top_level.txt
[0.948s] -- Installing: /home/alejandra/ros2_ws/install/tutorial_interfaces/lib/python3.12/site-packages/tutorial_interfaces-0.0.0-py3.12.egg-info/SOURCES.txt
[0.948s] -- Installing: /home/alejandra/ros2_ws/install/tutorial_interfaces/lib/python3.12/site-packages/tutorial_interfaces-0.0.0-py3.12.egg-info/PKG-INFO
[0.948s] -- Installing: /home/alejandra/ros2_ws/install/tutorial_interfaces/lib/python3.12/site-packages/tutorial_interfaces-0.0.0-py3.12.egg-info/dependency_links.txt
[0.948s] -- Up-to-date: /home/alejandra/ros2_ws/install/tutorial_interfaces/lib/python3.12/site-packages/tutorial_interfaces
[0.948s] -- Up-to-date: /home/alejandra/ros2_ws/install/tutorial_interfaces/lib/python3.12/site-packages/tutorial_interfaces/_tutorial_interfaces_s.ep.rosidl_typesupport_fastrtps_c.c
[0.948s] -- Up-to-date: /home/alejandra/ros2_ws/install/tutorial_interfaces/lib/python3.12/site-packages/tutorial_interfaces/action
[0.948s] -- Up-to-date: /home/alejandra/ros2_ws/install/tutorial_interfaces/lib/python3.12/site-packages/tutorial_interfaces/action/_fibonacci.py
[0.948s] -- Up-to-date: /home/alejandra/ros2_ws/install/tutorial_interfaces/lib/python3.12/site-packages/tutorial_interfaces/action/__init__.py
[0.948s] -- Up-to-date: /home/alejandra/ros2_ws/install/tutorial_interfaces/lib/python3.12/site-packages/tutorial_interfaces/action/_fibonacci_s.c
[0.948s] -- Up-to-date: /home/alejandra/ros2_ws/install/tutorial_interfaces/lib/python3.12/site-packages/tutorial_interfaces/tutorial_interfaces_s__rosidl_typesupport_fastrtps_c.so
[0.949s] -- Up-to-date: /home/alejandra/ros2_ws/install/tutorial_interfaces/lib/python3.12/site-packages/tutorial_interfaces/srv
[0.949s] -- Up-to-date: /home/alejandra/ros2_ws/install/tutorial_interfaces/lib/python3.12/site-packages/tutorial_interfaces/srv/_hypotenuse.py
[0.949s] -- Up-to-date: /home/alejandra/ros2_ws/install/tutorial_interfaces/lib/python3.12/site-packages/tutorial_interfaces/srv/__init__.py
[0.949s] -- Up-to-date: /home/alejandra/ros2_ws/install/tutorial_interfaces/lib/python3.12/site-packages/tutorial_interfaces/srv/_hypotenuse_s.c
[0.949s] -- Up-to-date: /home/alejandra/ros2_ws/install/tutorial_interfaces/lib/python3.12/site-packages/tutorial_interfaces/msg
[0.949s] -- Up-to-date: /home/alejandra/ros2_ws/install/tutorial_interfaces/lib/python3.12/site-packages/tutorial_interfaces/msg/_num_s.c
[0.949s] -- Up-to-date: /home/alejandra/ros2_ws/install/tutorial_interfaces/lib/python3.12/site-packages/tutorial_interfaces/msg/_num.py
[0.949s] -- Up-to-date: /home/alejandra/ros2_ws/install/tutorial_interfaces/lib/python3.12/site-packages/tutorial_interfaces/msg/__init__.py
[0.949s] -- Up-to-date: /home/alejandra/ros2_ws/install/tutorial_interfaces/lib/python3.12/site-packages/tutorial_interfaces/__init__.py
[0.949s] -- Up-to-date: /home/alejandra/ros2_ws/install/tutorial_interfaces/lib/python3.12/site-packages/tutorial_interfaces/_tutorial_interfaces_s.ep.rosidl_typesupport_introspection_c.c
[0.949s] -- Up-to-date: /home/alejandra/ros2_ws/install/tutorial_interfaces/lib/python3.12/site-packages/tutorial_interfaces/tutorial_interfaces_s__rosidl_typesupport_introspection_c.so
[0.949s] -- Up-to-date: /home/alejandra/ros2_ws/install/tutorial_interfaces/lib/python3.12/site-packages/tutorial_interfaces/_tutorial_interfaces_s.ep.rosidl_typesupport_c.c
[0.949s] -- Up-to-date: /home/alejandra/ros2_ws/install/tutorial_interfaces/lib/python3.12/site-packages/tutorial_interfaces/tutorial_interfaces_s__rosidl_typesupport_c.so
[0.991s] Listing '/home/alejandra/ros2_ws/install/tutorial_interfaces/lib/python3.12/site-packages/tutorial_interfaces'...
[0.991s] Listing '/home/alejandra/ros2_ws/install/tutorial_interfaces/lib/python3.12/site-packages/tutorial_interfaces/action'...
[0.991s] Listing '/home/alejandra/ros2_ws/install/tutorial_interfaces/lib/python3.12/site-packages/tutorial_interfaces/msg'...
[0.992s] Listing '/home/alejandra/ros2_ws/install/tutorial_interfaces/lib/python3.12/site-packages/tutorial_interfaces/srv'...
[1.002s] -- Up-to-date: /home/alejandra/ros2_ws/install/tutorial_interfaces/lib/python3.12/site-packages/tutorial_interfaces/tutorial_interfaces_s__rosidl_typesupport_fastrtps_c.so
[1.003s] -- Up-to-date: /home/alejandra/ros2_ws/install/tutorial_interfaces/lib/python3.12/site-packages/tutorial_interfaces/tutorial_interfaces_s__rosidl_typesupport_introspection_c.so
[1.003s] -- Up-to-date: /home/alejandra/ros2_ws/install/tutorial_interfaces/lib/python3.12/site-packages/tutorial_interfaces/tutorial_interfaces_s__rosidl_typesupport_c.so
[1.003s] -- Up-to-date: /home/alejandra/ros2_ws/install/tutorial_interfaces/lib/libtutorial_interfaces__rosidl_generator_py.so
[1.004s] -- Up-to-date: /home/alejandra/ros2_ws/install/tutorial_interfaces/share/ament_index/resource_index/rust_packages/tutorial_interfaces
[1.004s] -- Up-to-date: /home/alejandra/ros2_ws/install/tutorial_interfaces/share/tutorial_interfaces/rust
[1.005s] -- Up-to-date: /home/alejandra/ros2_ws/install/tutorial_interfaces/share/tutorial_interfaces/rust/build.rs
[1.005s] -- Up-to-date: /home/alejandra/ros2_ws/install/tutorial_interfaces/share/tutorial_interfaces/rust/Cargo.toml
[1.006s] -- Up-to-date: /home/alejandra/ros2_ws/install/tutorial_interfaces/share/tutorial_interfaces/rust/src
[1.006s] -- Up-to-date: /home/alejandra/ros2_ws/install/tutorial_interfaces/share/tutorial_interfaces/rust/src/action
[1.006s] -- Up-to-date: /home/alejandra/ros2_ws/install/tutorial_interfaces/share/tutorial_interfaces/rust/src/action/rmw.rs
[1.006s] -- Up-to-date: /home/alejandra/ros2_ws/install/tutorial_interfaces/share/tutorial_interfaces/rust/src/srv.rs
[1.006s] -- Up-to-date: /home/alejandra/ros2_ws/install/tutorial_interfaces/share/tutorial_interfaces/rust/src/msg.rs
[1.007s] -- Up-to-date: /home/alejandra/ros2_ws/install/tutorial_interfaces/share/tutorial_interfaces/rust/src/srv
[1.007s] -- Up-to-date: /home/alejandra/ros2_ws/install/tutorial_interfaces/share/tutorial_interfaces/rust/src/srv/rmw.rs
[1.008s] -- Up-to-date: /home/alejandra/ros2_ws/install/tutorial_interfaces/share/tutorial_interfaces/rust/src/lib.rs
[1.008s] -- Up-to-date: /home/alejandra/ros2_ws/install/tutorial_interfaces/share/tutorial_interfaces/rust/src/msg
[1.008s] -- Up-to-date: /home/alejandra/ros2_ws/install/tutorial_interfaces/share/tutorial_interfaces/rust/src/msg/rmw.rs
[1.009s] -- Up-to-date: /home/alejandra/ros2_ws/install/tutorial_interfaces/share/tutorial_interfaces/rust/src/action.rs
[1.009s] -- Up-to-date: /home/alejandra/ros2_ws/install/tutorial_interfaces/share/tutorial_interfaces/msg/Num.idl
[1.009s] -- Up-to-date: /home/alejandra/ros2_ws/install/tutorial_interfaces/share/tutorial_interfaces/srv/Hypotenuse.idl
[1.010s] -- Up-to-date: /home/alejandra/ros2_ws/install/tutorial_interfaces/share/tutorial_interfaces/action/Fibonacci.idl
[1.010s] -- Up-to-date: /home/alejandra/ros2_ws/install/tutorial_interfaces/share/tutorial_interfaces/msg/Num.msg
[1.010s] -- Up-to-date: /home/alejandra/ros2_ws/install/tutorial_interfaces/share/tutorial_interfaces/srv/Hypotenuse.srv
[1.010s] -- Up-to-date: /home/alejandra/ros2_ws/install/tutorial_interfaces/share/tutorial_interfaces/action/Fibonacci.action
[1.011s] -- Up-to-date: /home/alejandra/ros2_ws/install/tutorial_interfaces/share/ament_index/resource_index/package_run_dependencies/tutorial_interfaces
[1.011s] -- Up-to-date: /home/alejandra/ros2_ws/install/tutorial_interfaces/share/ament_index/resource_index/parent_prefix_path/tutorial_interfaces
[1.011s] -- Up-to-date: /home/alejandra/ros2_ws/install/tutorial_interfaces/share/tutorial_interfaces/environment/ament_prefix_path.sh
[1.013s] -- Up-to-date: /home/alejandra/ros2_ws/install/tutorial_interfaces/share/tutorial_interfaces/environment/ament_prefix_path.dsv
[1.014s] -- Up-to-date: /home/alejandra/ros2_ws/install/tutorial_interfaces/share/tutorial_interfaces/environment/path.sh
[1.015s] -- Up-to-date: /home/alejandra/ros2_ws/install/tutorial_interfaces/share/tutorial_interfaces/environment/path.dsv
[1.016s] -- Up-to-date: /home/alejandra/ros2_ws/install/tutorial_interfaces/share/tutorial_interfaces/local_setup.bash
[1.016s] -- Up-to-date: /home/alejandra/ros2_ws/install/tutorial_interfaces/share/tutorial_interfaces/local_setup.sh
[1.017s] -- Up-to-date: /home/alejandra/ros2_ws/install/tutorial_interfaces/share/tutorial_interfaces/local_setup.zsh
[1.017s] -- Up-to-date: /home/alejandra/ros2_ws/install/tutorial_interfaces/share/tutorial_interfaces/local_setup.dsv
[1.017s] -- Installing: /home/alejandra/ros2_ws/install/tutorial_interfaces/share/tutorial_interfaces/package.dsv
[1.017s] -- Up-to-date: /home/alejandra/ros2_ws/install/tutorial_interfaces/share/ament_index/resource_index/packages/tutorial_interfaces
[1.017s] -- Up-to-date: /home/alejandra/ros2_ws/install/tutorial_interfaces/share/tutorial_interfaces/cmake/export_tutorial_interfaces__rosidl_generator_cExport.cmake
[1.017s] -- Up-to-date: /home/alejandra/ros2_ws/install/tutorial_interfaces/share/tutorial_interfaces/cmake/export_tutorial_interfaces__rosidl_generator_cExport-noconfig.cmake
[1.017s] -- Up-to-date: /home/alejandra/ros2_ws/install/tutorial_interfaces/share/tutorial_interfaces/cmake/export_tutorial_interfaces__rosidl_typesupport_fastrtps_cExport.cmake
[1.017s] -- Up-to-date: /home/alejandra/ros2_ws/install/tutorial_interfaces/share/tutorial_interfaces/cmake/export_tutorial_interfaces__rosidl_typesupport_fastrtps_cExport-noconfig.cmake
[1.018s] -- Up-to-date: /home/alejandra/ros2_ws/install/tutorial_interfaces/share/tutorial_interfaces/cmake/export_tutorial_interfaces__rosidl_generator_cppExport.cmake
[1.018s] -- Up-to-date: /home/alejandra/ros2_ws/install/tutorial_interfaces/share/tutorial_interfaces/cmake/export_tutorial_interfaces__rosidl_typesupport_fastrtps_cppExport.cmake
[1.018s] -- Up-to-date: /home/alejandra/ros2_ws/install/tutorial_interfaces/share/tutorial_interfaces/cmake/export_tutorial_interfaces__rosidl_typesupport_fastrtps_cppExport-noconfig.cmake
[1.018s] -- Up-to-date: /home/alejandra/ros2_ws/install/tutorial_interfaces/share/tutorial_interfaces/cmake/tutorial_interfaces__rosidl_typesupport_introspection_cExport.cmake
[1.018s] -- Up-to-date: /home/alejandra/ros2_ws/install/tutorial_interfaces/share/tutorial_interfaces/cmake/tutorial_interfaces__rosidl_typesupport_introspection_cExport-noconfig.cmake
[1.019s] -- Up-to-date: /home/alejandra/ros2_ws/install/tutorial_interfaces/share/tutorial_interfaces/cmake/tutorial_interfaces__rosidl_typesupport_cExport.cmake
[1.019s] -- Up-to-date: /home/alejandra/ros2_ws/install/tutorial_interfaces/share/tutorial_interfaces/cmake/tutorial_interfaces__rosidl_typesupport_cExport-noconfig.cmake
[1.019s] -- Up-to-date: /home/alejandra/ros2_ws/install/tutorial_interfaces/share/tutorial_interfaces/cmake/tutorial_interfaces__rosidl_typesupport_introspection_cppExport.cmake
[1.019s] -- Up-to-date: /home/alejandra/ros2_ws/install/tutorial_interfaces/share/tutorial_interfaces/cmake/tutorial_interfaces__rosidl_typesupport_introspection_cppExport-noconfig.cmake
[1.019s] -- Up-to-date: /home/alejandra/ros2_ws/install/tutorial_interfaces/share/tutorial_interfaces/cmake/tutorial_interfaces__rosidl_typesupport_cppExport.cmake
[1.019s] -- Up-to-date: /home/alejandra/ros2_ws/install/tutorial_interfaces/share/tutorial_interfaces/cmake/tutorial_interfaces__rosidl_typesupport_cppExport-noconfig.cmake
[1.019s] -- Up-to-date: /home/alejandra/ros2_ws/install/tutorial_interfaces/share/tutorial_interfaces/cmake/export_tutorial_interfaces__rosidl_generator_pyExport.cmake
[1.019s] -- Up-to-date: /home/alejandra/ros2_ws/install/tutorial_interfaces/share/tutorial_interfaces/cmake/export_tutorial_interfaces__rosidl_generator_pyExport-noconfig.cmake
[1.020s] -- Up-to-date: /home/alejandra/ros2_ws/install/tutorial_interfaces/share/tutorial_interfaces/cmake/rosidl_cmake-extras.cmake
[1.020s] -- Up-to-date: /home/alejandra/ros2_ws/install/tutorial_interfaces/share/tutorial_interfaces/cmake/ament_cmake_export_dependencies-extras.cmake
[1.020s] -- Up-to-date: /home/alejandra/ros2_ws/install/tutorial_interfaces/share/tutorial_interfaces/cmake/ament_cmake_export_include_directories-extras.cmake
[1.020s] -- Up-to-date: /home/alejandra/ros2_ws/install/tutorial_interfaces/share/tutorial_interfaces/cmake/ament_cmake_export_libraries-extras.cmake
[1.020s] -- Up-to-date: /home/alejandra/ros2_ws/install/tutorial_interfaces/share/tutorial_interfaces/cmake/ament_cmake_export_targets-extras.cmake
[1.020s] -- Up-to-date: /home/alejandra/ros2_ws/install/tutorial_interfaces/share/tutorial_interfaces/cmake/rosidl_cmake_export_typesupport_targets-extras.cmake
[1.021s] -- Up-to-date: /home/alejandra/ros2_ws/install/tutorial_interfaces/share/tutorial_interfaces/cmake/rosidl_cmake_export_typesupport_libraries-extras.cmake
[1.021s] -- Up-to-date: /home/alejandra/ros2_ws/install/tutorial_interfaces/share/tutorial_interfaces/cmake/rosidl_cmake_aggregate_target-extras.cmake
[1.021s] -- Up-to-date: /home/alejandra/ros2_ws/install/tutorial_interfaces/share/tutorial_interfaces/cmake/tutorial_interfacesConfig.cmake
[1.021s] -- Up-to-date: /home/alejandra/ros2_ws/install/tutorial_interfaces/share/tutorial_interfaces/cmake/tutorial_interfacesConfig-version.cmake
[1.021s] -- Up-to-date: /home/alejandra/ros2_ws/install/tutorial_interfaces/share/tutorial_interfaces/package.xml
[1.022s] Invoked command in '/home/alejandra/ros2_ws/build/tutorial_interfaces' returned '0': CMAKE_PREFIX_PATH=${CMAKE_PREFIX_PATH}:/opt/ros/jazzy DEBUGINFOD_URLS=https://debuginfod.ubuntu.com /usr/bin/cmake --install /home/alejandra/ros2_ws/build/tutorial_interfaces
