running egg_info
creating ../../build/turtlesim_control_pkg/turtlesim_control_pkg.egg-info
writing ../../build/turtlesim_control_pkg/turtlesim_control_pkg.egg-info/PKG-INFO
writing dependency_links to ../../build/turtlesim_control_pkg/turtlesim_control_pkg.egg-info/dependency_links.txt
writing entry points to ../../build/turtlesim_control_pkg/turtlesim_control_pkg.egg-info/entry_points.txt
writing requirements to ../../build/turtlesim_control_pkg/turtlesim_control_pkg.egg-info/requires.txt
writing top-level names to ../../build/turtlesim_control_pkg/turtlesim_control_pkg.egg-info/top_level.txt
writing manifest file '../../build/turtlesim_control_pkg/turtlesim_control_pkg.egg-info/SOURCES.txt'
reading manifest file '../../build/turtlesim_control_pkg/turtlesim_control_pkg.egg-info/SOURCES.txt'
writing manifest file '../../build/turtlesim_control_pkg/turtlesim_control_pkg.egg-info/SOURCES.txt'
running build
running build_py
creating /home/alejandra/ros2_ws/build/turtlesim_control_pkg/build
creating /home/alejandra/ros2_ws/build/turtlesim_control_pkg/build/lib
creating /home/alejandra/ros2_ws/build/turtlesim_control_pkg/build/lib/turtlesim_control_pkg
copying turtlesim_control_pkg/turtle_mode_controller.py -> /home/alejandra/ros2_ws/build/turtlesim_control_pkg/build/lib/turtlesim_control_pkg
copying turtlesim_control_pkg/__init__.py -> /home/alejandra/ros2_ws/build/turtlesim_control_pkg/build/lib/turtlesim_control_pkg
running install
running install_lib
creating /home/alejandra/ros2_ws/install/turtlesim_control_pkg/lib/python3.12/site-packages/turtlesim_control_pkg
copying /home/alejandra/ros2_ws/build/turtlesim_control_pkg/build/lib/turtlesim_control_pkg/turtle_mode_controller.py -> /home/alejandra/ros2_ws/install/turtlesim_control_pkg/lib/python3.12/site-packages/turtlesim_control_pkg
copying /home/alejandra/ros2_ws/build/turtlesim_control_pkg/build/lib/turtlesim_control_pkg/__init__.py -> /home/alejandra/ros2_ws/install/turtlesim_control_pkg/lib/python3.12/site-packages/turtlesim_control_pkg
byte-compiling /home/alejandra/ros2_ws/install/turtlesim_control_pkg/lib/python3.12/site-packages/turtlesim_control_pkg/turtle_mode_controller.py to turtle_mode_controller.cpython-312.pyc
byte-compiling /home/alejandra/ros2_ws/install/turtlesim_control_pkg/lib/python3.12/site-packages/turtlesim_control_pkg/__init__.py to __init__.cpython-312.pyc
running install_data
creating /home/alejandra/ros2_ws/install/turtlesim_control_pkg/share/ament_index
creating /home/alejandra/ros2_ws/install/turtlesim_control_pkg/share/ament_index/resource_index
creating /home/alejandra/ros2_ws/install/turtlesim_control_pkg/share/ament_index/resource_index/packages
copying resource/turtlesim_control_pkg -> /home/alejandra/ros2_ws/install/turtlesim_control_pkg/share/ament_index/resource_index/packages
copying package.xml -> /home/alejandra/ros2_ws/install/turtlesim_control_pkg/share/turtlesim_control_pkg
running install_egg_info
Copying ../../build/turtlesim_control_pkg/turtlesim_control_pkg.egg-info to /home/alejandra/ros2_ws/install/turtlesim_control_pkg/lib/python3.12/site-packages/turtlesim_control_pkg-0.0.0-py3.12.egg-info
running install_scripts
Installing turtle_mode_controller script to /home/alejandra/ros2_ws/install/turtlesim_control_pkg/lib/turtlesim_control_pkg
writing list of installed files to '/home/alejandra/ros2_ws/build/turtlesim_control_pkg/install.log'
