[0.505s] DEBUG:colcon:Command line arguments: ['/usr/bin/colcon', 'build']
[0.505s] DEBUG:colcon:Parsed command line arguments: Namespace(log_base=None, log_level=None, verb_name='build', build_base='build', install_base='install', merge_install=False, symlink_install=False, test_result_base=None, continue_on_error=False, executor='parallel', parallel_workers=12, event_handlers=None, ignore_user_meta=False, metas=['./colcon.meta'], base_paths=['.'], packages_ignore=None, packages_ignore_regex=None, paths=None, packages_up_to=None, packages_up_to_regex=None, packages_above=None, packages_above_and_dependencies=None, packages_above_depth=None, packages_select_by_dep=None, packages_skip_by_dep=None, packages_skip_up_to=None, packages_select_build_failed=False, packages_skip_build_finished=False, packages_select_test_failures=False, packages_skip_test_passed=False, packages_select=None, packages_skip=None, packages_select_regex=None, packages_skip_regex=None, packages_start=None, packages_end=None, allow_overriding=[], cmake_args=None, cmake_target=None, cmake_target_skip_unavailable=False, cmake_clean_cache=False, cmake_clean_first=False, cmake_force_configure=False, ament_cmake_args=None, catkin_cmake_args=None, catkin_skip_building_tests=False, mixin_files=None, mixin=None, verb_parser=<colcon_mixin.mixin.mixin_argument.MixinArgumentDecorator object at 0x7fd56302dbe0>, verb_extension=<colcon_core.verb.build.BuildVerb object at 0x7fd56302d880>, main=<bound method BuildVerb.main of <colcon_core.verb.build.BuildVerb object at 0x7fd56302d880>>, mixin_verb=('build',))
[0.636s] Level 1:colcon.colcon_core.package_discovery:discover_packages(colcon_meta) check parameters
[0.636s] Level 1:colcon.colcon_core.package_discovery:discover_packages(recursive) check parameters
[0.636s] Level 1:colcon.colcon_core.package_discovery:discover_packages(ignore) check parameters
[0.636s] Level 1:colcon.colcon_core.package_discovery:discover_packages(path) check parameters
[0.636s] Level 1:colcon.colcon_core.package_discovery:discover_packages(colcon_meta) discover
[0.636s] Level 1:colcon.colcon_core.package_discovery:discover_packages(recursive) discover
[0.636s] INFO:colcon.colcon_core.package_discovery:Crawling recursively for packages in '/home/alejandra/ros2_ws'
[0.637s] Level 1:colcon.colcon_core.package_identification:_identify(.) by extensions ['ignore', 'ignore_ament_install']
[0.637s] Level 1:colcon.colcon_core.package_identification:_identify(.) by extension 'ignore'
[0.637s] Level 1:colcon.colcon_core.package_identification:_identify(.) by extension 'ignore_ament_install'
[0.637s] Level 1:colcon.colcon_core.package_identification:_identify(.) by extensions ['colcon_pkg']
[0.637s] Level 1:colcon.colcon_core.package_identification:_identify(.) by extension 'colcon_pkg'
[0.637s] Level 1:colcon.colcon_core.package_identification:_identify(.) by extensions ['colcon_meta']
[0.637s] Level 1:colcon.colcon_core.package_identification:_identify(.) by extension 'colcon_meta'
[0.637s] Level 1:colcon.colcon_core.package_identification:_identify(.) by extensions ['ros']
[0.637s] Level 1:colcon.colcon_core.package_identification:_identify(.) by extension 'ros'
[0.725s] Level 1:colcon.colcon_core.package_identification:_identify(.) by extensions ['cmake', 'python']
[0.725s] Level 1:colcon.colcon_core.package_identification:_identify(.) by extension 'cmake'
[0.726s] Level 1:colcon.colcon_core.package_identification:_identify(.) by extension 'python'
[0.726s] Level 1:colcon.colcon_core.package_identification:_identify(.) by extensions ['python_setup_py']
[0.726s] Level 1:colcon.colcon_core.package_identification:_identify(.) by extension 'python_setup_py'
[0.726s] Level 1:colcon.colcon_core.package_identification:_identify(build) by extensions ['ignore', 'ignore_ament_install']
[0.727s] Level 1:colcon.colcon_core.package_identification:_identify(build) by extension 'ignore'
[0.727s] Level 1:colcon.colcon_core.package_identification:_identify(build) ignored
[0.728s] Level 1:colcon.colcon_core.package_identification:_identify(install) by extensions ['ignore', 'ignore_ament_install']
[0.728s] Level 1:colcon.colcon_core.package_identification:_identify(install) by extension 'ignore'
[0.728s] Level 1:colcon.colcon_core.package_identification:_identify(install) ignored
[0.728s] Level 1:colcon.colcon_core.package_identification:_identify(log) by extensions ['ignore', 'ignore_ament_install']
[0.729s] Level 1:colcon.colcon_core.package_identification:_identify(log) by extension 'ignore'
[0.729s] Level 1:colcon.colcon_core.package_identification:_identify(log) ignored
[0.729s] Level 1:colcon.colcon_core.package_identification:_identify(src) by extensions ['ignore', 'ignore_ament_install']
[0.729s] Level 1:colcon.colcon_core.package_identification:_identify(src) by extension 'ignore'
[0.729s] Level 1:colcon.colcon_core.package_identification:_identify(src) by extension 'ignore_ament_install'
[0.729s] Level 1:colcon.colcon_core.package_identification:_identify(src) by extensions ['colcon_pkg']
[0.729s] Level 1:colcon.colcon_core.package_identification:_identify(src) by extension 'colcon_pkg'
[0.729s] Level 1:colcon.colcon_core.package_identification:_identify(src) by extensions ['colcon_meta']
[0.729s] Level 1:colcon.colcon_core.package_identification:_identify(src) by extension 'colcon_meta'
[0.729s] Level 1:colcon.colcon_core.package_identification:_identify(src) by extensions ['ros']
[0.729s] Level 1:colcon.colcon_core.package_identification:_identify(src) by extension 'ros'
[0.729s] Level 1:colcon.colcon_core.package_identification:_identify(src) by extensions ['cmake', 'python']
[0.729s] Level 1:colcon.colcon_core.package_identification:_identify(src) by extension 'cmake'
[0.729s] Level 1:colcon.colcon_core.package_identification:_identify(src) by extension 'python'
[0.729s] Level 1:colcon.colcon_core.package_identification:_identify(src) by extensions ['python_setup_py']
[0.729s] Level 1:colcon.colcon_core.package_identification:_identify(src) by extension 'python_setup_py'
[0.730s] Level 1:colcon.colcon_core.package_identification:_identify(src/mi_primer_paquete) by extensions ['ignore', 'ignore_ament_install']
[0.730s] Level 1:colcon.colcon_core.package_identification:_identify(src/mi_primer_paquete) by extension 'ignore'
[0.730s] Level 1:colcon.colcon_core.package_identification:_identify(src/mi_primer_paquete) by extension 'ignore_ament_install'
[0.730s] Level 1:colcon.colcon_core.package_identification:_identify(src/mi_primer_paquete) by extensions ['colcon_pkg']
[0.730s] Level 1:colcon.colcon_core.package_identification:_identify(src/mi_primer_paquete) by extension 'colcon_pkg'
[0.730s] Level 1:colcon.colcon_core.package_identification:_identify(src/mi_primer_paquete) by extensions ['colcon_meta']
[0.730s] Level 1:colcon.colcon_core.package_identification:_identify(src/mi_primer_paquete) by extension 'colcon_meta'
[0.730s] Level 1:colcon.colcon_core.package_identification:_identify(src/mi_primer_paquete) by extensions ['ros']
[0.730s] Level 1:colcon.colcon_core.package_identification:_identify(src/mi_primer_paquete) by extension 'ros'
[0.742s] DEBUG:colcon.colcon_core.package_identification:Package 'src/mi_primer_paquete' with type 'ros.ament_python' and name 'mi_primer_paquete'
[0.742s] Level 1:colcon.colcon_core.package_identification:_identify(src/my_robot_launch) by extensions ['ignore', 'ignore_ament_install']
[0.742s] Level 1:colcon.colcon_core.package_identification:_identify(src/my_robot_launch) by extension 'ignore'
[0.742s] Level 1:colcon.colcon_core.package_identification:_identify(src/my_robot_launch) by extension 'ignore_ament_install'
[0.743s] Level 1:colcon.colcon_core.package_identification:_identify(src/my_robot_launch) by extensions ['colcon_pkg']
[0.743s] Level 1:colcon.colcon_core.package_identification:_identify(src/my_robot_launch) by extension 'colcon_pkg'
[0.743s] Level 1:colcon.colcon_core.package_identification:_identify(src/my_robot_launch) by extensions ['colcon_meta']
[0.743s] Level 1:colcon.colcon_core.package_identification:_identify(src/my_robot_launch) by extension 'colcon_meta'
[0.743s] Level 1:colcon.colcon_core.package_identification:_identify(src/my_robot_launch) by extensions ['ros']
[0.743s] Level 1:colcon.colcon_core.package_identification:_identify(src/my_robot_launch) by extension 'ros'
[0.744s] DEBUG:colcon.colcon_core.package_identification:Package 'src/my_robot_launch' with type 'ros.ament_python' and name 'my_robot_launch'
[0.744s] Level 1:colcon.colcon_core.package_identification:_identify(src/py_action) by extensions ['ignore', 'ignore_ament_install']
[0.744s] Level 1:colcon.colcon_core.package_identification:_identify(src/py_action) by extension 'ignore'
[0.744s] Level 1:colcon.colcon_core.package_identification:_identify(src/py_action) by extension 'ignore_ament_install'
[0.745s] Level 1:colcon.colcon_core.package_identification:_identify(src/py_action) by extensions ['colcon_pkg']
[0.745s] Level 1:colcon.colcon_core.package_identification:_identify(src/py_action) by extension 'colcon_pkg'
[0.745s] Level 1:colcon.colcon_core.package_identification:_identify(src/py_action) by extensions ['colcon_meta']
[0.745s] Level 1:colcon.colcon_core.package_identification:_identify(src/py_action) by extension 'colcon_meta'
[0.745s] Level 1:colcon.colcon_core.package_identification:_identify(src/py_action) by extensions ['ros']
[0.745s] Level 1:colcon.colcon_core.package_identification:_identify(src/py_action) by extension 'ros'
[0.747s] DEBUG:colcon.colcon_core.package_identification:Package 'src/py_action' with type 'ros.ament_python' and name 'py_action'
[0.748s] Level 1:colcon.colcon_core.package_identification:_identify(src/py_srvcli) by extensions ['ignore', 'ignore_ament_install']
[0.748s] Level 1:colcon.colcon_core.package_identification:_identify(src/py_srvcli) by extension 'ignore'
[0.748s] Level 1:colcon.colcon_core.package_identification:_identify(src/py_srvcli) by extension 'ignore_ament_install'
[0.748s] Level 1:colcon.colcon_core.package_identification:_identify(src/py_srvcli) by extensions ['colcon_pkg']
[0.748s] Level 1:colcon.colcon_core.package_identification:_identify(src/py_srvcli) by extension 'colcon_pkg'
[0.748s] Level 1:colcon.colcon_core.package_identification:_identify(src/py_srvcli) by extensions ['colcon_meta']
[0.748s] Level 1:colcon.colcon_core.package_identification:_identify(src/py_srvcli) by extension 'colcon_meta'
[0.748s] Level 1:colcon.colcon_core.package_identification:_identify(src/py_srvcli) by extensions ['ros']
[0.748s] Level 1:colcon.colcon_core.package_identification:_identify(src/py_srvcli) by extension 'ros'
[0.749s] DEBUG:colcon.colcon_core.package_identification:Package 'src/py_srvcli' with type 'ros.ament_python' and name 'py_srvcli'
[0.750s] Level 1:colcon.colcon_core.package_identification:_identify(src/turtlesim_control) by extensions ['ignore', 'ignore_ament_install']
[0.750s] Level 1:colcon.colcon_core.package_identification:_identify(src/turtlesim_control) by extension 'ignore'
[0.750s] Level 1:colcon.colcon_core.package_identification:_identify(src/turtlesim_control) by extension 'ignore_ament_install'
[0.751s] Level 1:colcon.colcon_core.package_identification:_identify(src/turtlesim_control) by extensions ['colcon_pkg']
[0.751s] Level 1:colcon.colcon_core.package_identification:_identify(src/turtlesim_control) by extension 'colcon_pkg'
[0.751s] Level 1:colcon.colcon_core.package_identification:_identify(src/turtlesim_control) by extensions ['colcon_meta']
[0.751s] Level 1:colcon.colcon_core.package_identification:_identify(src/turtlesim_control) by extension 'colcon_meta'
[0.751s] Level 1:colcon.colcon_core.package_identification:_identify(src/turtlesim_control) by extensions ['ros']
[0.751s] Level 1:colcon.colcon_core.package_identification:_identify(src/turtlesim_control) by extension 'ros'
[0.752s] DEBUG:colcon.colcon_core.package_identification:Package 'src/turtlesim_control' with type 'ros.ament_python' and name 'turtlesim_control'
[0.752s] Level 1:colcon.colcon_core.package_identification:_identify(src/turtlesim_control_pkg) by extensions ['ignore', 'ignore_ament_install']
[0.752s] Level 1:colcon.colcon_core.package_identification:_identify(src/turtlesim_control_pkg) by extension 'ignore'
[0.752s] Level 1:colcon.colcon_core.package_identification:_identify(src/turtlesim_control_pkg) by extension 'ignore_ament_install'
[0.753s] Level 1:colcon.colcon_core.package_identification:_identify(src/turtlesim_control_pkg) by extensions ['colcon_pkg']
[0.753s] Level 1:colcon.colcon_core.package_identification:_identify(src/turtlesim_control_pkg) by extension 'colcon_pkg'
[0.753s] Level 1:colcon.colcon_core.package_identification:_identify(src/turtlesim_control_pkg) by extensions ['colcon_meta']
[0.753s] Level 1:colcon.colcon_core.package_identification:_identify(src/turtlesim_control_pkg) by extension 'colcon_meta'
[0.753s] Level 1:colcon.colcon_core.package_identification:_identify(src/turtlesim_control_pkg) by extensions ['ros']
[0.753s] Level 1:colcon.colcon_core.package_identification:_identify(src/turtlesim_control_pkg) by extension 'ros'
[0.754s] DEBUG:colcon.colcon_core.package_identification:Package 'src/turtlesim_control_pkg' with type 'ros.ament_python' and name 'turtlesim_control_pkg'
[0.755s] Level 1:colcon.colcon_core.package_identification:_identify(src/tutorial_interfaces) by extensions ['ignore', 'ignore_ament_install']
[0.755s] Level 1:colcon.colcon_core.package_identification:_identify(src/tutorial_interfaces) by extension 'ignore'
[0.755s] Level 1:colcon.colcon_core.package_identification:_identify(src/tutorial_interfaces) by extension 'ignore_ament_install'
[0.755s] Level 1:colcon.colcon_core.package_identification:_identify(src/tutorial_interfaces) by extensions ['colcon_pkg']
[0.755s] Level 1:colcon.colcon_core.package_identification:_identify(src/tutorial_interfaces) by extension 'colcon_pkg'
[0.755s] Level 1:colcon.colcon_core.package_identification:_identify(src/tutorial_interfaces) by extensions ['colcon_meta']
[0.755s] Level 1:colcon.colcon_core.package_identification:_identify(src/tutorial_interfaces) by extension 'colcon_meta'
[0.755s] Level 1:colcon.colcon_core.package_identification:_identify(src/tutorial_interfaces) by extensions ['ros']
[0.755s] Level 1:colcon.colcon_core.package_identification:_identify(src/tutorial_interfaces) by extension 'ros'
[0.757s] DEBUG:colcon.colcon_core.package_identification:Package 'src/tutorial_interfaces' with type 'ros.ament_cmake' and name 'tutorial_interfaces'
[0.757s] Level 1:colcon.colcon_core.package_discovery:discover_packages(recursive) using defaults
[0.757s] Level 1:colcon.colcon_core.package_discovery:discover_packages(ignore) discover
[0.757s] Level 1:colcon.colcon_core.package_discovery:discover_packages(ignore) using defaults
[0.757s] Level 1:colcon.colcon_core.package_discovery:discover_packages(path) discover
[0.757s] Level 1:colcon.colcon_core.package_discovery:discover_packages(path) using defaults
[0.809s] Level 1:colcon.colcon_core.package_discovery:discover_packages(prefix_path) check parameters
[0.809s] Level 1:colcon.colcon_core.package_discovery:discover_packages(prefix_path) discover
[0.823s] DEBUG:colcon.colcon_installed_package_information.package_discovery:Found 319 installed packages in /opt/ros/jazzy
[0.825s] Level 1:colcon.colcon_core.package_discovery:discover_packages(prefix_path) using defaults
[0.961s] Level 5:colcon.colcon_core.verb:set package 'mi_primer_paquete' build argument 'cmake_args' from command line to 'None'
[0.962s] Level 5:colcon.colcon_core.verb:set package 'mi_primer_paquete' build argument 'cmake_target' from command line to 'None'
[0.962s] Level 5:colcon.colcon_core.verb:set package 'mi_primer_paquete' build argument 'cmake_target_skip_unavailable' from command line to 'False'
[0.962s] Level 5:colcon.colcon_core.verb:set package 'mi_primer_paquete' build argument 'cmake_clean_cache' from command line to 'False'
[0.962s] Level 5:colcon.colcon_core.verb:set package 'mi_primer_paquete' build argument 'cmake_clean_first' from command line to 'False'
[0.962s] Level 5:colcon.colcon_core.verb:set package 'mi_primer_paquete' build argument 'cmake_force_configure' from command line to 'False'
[0.962s] Level 5:colcon.colcon_core.verb:set package 'mi_primer_paquete' build argument 'ament_cmake_args' from command line to 'None'
[0.962s] Level 5:colcon.colcon_core.verb:set package 'mi_primer_paquete' build argument 'catkin_cmake_args' from command line to 'None'
[0.962s] Level 5:colcon.colcon_core.verb:set package 'mi_primer_paquete' build argument 'catkin_skip_building_tests' from command line to 'False'
[0.962s] DEBUG:colcon.colcon_core.verb:Building package 'mi_primer_paquete' with the following arguments: {'ament_cmake_args': None, 'build_base': '/home/alejandra/ros2_ws/build/mi_primer_paquete', 'catkin_cmake_args': None, 'catkin_skip_building_tests': False, 'cmake_args': None, 'cmake_clean_cache': False, 'cmake_clean_first': False, 'cmake_force_configure': False, 'cmake_target': None, 'cmake_target_skip_unavailable': False, 'install_base': '/home/alejandra/ros2_ws/install/mi_primer_paquete', 'merge_install': False, 'path': '/home/alejandra/ros2_ws/src/mi_primer_paquete', 'symlink_install': False, 'test_result_base': None}
[0.963s] Level 5:colcon.colcon_core.verb:set package 'my_robot_launch' build argument 'cmake_args' from command line to 'None'
[0.963s] Level 5:colcon.colcon_core.verb:set package 'my_robot_launch' build argument 'cmake_target' from command line to 'None'
[0.963s] Level 5:colcon.colcon_core.verb:set package 'my_robot_launch' build argument 'cmake_target_skip_unavailable' from command line to 'False'
[0.963s] Level 5:colcon.colcon_core.verb:set package 'my_robot_launch' build argument 'cmake_clean_cache' from command line to 'False'
[0.963s] Level 5:colcon.colcon_core.verb:set package 'my_robot_launch' build argument 'cmake_clean_first' from command line to 'False'
[0.963s] Level 5:colcon.colcon_core.verb:set package 'my_robot_launch' build argument 'cmake_force_configure' from command line to 'False'
[0.963s] Level 5:colcon.colcon_core.verb:set package 'my_robot_launch' build argument 'ament_cmake_args' from command line to 'None'
[0.963s] Level 5:colcon.colcon_core.verb:set package 'my_robot_launch' build argument 'catkin_cmake_args' from command line to 'None'
[0.963s] Level 5:colcon.colcon_core.verb:set package 'my_robot_launch' build argument 'catkin_skip_building_tests' from command line to 'False'
[0.963s] DEBUG:colcon.colcon_core.verb:Building package 'my_robot_launch' with the following arguments: {'ament_cmake_args': None, 'build_base': '/home/alejandra/ros2_ws/build/my_robot_launch', 'catkin_cmake_args': None, 'catkin_skip_building_tests': False, 'cmake_args': None, 'cmake_clean_cache': False, 'cmake_clean_first': False, 'cmake_force_configure': False, 'cmake_target': None, 'cmake_target_skip_unavailable': False, 'install_base': '/home/alejandra/ros2_ws/install/my_robot_launch', 'merge_install': False, 'path': '/home/alejandra/ros2_ws/src/my_robot_launch', 'symlink_install': False, 'test_result_base': None}
[0.964s] Level 5:colcon.colcon_core.verb:set package 'turtlesim_control_pkg' build argument 'cmake_args' from command line to 'None'
[0.964s] Level 5:colcon.colcon_core.verb:set package 'turtlesim_control_pkg' build argument 'cmake_target' from command line to 'None'
[0.964s] Level 5:colcon.colcon_core.verb:set package 'turtlesim_control_pkg' build argument 'cmake_target_skip_unavailable' from command line to 'False'
[0.964s] Level 5:colcon.colcon_core.verb:set package 'turtlesim_control_pkg' build argument 'cmake_clean_cache' from command line to 'False'
[0.964s] Level 5:colcon.colcon_core.verb:set package 'turtlesim_control_pkg' build argument 'cmake_clean_first' from command line to 'False'
[0.964s] Level 5:colcon.colcon_core.verb:set package 'turtlesim_control_pkg' build argument 'cmake_force_configure' from command line to 'False'
[0.964s] Level 5:colcon.colcon_core.verb:set package 'turtlesim_control_pkg' build argument 'ament_cmake_args' from command line to 'None'
[0.964s] Level 5:colcon.colcon_core.verb:set package 'turtlesim_control_pkg' build argument 'catkin_cmake_args' from command line to 'None'
[0.964s] Level 5:colcon.colcon_core.verb:set package 'turtlesim_control_pkg' build argument 'catkin_skip_building_tests' from command line to 'False'
[0.964s] DEBUG:colcon.colcon_core.verb:Building package 'turtlesim_control_pkg' with the following arguments: {'ament_cmake_args': None, 'build_base': '/home/alejandra/ros2_ws/build/turtlesim_control_pkg', 'catkin_cmake_args': None, 'catkin_skip_building_tests': False, 'cmake_args': None, 'cmake_clean_cache': False, 'cmake_clean_first': False, 'cmake_force_configure': False, 'cmake_target': None, 'cmake_target_skip_unavailable': False, 'install_base': '/home/alejandra/ros2_ws/install/turtlesim_control_pkg', 'merge_install': False, 'path': '/home/alejandra/ros2_ws/src/turtlesim_control_pkg', 'symlink_install': False, 'test_result_base': None}
[0.965s] Level 5:colcon.colcon_core.verb:set package 'tutorial_interfaces' build argument 'cmake_args' from command line to 'None'
[0.965s] Level 5:colcon.colcon_core.verb:set package 'tutorial_interfaces' build argument 'cmake_target' from command line to 'None'
[0.965s] Level 5:colcon.colcon_core.verb:set package 'tutorial_interfaces' build argument 'cmake_target_skip_unavailable' from command line to 'False'
[0.965s] Level 5:colcon.colcon_core.verb:set package 'tutorial_interfaces' build argument 'cmake_clean_cache' from command line to 'False'
[0.965s] Level 5:colcon.colcon_core.verb:set package 'tutorial_interfaces' build argument 'cmake_clean_first' from command line to 'False'
[0.965s] Level 5:colcon.colcon_core.verb:set package 'tutorial_interfaces' build argument 'cmake_force_configure' from command line to 'False'
[0.965s] Level 5:colcon.colcon_core.verb:set package 'tutorial_interfaces' build argument 'ament_cmake_args' from command line to 'None'
[0.965s] Level 5:colcon.colcon_core.verb:set package 'tutorial_interfaces' build argument 'catkin_cmake_args' from command line to 'None'
[0.965s] Level 5:colcon.colcon_core.verb:set package 'tutorial_interfaces' build argument 'catkin_skip_building_tests' from command line to 'False'
[0.965s] DEBUG:colcon.colcon_core.verb:Building package 'tutorial_interfaces' with the following arguments: {'ament_cmake_args': None, 'build_base': '/home/alejandra/ros2_ws/build/tutorial_interfaces', 'catkin_cmake_args': None, 'catkin_skip_building_tests': False, 'cmake_args': None, 'cmake_clean_cache': False, 'cmake_clean_first': False, 'cmake_force_configure': False, 'cmake_target': None, 'cmake_target_skip_unavailable': False, 'install_base': '/home/alejandra/ros2_ws/install/tutorial_interfaces', 'merge_install': False, 'path': '/home/alejandra/ros2_ws/src/tutorial_interfaces', 'symlink_install': False, 'test_result_base': None}
[0.966s] Level 5:colcon.colcon_core.verb:set package 'py_action' build argument 'cmake_args' from command line to 'None'
[0.966s] Level 5:colcon.colcon_core.verb:set package 'py_action' build argument 'cmake_target' from command line to 'None'
[0.966s] Level 5:colcon.colcon_core.verb:set package 'py_action' build argument 'cmake_target_skip_unavailable' from command line to 'False'
[0.966s] Level 5:colcon.colcon_core.verb:set package 'py_action' build argument 'cmake_clean_cache' from command line to 'False'
[0.966s] Level 5:colcon.colcon_core.verb:set package 'py_action' build argument 'cmake_clean_first' from command line to 'False'
[0.966s] Level 5:colcon.colcon_core.verb:set package 'py_action' build argument 'cmake_force_configure' from command line to 'False'
[0.966s] Level 5:colcon.colcon_core.verb:set package 'py_action' build argument 'ament_cmake_args' from command line to 'None'
[0.966s] Level 5:colcon.colcon_core.verb:set package 'py_action' build argument 'catkin_cmake_args' from command line to 'None'
[0.966s] Level 5:colcon.colcon_core.verb:set package 'py_action' build argument 'catkin_skip_building_tests' from command line to 'False'
[0.966s] DEBUG:colcon.colcon_core.verb:Building package 'py_action' with the following arguments: {'ament_cmake_args': None, 'build_base': '/home/alejandra/ros2_ws/build/py_action', 'catkin_cmake_args': None, 'catkin_skip_building_tests': False, 'cmake_args': None, 'cmake_clean_cache': False, 'cmake_clean_first': False, 'cmake_force_configure': False, 'cmake_target': None, 'cmake_target_skip_unavailable': False, 'install_base': '/home/alejandra/ros2_ws/install/py_action', 'merge_install': False, 'path': '/home/alejandra/ros2_ws/src/py_action', 'symlink_install': False, 'test_result_base': None}
[0.967s] Level 5:colcon.colcon_core.verb:set package 'py_srvcli' build argument 'cmake_args' from command line to 'None'
[0.967s] Level 5:colcon.colcon_core.verb:set package 'py_srvcli' build argument 'cmake_target' from command line to 'None'
[0.967s] Level 5:colcon.colcon_core.verb:set package 'py_srvcli' build argument 'cmake_target_skip_unavailable' from command line to 'False'
[0.967s] Level 5:colcon.colcon_core.verb:set package 'py_srvcli' build argument 'cmake_clean_cache' from command line to 'False'
[0.968s] Level 5:colcon.colcon_core.verb:set package 'py_srvcli' build argument 'cmake_clean_first' from command line to 'False'
[0.968s] Level 5:colcon.colcon_core.verb:set package 'py_srvcli' build argument 'cmake_force_configure' from command line to 'False'
[0.968s] Level 5:colcon.colcon_core.verb:set package 'py_srvcli' build argument 'ament_cmake_args' from command line to 'None'
[0.968s] Level 5:colcon.colcon_core.verb:set package 'py_srvcli' build argument 'catkin_cmake_args' from command line to 'None'
[0.968s] Level 5:colcon.colcon_core.verb:set package 'py_srvcli' build argument 'catkin_skip_building_tests' from command line to 'False'
[0.968s] DEBUG:colcon.colcon_core.verb:Building package 'py_srvcli' with the following arguments: {'ament_cmake_args': None, 'build_base': '/home/alejandra/ros2_ws/build/py_srvcli', 'catkin_cmake_args': None, 'catkin_skip_building_tests': False, 'cmake_args': None, 'cmake_clean_cache': False, 'cmake_clean_first': False, 'cmake_force_configure': False, 'cmake_target': None, 'cmake_target_skip_unavailable': False, 'install_base': '/home/alejandra/ros2_ws/install/py_srvcli', 'merge_install': False, 'path': '/home/alejandra/ros2_ws/src/py_srvcli', 'symlink_install': False, 'test_result_base': None}
[0.968s] Level 5:colcon.colcon_core.verb:set package 'turtlesim_control' build argument 'cmake_args' from command line to 'None'
[0.968s] Level 5:colcon.colcon_core.verb:set package 'turtlesim_control' build argument 'cmake_target' from command line to 'None'
[0.968s] Level 5:colcon.colcon_core.verb:set package 'turtlesim_control' build argument 'cmake_target_skip_unavailable' from command line to 'False'
[0.968s] Level 5:colcon.colcon_core.verb:set package 'turtlesim_control' build argument 'cmake_clean_cache' from command line to 'False'
[0.968s] Level 5:colcon.colcon_core.verb:set package 'turtlesim_control' build argument 'cmake_clean_first' from command line to 'False'
[0.968s] Level 5:colcon.colcon_core.verb:set package 'turtlesim_control' build argument 'cmake_force_configure' from command line to 'False'
[0.968s] Level 5:colcon.colcon_core.verb:set package 'turtlesim_control' build argument 'ament_cmake_args' from command line to 'None'
[0.968s] Level 5:colcon.colcon_core.verb:set package 'turtlesim_control' build argument 'catkin_cmake_args' from command line to 'None'
[0.968s] Level 5:colcon.colcon_core.verb:set package 'turtlesim_control' build argument 'catkin_skip_building_tests' from command line to 'False'
[0.968s] DEBUG:colcon.colcon_core.verb:Building package 'turtlesim_control' with the following arguments: {'ament_cmake_args': None, 'build_base': '/home/alejandra/ros2_ws/build/turtlesim_control', 'catkin_cmake_args': None, 'catkin_skip_building_tests': False, 'cmake_args': None, 'cmake_clean_cache': False, 'cmake_clean_first': False, 'cmake_force_configure': False, 'cmake_target': None, 'cmake_target_skip_unavailable': False, 'install_base': '/home/alejandra/ros2_ws/install/turtlesim_control', 'merge_install': False, 'path': '/home/alejandra/ros2_ws/src/turtlesim_control', 'symlink_install': False, 'test_result_base': None}
[0.968s] INFO:colcon.colcon_core.executor:Executing jobs using 'parallel' executor
[0.971s] DEBUG:colcon.colcon_parallel_executor.executor.parallel:run_until_complete
[0.971s] INFO:colcon.colcon_ros.task.ament_cmake.build:Building ROS package in '/home/alejandra/ros2_ws/src/tutorial_interfaces' with build type 'ament_cmake'
[0.971s] INFO:colcon.colcon_cmake.task.cmake.build:Building CMake package in '/home/alejandra/ros2_ws/src/tutorial_interfaces'
[0.990s] INFO:colcon.colcon_core.plugin_system:Skipping extension 'colcon_core.shell.bat': Not used on non-Windows systems
[0.990s] INFO:colcon.colcon_core.shell:Skip shell extension 'powershell' for command environment: Not usable outside of PowerShell
[0.990s] DEBUG:colcon.colcon_core.shell:Skip shell extension 'dsv' for command environment
[0.996s] INFO:colcon.colcon_ros.task.ament_python.build:Building ROS package in '/home/alejandra/ros2_ws/src/mi_primer_paquete' with build type 'ament_python'
[0.996s] Level 1:colcon.colcon_core.shell:create_environment_hook('mi_primer_paquete', 'ament_prefix_path')
[0.996s] INFO:colcon.colcon_core.shell:Creating environment hook '/home/alejandra/ros2_ws/install/mi_primer_paquete/share/mi_primer_paquete/hook/ament_prefix_path.ps1'
[0.998s] INFO:colcon.colcon_core.shell:Creating environment descriptor '/home/alejandra/ros2_ws/install/mi_primer_paquete/share/mi_primer_paquete/hook/ament_prefix_path.dsv'
[0.999s] INFO:colcon.colcon_core.shell:Creating environment hook '/home/alejandra/ros2_ws/install/mi_primer_paquete/share/mi_primer_paquete/hook/ament_prefix_path.sh'
[1.000s] INFO:colcon.colcon_core.shell:Skip shell extension 'powershell' for command environment: Not usable outside of PowerShell
[1.001s] DEBUG:colcon.colcon_core.shell:Skip shell extension 'dsv' for command environment
[1.006s] INFO:colcon.colcon_ros.task.ament_python.build:Building ROS package in '/home/alejandra/ros2_ws/src/my_robot_launch' with build type 'ament_python'
[1.007s] Level 1:colcon.colcon_core.shell:create_environment_hook('my_robot_launch', 'ament_prefix_path')
[1.007s] INFO:colcon.colcon_core.shell:Creating environment hook '/home/alejandra/ros2_ws/install/my_robot_launch/share/my_robot_launch/hook/ament_prefix_path.ps1'
[1.010s] INFO:colcon.colcon_core.shell:Creating environment descriptor '/home/alejandra/ros2_ws/install/my_robot_launch/share/my_robot_launch/hook/ament_prefix_path.dsv'
[1.011s] INFO:colcon.colcon_core.shell:Creating environment hook '/home/alejandra/ros2_ws/install/my_robot_launch/share/my_robot_launch/hook/ament_prefix_path.sh'
[1.012s] INFO:colcon.colcon_core.shell:Skip shell extension 'powershell' for command environment: Not usable outside of PowerShell
[1.012s] DEBUG:colcon.colcon_core.shell:Skip shell extension 'dsv' for command environment
[1.016s] INFO:colcon.colcon_ros.task.ament_python.build:Building ROS package in '/home/alejandra/ros2_ws/src/turtlesim_control_pkg' with build type 'ament_python'
[1.016s] Level 1:colcon.colcon_core.shell:create_environment_hook('turtlesim_control_pkg', 'ament_prefix_path')
[1.016s] INFO:colcon.colcon_core.shell:Creating environment hook '/home/alejandra/ros2_ws/install/turtlesim_control_pkg/share/turtlesim_control_pkg/hook/ament_prefix_path.ps1'
[1.019s] INFO:colcon.colcon_core.shell:Creating environment descriptor '/home/alejandra/ros2_ws/install/turtlesim_control_pkg/share/turtlesim_control_pkg/hook/ament_prefix_path.dsv'
[1.019s] INFO:colcon.colcon_core.shell:Creating environment hook '/home/alejandra/ros2_ws/install/turtlesim_control_pkg/share/turtlesim_control_pkg/hook/ament_prefix_path.sh'
[1.020s] INFO:colcon.colcon_core.shell:Skip shell extension 'powershell' for command environment: Not usable outside of PowerShell
[1.020s] DEBUG:colcon.colcon_core.shell:Skip shell extension 'dsv' for command environment
[1.037s] DEBUG:colcon.colcon_core.event_handler.log_command:Invoking command in '/home/alejandra/ros2_ws/build/tutorial_interfaces': CMAKE_PREFIX_PATH=${CMAKE_PREFIX_PATH}:/opt/ros/jazzy DEBUGINFOD_URLS=https://debuginfod.ubuntu.com /usr/bin/cmake --build /home/alejandra/ros2_ws/build/tutorial_interfaces -- -j12 -l12
[1.338s] INFO:colcon.colcon_core.task.python.build:Building Python package in '/home/alejandra/ros2_ws/src/mi_primer_paquete'
[1.339s] INFO:colcon.colcon_core.shell:Skip shell extension 'powershell' for command environment: Not usable outside of PowerShell
[1.339s] DEBUG:colcon.colcon_core.shell:Skip shell extension 'dsv' for command environment
[1.626s] INFO:colcon.colcon_core.task.python.build:Building Python package in '/home/alejandra/ros2_ws/src/my_robot_launch'
[1.626s] INFO:colcon.colcon_core.shell:Skip shell extension 'powershell' for command environment: Not usable outside of PowerShell
[1.626s] DEBUG:colcon.colcon_core.shell:Skip shell extension 'dsv' for command environment
[1.911s] INFO:colcon.colcon_core.task.python.build:Building Python package in '/home/alejandra/ros2_ws/src/turtlesim_control_pkg'
[1.911s] INFO:colcon.colcon_core.shell:Skip shell extension 'powershell' for command environment: Not usable outside of PowerShell
[1.911s] DEBUG:colcon.colcon_core.shell:Skip shell extension 'dsv' for command environment
[1.945s] DEBUG:colcon.colcon_core.event_handler.log_command:Invoked command in '/home/alejandra/ros2_ws/build/tutorial_interfaces' returned '0': CMAKE_PREFIX_PATH=${CMAKE_PREFIX_PATH}:/opt/ros/jazzy DEBUGINFOD_URLS=https://debuginfod.ubuntu.com /usr/bin/cmake --build /home/alejandra/ros2_ws/build/tutorial_interfaces -- -j12 -l12
[1.957s] DEBUG:colcon.colcon_core.event_handler.log_command:Invoking command in '/home/alejandra/ros2_ws/build/tutorial_interfaces': CMAKE_PREFIX_PATH=${CMAKE_PREFIX_PATH}:/opt/ros/jazzy DEBUGINFOD_URLS=https://debuginfod.ubuntu.com /usr/bin/cmake --install /home/alejandra/ros2_ws/build/tutorial_interfaces
[2.138s] Level 1:colcon.colcon_core.environment:create_environment_scripts_only(tutorial_interfaces)
[2.139s] DEBUG:colcon.colcon_core.event_handler.log_command:Invoked command in '/home/alejandra/ros2_ws/build/tutorial_interfaces' returned '0': CMAKE_PREFIX_PATH=${CMAKE_PREFIX_PATH}:/opt/ros/jazzy DEBUGINFOD_URLS=https://debuginfod.ubuntu.com /usr/bin/cmake --install /home/alejandra/ros2_ws/build/tutorial_interfaces
[2.149s] Level 1:colcon.colcon_core.environment:checking '/home/alejandra/ros2_ws/install/tutorial_interfaces' for CMake module files
[2.151s] Level 1:colcon.colcon_core.environment:checking '/home/alejandra/ros2_ws/install/tutorial_interfaces' for CMake config files
[2.156s] Level 1:colcon.colcon_core.shell:create_environment_hook('tutorial_interfaces', 'cmake_prefix_path')
[2.156s] INFO:colcon.colcon_core.shell:Creating environment hook '/home/alejandra/ros2_ws/install/tutorial_interfaces/share/tutorial_interfaces/hook/cmake_prefix_path.ps1'
[2.157s] INFO:colcon.colcon_core.shell:Creating environment descriptor '/home/alejandra/ros2_ws/install/tutorial_interfaces/share/tutorial_interfaces/hook/cmake_prefix_path.dsv'
[2.157s] INFO:colcon.colcon_core.shell:Creating environment hook '/home/alejandra/ros2_ws/install/tutorial_interfaces/share/tutorial_interfaces/hook/cmake_prefix_path.sh'
[2.158s] Level 1:colcon.colcon_core.environment:checking '/home/alejandra/ros2_ws/install/tutorial_interfaces/lib'
[2.158s] Level 1:colcon.colcon_core.shell:create_environment_hook('tutorial_interfaces', 'ld_library_path_lib')
[2.158s] INFO:colcon.colcon_core.shell:Creating environment hook '/home/alejandra/ros2_ws/install/tutorial_interfaces/share/tutorial_interfaces/hook/ld_library_path_lib.ps1'
[2.159s] INFO:colcon.colcon_core.shell:Creating environment descriptor '/home/alejandra/ros2_ws/install/tutorial_interfaces/share/tutorial_interfaces/hook/ld_library_path_lib.dsv'
[2.159s] INFO:colcon.colcon_core.shell:Creating environment hook '/home/alejandra/ros2_ws/install/tutorial_interfaces/share/tutorial_interfaces/hook/ld_library_path_lib.sh'
[2.160s] Level 1:colcon.colcon_core.environment:checking '/home/alejandra/ros2_ws/install/tutorial_interfaces/bin'
[2.160s] Level 1:colcon.colcon_core.environment:checking '/home/alejandra/ros2_ws/install/tutorial_interfaces/lib/pkgconfig/tutorial_interfaces.pc'
[2.160s] Level 1:colcon.colcon_core.environment:checking '/home/alejandra/ros2_ws/install/tutorial_interfaces/lib/python3.12/site-packages'
[2.160s] Level 1:colcon.colcon_core.shell:create_environment_hook('tutorial_interfaces', 'pythonpath')
[2.161s] INFO:colcon.colcon_core.shell:Creating environment hook '/home/alejandra/ros2_ws/install/tutorial_interfaces/share/tutorial_interfaces/hook/pythonpath.ps1'
[2.161s] INFO:colcon.colcon_core.shell:Creating environment descriptor '/home/alejandra/ros2_ws/install/tutorial_interfaces/share/tutorial_interfaces/hook/pythonpath.dsv'
[2.162s] INFO:colcon.colcon_core.shell:Creating environment hook '/home/alejandra/ros2_ws/install/tutorial_interfaces/share/tutorial_interfaces/hook/pythonpath.sh'
[2.162s] Level 1:colcon.colcon_core.environment:checking '/home/alejandra/ros2_ws/install/tutorial_interfaces/bin'
[2.163s] INFO:colcon.colcon_core.shell:Creating package script '/home/alejandra/ros2_ws/install/tutorial_interfaces/share/tutorial_interfaces/package.ps1'
[2.165s] INFO:colcon.colcon_core.shell:Creating package descriptor '/home/alejandra/ros2_ws/install/tutorial_interfaces/share/tutorial_interfaces/package.dsv'
[2.167s] INFO:colcon.colcon_core.shell:Creating package script '/home/alejandra/ros2_ws/install/tutorial_interfaces/share/tutorial_interfaces/package.sh'
[2.168s] INFO:colcon.colcon_core.shell:Creating package script '/home/alejandra/ros2_ws/install/tutorial_interfaces/share/tutorial_interfaces/package.bash'
[2.171s] INFO:colcon.colcon_core.shell:Creating package script '/home/alejandra/ros2_ws/install/tutorial_interfaces/share/tutorial_interfaces/package.zsh'
[2.172s] Level 1:colcon.colcon_core.environment:create_file_with_runtime_dependencies(/home/alejandra/ros2_ws/install/tutorial_interfaces/share/colcon-core/packages/tutorial_interfaces)
[2.174s] Level 1:colcon.colcon_core.environment:create_environment_scripts_only(tutorial_interfaces)
[2.174s] Level 1:colcon.colcon_core.environment:checking '/home/alejandra/ros2_ws/install/tutorial_interfaces' for CMake module files
[2.175s] Level 1:colcon.colcon_core.environment:checking '/home/alejandra/ros2_ws/install/tutorial_interfaces' for CMake config files
[2.175s] Level 1:colcon.colcon_core.shell:create_environment_hook('tutorial_interfaces', 'cmake_prefix_path')
[2.175s] INFO:colcon.colcon_core.shell:Creating environment hook '/home/alejandra/ros2_ws/install/tutorial_interfaces/share/tutorial_interfaces/hook/cmake_prefix_path.ps1'
[2.176s] INFO:colcon.colcon_core.shell:Creating environment descriptor '/home/alejandra/ros2_ws/install/tutorial_interfaces/share/tutorial_interfaces/hook/cmake_prefix_path.dsv'
[2.176s] INFO:colcon.colcon_core.shell:Creating environment hook '/home/alejandra/ros2_ws/install/tutorial_interfaces/share/tutorial_interfaces/hook/cmake_prefix_path.sh'
[2.177s] Level 1:colcon.colcon_core.environment:checking '/home/alejandra/ros2_ws/install/tutorial_interfaces/lib'
[2.177s] Level 1:colcon.colcon_core.shell:create_environment_hook('tutorial_interfaces', 'ld_library_path_lib')
[2.177s] INFO:colcon.colcon_core.shell:Creating environment hook '/home/alejandra/ros2_ws/install/tutorial_interfaces/share/tutorial_interfaces/hook/ld_library_path_lib.ps1'
[2.178s] INFO:colcon.colcon_core.shell:Creating environment descriptor '/home/alejandra/ros2_ws/install/tutorial_interfaces/share/tutorial_interfaces/hook/ld_library_path_lib.dsv'
[2.178s] INFO:colcon.colcon_core.shell:Creating environment hook '/home/alejandra/ros2_ws/install/tutorial_interfaces/share/tutorial_interfaces/hook/ld_library_path_lib.sh'
[2.179s] Level 1:colcon.colcon_core.environment:checking '/home/alejandra/ros2_ws/install/tutorial_interfaces/bin'
[2.179s] Level 1:colcon.colcon_core.environment:checking '/home/alejandra/ros2_ws/install/tutorial_interfaces/lib/pkgconfig/tutorial_interfaces.pc'
[2.179s] Level 1:colcon.colcon_core.environment:checking '/home/alejandra/ros2_ws/install/tutorial_interfaces/lib/python3.12/site-packages'
[2.179s] Level 1:colcon.colcon_core.shell:create_environment_hook('tutorial_interfaces', 'pythonpath')
[2.179s] INFO:colcon.colcon_core.shell:Creating environment hook '/home/alejandra/ros2_ws/install/tutorial_interfaces/share/tutorial_interfaces/hook/pythonpath.ps1'
[2.180s] INFO:colcon.colcon_core.shell:Creating environment descriptor '/home/alejandra/ros2_ws/install/tutorial_interfaces/share/tutorial_interfaces/hook/pythonpath.dsv'
[2.180s] INFO:colcon.colcon_core.shell:Creating environment hook '/home/alejandra/ros2_ws/install/tutorial_interfaces/share/tutorial_interfaces/hook/pythonpath.sh'
[2.182s] Level 1:colcon.colcon_core.environment:checking '/home/alejandra/ros2_ws/install/tutorial_interfaces/bin'
[2.183s] INFO:colcon.colcon_core.shell:Creating package script '/home/alejandra/ros2_ws/install/tutorial_interfaces/share/tutorial_interfaces/package.ps1'
[2.184s] INFO:colcon.colcon_core.shell:Creating package descriptor '/home/alejandra/ros2_ws/install/tutorial_interfaces/share/tutorial_interfaces/package.dsv'
[2.184s] INFO:colcon.colcon_core.shell:Creating package script '/home/alejandra/ros2_ws/install/tutorial_interfaces/share/tutorial_interfaces/package.sh'
[2.185s] INFO:colcon.colcon_core.shell:Creating package script '/home/alejandra/ros2_ws/install/tutorial_interfaces/share/tutorial_interfaces/package.bash'
[2.185s] INFO:colcon.colcon_core.shell:Creating package script '/home/alejandra/ros2_ws/install/tutorial_interfaces/share/tutorial_interfaces/package.zsh'
[2.186s] Level 1:colcon.colcon_core.environment:create_file_with_runtime_dependencies(/home/alejandra/ros2_ws/install/tutorial_interfaces/share/colcon-core/packages/tutorial_interfaces)
[2.186s] INFO:colcon.colcon_ros.task.ament_python.build:Building ROS package in '/home/alejandra/ros2_ws/src/py_action' with build type 'ament_python'
[2.187s] Level 1:colcon.colcon_core.shell:create_environment_hook('py_action', 'ament_prefix_path')
[2.187s] INFO:colcon.colcon_core.shell:Creating environment hook '/home/alejandra/ros2_ws/install/py_action/share/py_action/hook/ament_prefix_path.ps1'
[2.188s] INFO:colcon.colcon_core.shell:Creating environment descriptor '/home/alejandra/ros2_ws/install/py_action/share/py_action/hook/ament_prefix_path.dsv'
[2.188s] INFO:colcon.colcon_core.shell:Creating environment hook '/home/alejandra/ros2_ws/install/py_action/share/py_action/hook/ament_prefix_path.sh'
[2.190s] INFO:colcon.colcon_core.shell:Skip shell extension 'powershell' for command environment: Not usable outside of PowerShell
[2.190s] DEBUG:colcon.colcon_core.shell:Skip shell extension 'dsv' for command environment
[2.195s] INFO:colcon.colcon_ros.task.ament_python.build:Building ROS package in '/home/alejandra/ros2_ws/src/py_srvcli' with build type 'ament_python'
[2.196s] Level 1:colcon.colcon_core.shell:create_environment_hook('py_srvcli', 'ament_prefix_path')
[2.197s] INFO:colcon.colcon_core.shell:Creating environment hook '/home/alejandra/ros2_ws/install/py_srvcli/share/py_srvcli/hook/ament_prefix_path.ps1'
[2.198s] INFO:colcon.colcon_core.shell:Creating environment descriptor '/home/alejandra/ros2_ws/install/py_srvcli/share/py_srvcli/hook/ament_prefix_path.dsv'
[2.198s] INFO:colcon.colcon_core.shell:Creating environment hook '/home/alejandra/ros2_ws/install/py_srvcli/share/py_srvcli/hook/ament_prefix_path.sh'
[2.199s] INFO:colcon.colcon_core.shell:Skip shell extension 'powershell' for command environment: Not usable outside of PowerShell
[2.199s] DEBUG:colcon.colcon_core.shell:Skip shell extension 'dsv' for command environment
[2.202s] INFO:colcon.colcon_ros.task.ament_python.build:Building ROS package in '/home/alejandra/ros2_ws/src/turtlesim_control' with build type 'ament_python'
[2.202s] Level 1:colcon.colcon_core.shell:create_environment_hook('turtlesim_control', 'ament_prefix_path')
[2.203s] INFO:colcon.colcon_core.shell:Creating environment hook '/home/alejandra/ros2_ws/install/turtlesim_control/share/turtlesim_control/hook/ament_prefix_path.ps1'
[2.204s] INFO:colcon.colcon_core.shell:Creating environment descriptor '/home/alejandra/ros2_ws/install/turtlesim_control/share/turtlesim_control/hook/ament_prefix_path.dsv'
[2.206s] INFO:colcon.colcon_core.shell:Creating environment hook '/home/alejandra/ros2_ws/install/turtlesim_control/share/turtlesim_control/hook/ament_prefix_path.sh'
[2.208s] INFO:colcon.colcon_core.shell:Skip shell extension 'powershell' for command environment: Not usable outside of PowerShell
[2.208s] DEBUG:colcon.colcon_core.shell:Skip shell extension 'dsv' for command environment
[2.731s] INFO:colcon.colcon_core.task.python.build:Building Python package in '/home/alejandra/ros2_ws/src/py_action'
[2.732s] INFO:colcon.colcon_core.shell:Skip shell extension 'powershell' for command environment: Not usable outside of PowerShell
[2.732s] DEBUG:colcon.colcon_core.shell:Skip shell extension 'dsv' for command environment
[3.145s] INFO:colcon.colcon_core.task.python.build:Building Python package in '/home/alejandra/ros2_ws/src/py_srvcli'
[3.145s] INFO:colcon.colcon_core.shell:Skip shell extension 'powershell' for command environment: Not usable outside of PowerShell
[3.145s] DEBUG:colcon.colcon_core.shell:Skip shell extension 'dsv' for command environment
[3.441s] INFO:colcon.colcon_core.task.python.build:Building Python package in '/home/alejandra/ros2_ws/src/turtlesim_control'
[3.442s] INFO:colcon.colcon_core.shell:Skip shell extension 'powershell' for command environment: Not usable outside of PowerShell
[3.442s] DEBUG:colcon.colcon_core.shell:Skip shell extension 'dsv' for command environment
[3.452s] DEBUG:colcon.colcon_core.task.python.build:Available setuptools commands: install, bdist, compile_catalog, saveopts, install_egg_info, rotate, egg_info, bdist_dumb, setopt, upload_docs, alias, test, clean, install_lib, build_py, install_headers, bdist_rpm, develop, dist_info, build_scripts, update_catalog, build_clib, bdist_egg, upload, install_data, extract_messages, build, editable_wheel, init_catalog, install_scripts, register, symlink_data, build_ext, sdist, easy_install, check
[3.455s] DEBUG:colcon.colcon_core.task.python.build:Available setuptools commands: install, bdist, compile_catalog, saveopts, install_egg_info, rotate, egg_info, bdist_dumb, setopt, upload_docs, alias, test, clean, install_lib, build_py, install_headers, bdist_rpm, develop, dist_info, build_scripts, update_catalog, build_clib, bdist_egg, upload, install_data, extract_messages, build, editable_wheel, init_catalog, install_scripts, register, symlink_data, build_ext, sdist, easy_install, check
[3.461s] DEBUG:colcon.colcon_core.task.python.build:Available setuptools commands: install, bdist, compile_catalog, saveopts, install_egg_info, rotate, egg_info, bdist_dumb, setopt, upload_docs, alias, test, clean, install_lib, build_py, install_headers, bdist_rpm, develop, dist_info, build_scripts, update_catalog, build_clib, bdist_egg, upload, install_data, extract_messages, build, editable_wheel, init_catalog, install_scripts, register, symlink_data, build_ext, sdist, easy_install, check
[3.461s] DEBUG:colcon.colcon_core.event_handler.log_command:Invoking command in '/home/alejandra/ros2_ws/src/my_robot_launch': DEBUGINFOD_URLS=https://debuginfod.ubuntu.com PYTHONPATH=/home/alejandra/ros2_ws/build/my_robot_launch/prefix_override:/usr/lib/python3/dist-packages/colcon_core/task/python/colcon_distutils_commands:/home/alejandra/ros2_ws/install/my_robot_launch/lib/python3.12/site-packages:${PYTHONPATH} /usr/bin/python3 -W ignore:setup.py install is deprecated -W ignore:easy_install command is deprecated setup.py egg_info --egg-base ../../build/my_robot_launch build --build-base /home/alejandra/ros2_ws/build/my_robot_launch/build install --record /home/alejandra/ros2_ws/build/my_robot_launch/install.log --install-scripts $base/lib/my_robot_launch --single-version-externally-managed install_data
[3.467s] DEBUG:colcon.colcon_core.event_handler.log_command:Invoking command in '/home/alejandra/ros2_ws/src/mi_primer_paquete': DEBUGINFOD_URLS=https://debuginfod.ubuntu.com PYTHONPATH=/home/alejandra/ros2_ws/build/mi_primer_paquete/prefix_override:/usr/lib/python3/dist-packages/colcon_core/task/python/colcon_distutils_commands:/home/alejandra/ros2_ws/install/mi_primer_paquete/lib/python3.12/site-packages:${PYTHONPATH} /usr/bin/python3 -W ignore:setup.py install is deprecated -W ignore:easy_install command is deprecated setup.py egg_info --egg-base ../../build/mi_primer_paquete build --build-base /home/alejandra/ros2_ws/build/mi_primer_paquete/build install --record /home/alejandra/ros2_ws/build/mi_primer_paquete/install.log --install-scripts $base/lib/mi_primer_paquete --single-version-externally-managed install_data
[3.476s] DEBUG:colcon.colcon_core.event_handler.log_command:Invoking command in '/home/alejandra/ros2_ws/src/turtlesim_control_pkg': DEBUGINFOD_URLS=https://debuginfod.ubuntu.com PYTHONPATH=/home/alejandra/ros2_ws/build/turtlesim_control_pkg/prefix_override:/usr/lib/python3/dist-packages/colcon_core/task/python/colcon_distutils_commands:/home/alejandra/ros2_ws/install/turtlesim_control_pkg/lib/python3.12/site-packages:${PYTHONPATH} /usr/bin/python3 -W ignore:setup.py install is deprecated -W ignore:easy_install command is deprecated setup.py egg_info --egg-base ../../build/turtlesim_control_pkg build --build-base /home/alejandra/ros2_ws/build/turtlesim_control_pkg/build install --record /home/alejandra/ros2_ws/build/turtlesim_control_pkg/install.log --install-scripts $base/lib/turtlesim_control_pkg --single-version-externally-managed install_data
[4.256s] Level 1:colcon.colcon_core.environment:checking '/home/alejandra/ros2_ws/install/my_robot_launch' for CMake module files
[4.258s] DEBUG:colcon.colcon_core.event_handler.log_command:Invoked command in '/home/alejandra/ros2_ws/src/my_robot_launch' returned '0': DEBUGINFOD_URLS=https://debuginfod.ubuntu.com PYTHONPATH=/home/alejandra/ros2_ws/build/my_robot_launch/prefix_override:/usr/lib/python3/dist-packages/colcon_core/task/python/colcon_distutils_commands:/home/alejandra/ros2_ws/install/my_robot_launch/lib/python3.12/site-packages:${PYTHONPATH} /usr/bin/python3 -W ignore:setup.py install is deprecated -W ignore:easy_install command is deprecated setup.py egg_info --egg-base ../../build/my_robot_launch build --build-base /home/alejandra/ros2_ws/build/my_robot_launch/build install --record /home/alejandra/ros2_ws/build/my_robot_launch/install.log --install-scripts $base/lib/my_robot_launch --single-version-externally-managed install_data
[4.259s] Level 1:colcon.colcon_core.environment:checking '/home/alejandra/ros2_ws/install/my_robot_launch' for CMake config files
[4.260s] Level 1:colcon.colcon_core.environment:checking '/home/alejandra/ros2_ws/install/my_robot_launch/lib'
[4.260s] Level 1:colcon.colcon_core.environment:checking '/home/alejandra/ros2_ws/install/my_robot_launch/bin'
[4.261s] Level 1:colcon.colcon_core.environment:checking '/home/alejandra/ros2_ws/install/my_robot_launch/lib/pkgconfig/my_robot_launch.pc'
[4.261s] Level 1:colcon.colcon_core.environment:checking '/home/alejandra/ros2_ws/install/my_robot_launch/lib/python3.12/site-packages'
[4.261s] Level 1:colcon.colcon_core.shell:create_environment_hook('my_robot_launch', 'pythonpath')
[4.262s] INFO:colcon.colcon_core.shell:Creating environment hook '/home/alejandra/ros2_ws/install/my_robot_launch/share/my_robot_launch/hook/pythonpath.ps1'
[4.263s] INFO:colcon.colcon_core.shell:Creating environment descriptor '/home/alejandra/ros2_ws/install/my_robot_launch/share/my_robot_launch/hook/pythonpath.dsv'
[4.263s] INFO:colcon.colcon_core.shell:Creating environment hook '/home/alejandra/ros2_ws/install/my_robot_launch/share/my_robot_launch/hook/pythonpath.sh'
[4.264s] Level 1:colcon.colcon_core.environment:checking '/home/alejandra/ros2_ws/install/my_robot_launch/bin'
[4.264s] Level 1:colcon.colcon_core.environment:create_environment_scripts_only(my_robot_launch)
[4.265s] INFO:colcon.colcon_core.shell:Creating package script '/home/alejandra/ros2_ws/install/my_robot_launch/share/my_robot_launch/package.ps1'
[4.266s] INFO:colcon.colcon_core.shell:Creating package descriptor '/home/alejandra/ros2_ws/install/my_robot_launch/share/my_robot_launch/package.dsv'
[4.267s] INFO:colcon.colcon_core.shell:Creating package script '/home/alejandra/ros2_ws/install/my_robot_launch/share/my_robot_launch/package.sh'
[4.268s] INFO:colcon.colcon_core.shell:Creating package script '/home/alejandra/ros2_ws/install/my_robot_launch/share/my_robot_launch/package.bash'
[4.270s] INFO:colcon.colcon_core.shell:Creating package script '/home/alejandra/ros2_ws/install/my_robot_launch/share/my_robot_launch/package.zsh'
[4.271s] Level 1:colcon.colcon_core.environment:create_file_with_runtime_dependencies(/home/alejandra/ros2_ws/install/my_robot_launch/share/colcon-core/packages/my_robot_launch)
[4.303s] Level 1:colcon.colcon_core.environment:checking '/home/alejandra/ros2_ws/install/mi_primer_paquete' for CMake module files
[4.304s] DEBUG:colcon.colcon_core.event_handler.log_command:Invoked command in '/home/alejandra/ros2_ws/src/mi_primer_paquete' returned '0': DEBUGINFOD_URLS=https://debuginfod.ubuntu.com PYTHONPATH=/home/alejandra/ros2_ws/build/mi_primer_paquete/prefix_override:/usr/lib/python3/dist-packages/colcon_core/task/python/colcon_distutils_commands:/home/alejandra/ros2_ws/install/mi_primer_paquete/lib/python3.12/site-packages:${PYTHONPATH} /usr/bin/python3 -W ignore:setup.py install is deprecated -W ignore:easy_install command is deprecated setup.py egg_info --egg-base ../../build/mi_primer_paquete build --build-base /home/alejandra/ros2_ws/build/mi_primer_paquete/build install --record /home/alejandra/ros2_ws/build/mi_primer_paquete/install.log --install-scripts $base/lib/mi_primer_paquete --single-version-externally-managed install_data
[4.307s] Level 1:colcon.colcon_core.environment:checking '/home/alejandra/ros2_ws/install/mi_primer_paquete' for CMake config files
[4.313s] Level 1:colcon.colcon_core.environment:checking '/home/alejandra/ros2_ws/install/mi_primer_paquete/lib'
[4.314s] Level 1:colcon.colcon_core.environment:checking '/home/alejandra/ros2_ws/install/mi_primer_paquete/bin'
[4.314s] Level 1:colcon.colcon_core.environment:checking '/home/alejandra/ros2_ws/install/mi_primer_paquete/lib/pkgconfig/mi_primer_paquete.pc'
[4.314s] Level 1:colcon.colcon_core.environment:checking '/home/alejandra/ros2_ws/install/mi_primer_paquete/lib/python3.12/site-packages'
[4.314s] Level 1:colcon.colcon_core.shell:create_environment_hook('mi_primer_paquete', 'pythonpath')
[4.315s] INFO:colcon.colcon_core.shell:Creating environment hook '/home/alejandra/ros2_ws/install/mi_primer_paquete/share/mi_primer_paquete/hook/pythonpath.ps1'
[4.316s] INFO:colcon.colcon_core.shell:Creating environment descriptor '/home/alejandra/ros2_ws/install/mi_primer_paquete/share/mi_primer_paquete/hook/pythonpath.dsv'
[4.316s] INFO:colcon.colcon_core.shell:Creating environment hook '/home/alejandra/ros2_ws/install/mi_primer_paquete/share/mi_primer_paquete/hook/pythonpath.sh'
[4.317s] Level 1:colcon.colcon_core.environment:checking '/home/alejandra/ros2_ws/install/mi_primer_paquete/bin'
[4.317s] Level 1:colcon.colcon_core.environment:create_environment_scripts_only(mi_primer_paquete)
[4.318s] INFO:colcon.colcon_core.shell:Creating package script '/home/alejandra/ros2_ws/install/mi_primer_paquete/share/mi_primer_paquete/package.ps1'
[4.320s] INFO:colcon.colcon_core.shell:Creating package descriptor '/home/alejandra/ros2_ws/install/mi_primer_paquete/share/mi_primer_paquete/package.dsv'
[4.321s] INFO:colcon.colcon_core.shell:Creating package script '/home/alejandra/ros2_ws/install/mi_primer_paquete/share/mi_primer_paquete/package.sh'
[4.322s] INFO:colcon.colcon_core.shell:Creating package script '/home/alejandra/ros2_ws/install/mi_primer_paquete/share/mi_primer_paquete/package.bash'
[4.323s] INFO:colcon.colcon_core.shell:Creating package script '/home/alejandra/ros2_ws/install/mi_primer_paquete/share/mi_primer_paquete/package.zsh'
[4.324s] Level 1:colcon.colcon_core.environment:create_file_with_runtime_dependencies(/home/alejandra/ros2_ws/install/mi_primer_paquete/share/colcon-core/packages/mi_primer_paquete)
[4.333s] Level 1:colcon.colcon_core.environment:checking '/home/alejandra/ros2_ws/install/turtlesim_control_pkg' for CMake module files
[4.334s] DEBUG:colcon.colcon_core.event_handler.log_command:Invoked command in '/home/alejandra/ros2_ws/src/turtlesim_control_pkg' returned '0': DEBUGINFOD_URLS=https://debuginfod.ubuntu.com PYTHONPATH=/home/alejandra/ros2_ws/build/turtlesim_control_pkg/prefix_override:/usr/lib/python3/dist-packages/colcon_core/task/python/colcon_distutils_commands:/home/alejandra/ros2_ws/install/turtlesim_control_pkg/lib/python3.12/site-packages:${PYTHONPATH} /usr/bin/python3 -W ignore:setup.py install is deprecated -W ignore:easy_install command is deprecated setup.py egg_info --egg-base ../../build/turtlesim_control_pkg build --build-base /home/alejandra/ros2_ws/build/turtlesim_control_pkg/build install --record /home/alejandra/ros2_ws/build/turtlesim_control_pkg/install.log --install-scripts $base/lib/turtlesim_control_pkg --single-version-externally-managed install_data
[4.355s] Level 1:colcon.colcon_core.environment:checking '/home/alejandra/ros2_ws/install/turtlesim_control_pkg' for CMake config files
[4.360s] Level 1:colcon.colcon_core.environment:checking '/home/alejandra/ros2_ws/install/turtlesim_control_pkg/lib'
[4.360s] Level 1:colcon.colcon_core.environment:checking '/home/alejandra/ros2_ws/install/turtlesim_control_pkg/bin'
[4.361s] Level 1:colcon.colcon_core.environment:checking '/home/alejandra/ros2_ws/install/turtlesim_control_pkg/lib/pkgconfig/turtlesim_control_pkg.pc'
[4.361s] Level 1:colcon.colcon_core.environment:checking '/home/alejandra/ros2_ws/install/turtlesim_control_pkg/lib/python3.12/site-packages'
[4.362s] Level 1:colcon.colcon_core.shell:create_environment_hook('turtlesim_control_pkg', 'pythonpath')
[4.362s] INFO:colcon.colcon_core.shell:Creating environment hook '/home/alejandra/ros2_ws/install/turtlesim_control_pkg/share/turtlesim_control_pkg/hook/pythonpath.ps1'
[4.363s] INFO:colcon.colcon_core.shell:Creating environment descriptor '/home/alejandra/ros2_ws/install/turtlesim_control_pkg/share/turtlesim_control_pkg/hook/pythonpath.dsv'
[4.364s] INFO:colcon.colcon_core.shell:Creating environment hook '/home/alejandra/ros2_ws/install/turtlesim_control_pkg/share/turtlesim_control_pkg/hook/pythonpath.sh'
[4.366s] Level 1:colcon.colcon_core.environment:checking '/home/alejandra/ros2_ws/install/turtlesim_control_pkg/bin'
[4.366s] Level 1:colcon.colcon_core.environment:create_environment_scripts_only(turtlesim_control_pkg)
[4.367s] INFO:colcon.colcon_core.shell:Creating package script '/home/alejandra/ros2_ws/install/turtlesim_control_pkg/share/turtlesim_control_pkg/package.ps1'
[4.368s] INFO:colcon.colcon_core.shell:Creating package descriptor '/home/alejandra/ros2_ws/install/turtlesim_control_pkg/share/turtlesim_control_pkg/package.dsv'
[4.369s] INFO:colcon.colcon_core.shell:Creating package script '/home/alejandra/ros2_ws/install/turtlesim_control_pkg/share/turtlesim_control_pkg/package.sh'
[4.369s] INFO:colcon.colcon_core.shell:Creating package script '/home/alejandra/ros2_ws/install/turtlesim_control_pkg/share/turtlesim_control_pkg/package.bash'
[4.370s] INFO:colcon.colcon_core.shell:Creating package script '/home/alejandra/ros2_ws/install/turtlesim_control_pkg/share/turtlesim_control_pkg/package.zsh'
[4.371s] Level 1:colcon.colcon_core.environment:create_file_with_runtime_dependencies(/home/alejandra/ros2_ws/install/turtlesim_control_pkg/share/colcon-core/packages/turtlesim_control_pkg)
[4.372s] DEBUG:colcon.colcon_core.task.python.build:Available setuptools commands: install, bdist, compile_catalog, saveopts, install_egg_info, rotate, egg_info, bdist_dumb, setopt, upload_docs, alias, test, clean, install_lib, build_py, install_headers, bdist_rpm, develop, dist_info, build_scripts, update_catalog, build_clib, bdist_egg, upload, install_data, extract_messages, build, editable_wheel, init_catalog, install_scripts, register, symlink_data, build_ext, sdist, easy_install, check
[4.384s] DEBUG:colcon.colcon_core.event_handler.log_command:Invoking command in '/home/alejandra/ros2_ws/src/py_action': AMENT_PREFIX_PATH=/home/alejandra/ros2_ws/install/tutorial_interfaces:${AMENT_PREFIX_PATH} CMAKE_PREFIX_PATH=/home/alejandra/ros2_ws/install/tutorial_interfaces:${CMAKE_PREFIX_PATH} DEBUGINFOD_URLS=https://debuginfod.ubuntu.com LD_LIBRARY_PATH=/home/alejandra/ros2_ws/install/tutorial_interfaces/lib:${LD_LIBRARY_PATH} PYTHONPATH=/home/alejandra/ros2_ws/build/py_action/prefix_override:/usr/lib/python3/dist-packages/colcon_core/task/python/colcon_distutils_commands:/home/alejandra/ros2_ws/install/py_action/lib/python3.12/site-packages:/home/alejandra/ros2_ws/install/tutorial_interfaces/lib/python3.12/site-packages:${PYTHONPATH} /usr/bin/python3 -W ignore:setup.py install is deprecated -W ignore:easy_install command is deprecated setup.py egg_info --egg-base ../../build/py_action build --build-base /home/alejandra/ros2_ws/build/py_action/build install --record /home/alejandra/ros2_ws/build/py_action/install.log --install-scripts $base/lib/py_action --single-version-externally-managed install_data
[4.429s] DEBUG:colcon.colcon_core.task.python.build:Available setuptools commands: install, bdist, compile_catalog, saveopts, install_egg_info, rotate, egg_info, bdist_dumb, setopt, upload_docs, alias, test, clean, install_lib, build_py, install_headers, bdist_rpm, develop, dist_info, build_scripts, update_catalog, build_clib, bdist_egg, upload, install_data, extract_messages, build, editable_wheel, init_catalog, install_scripts, register, symlink_data, build_ext, sdist, easy_install, check
[4.433s] DEBUG:colcon.colcon_core.event_handler.log_command:Invoking command in '/home/alejandra/ros2_ws/src/py_srvcli': AMENT_PREFIX_PATH=/home/alejandra/ros2_ws/install/tutorial_interfaces:${AMENT_PREFIX_PATH} CMAKE_PREFIX_PATH=/home/alejandra/ros2_ws/install/tutorial_interfaces:${CMAKE_PREFIX_PATH} DEBUGINFOD_URLS=https://debuginfod.ubuntu.com LD_LIBRARY_PATH=/home/alejandra/ros2_ws/install/tutorial_interfaces/lib:${LD_LIBRARY_PATH} PYTHONPATH=/home/alejandra/ros2_ws/build/py_srvcli/prefix_override:/usr/lib/python3/dist-packages/colcon_core/task/python/colcon_distutils_commands:/home/alejandra/ros2_ws/install/py_srvcli/lib/python3.12/site-packages:/home/alejandra/ros2_ws/install/tutorial_interfaces/lib/python3.12/site-packages:${PYTHONPATH} /usr/bin/python3 -W ignore:setup.py install is deprecated -W ignore:easy_install command is deprecated setup.py egg_info --egg-base ../../build/py_srvcli build --build-base /home/alejandra/ros2_ws/build/py_srvcli/build install --record /home/alejandra/ros2_ws/build/py_srvcli/install.log --install-scripts $base/lib/py_srvcli --single-version-externally-managed install_data
[4.636s] DEBUG:colcon.colcon_core.task.python.build:Available setuptools commands: install, bdist, compile_catalog, saveopts, install_egg_info, rotate, egg_info, bdist_dumb, setopt, upload_docs, alias, test, clean, install_lib, build_py, install_headers, bdist_rpm, develop, dist_info, build_scripts, update_catalog, build_clib, bdist_egg, upload, install_data, extract_messages, build, editable_wheel, init_catalog, install_scripts, register, symlink_data, build_ext, sdist, easy_install, check
[4.646s] DEBUG:colcon.colcon_core.event_handler.log_command:Invoking command in '/home/alejandra/ros2_ws/src/turtlesim_control': AMENT_PREFIX_PATH=/home/alejandra/ros2_ws/install/tutorial_interfaces:${AMENT_PREFIX_PATH} CMAKE_PREFIX_PATH=/home/alejandra/ros2_ws/install/tutorial_interfaces:${CMAKE_PREFIX_PATH} DEBUGINFOD_URLS=https://debuginfod.ubuntu.com LD_LIBRARY_PATH=/home/alejandra/ros2_ws/install/tutorial_interfaces/lib:${LD_LIBRARY_PATH} PYTHONPATH=/home/alejandra/ros2_ws/build/turtlesim_control/prefix_override:/usr/lib/python3/dist-packages/colcon_core/task/python/colcon_distutils_commands:/home/alejandra/ros2_ws/install/turtlesim_control/lib/python3.12/site-packages:/home/alejandra/ros2_ws/install/tutorial_interfaces/lib/python3.12/site-packages:${PYTHONPATH} /usr/bin/python3 -W ignore:setup.py install is deprecated -W ignore:easy_install command is deprecated setup.py egg_info --egg-base ../../build/turtlesim_control build --build-base /home/alejandra/ros2_ws/build/turtlesim_control/build install --record /home/alejandra/ros2_ws/build/turtlesim_control/install.log --install-scripts $base/lib/turtlesim_control --single-version-externally-managed install_data
[5.053s] Level 1:colcon.colcon_core.environment:checking '/home/alejandra/ros2_ws/install/py_action' for CMake module files
[5.054s] DEBUG:colcon.colcon_core.event_handler.log_command:Invoked command in '/home/alejandra/ros2_ws/src/py_action' returned '0': AMENT_PREFIX_PATH=/home/alejandra/ros2_ws/install/tutorial_interfaces:${AMENT_PREFIX_PATH} CMAKE_PREFIX_PATH=/home/alejandra/ros2_ws/install/tutorial_interfaces:${CMAKE_PREFIX_PATH} DEBUGINFOD_URLS=https://debuginfod.ubuntu.com LD_LIBRARY_PATH=/home/alejandra/ros2_ws/install/tutorial_interfaces/lib:${LD_LIBRARY_PATH} PYTHONPATH=/home/alejandra/ros2_ws/build/py_action/prefix_override:/usr/lib/python3/dist-packages/colcon_core/task/python/colcon_distutils_commands:/home/alejandra/ros2_ws/install/py_action/lib/python3.12/site-packages:/home/alejandra/ros2_ws/install/tutorial_interfaces/lib/python3.12/site-packages:${PYTHONPATH} /usr/bin/python3 -W ignore:setup.py install is deprecated -W ignore:easy_install command is deprecated setup.py egg_info --egg-base ../../build/py_action build --build-base /home/alejandra/ros2_ws/build/py_action/build install --record /home/alejandra/ros2_ws/build/py_action/install.log --install-scripts $base/lib/py_action --single-version-externally-managed install_data
[5.057s] Level 1:colcon.colcon_core.environment:checking '/home/alejandra/ros2_ws/install/py_action' for CMake config files
[5.061s] Level 1:colcon.colcon_core.environment:checking '/home/alejandra/ros2_ws/install/py_action/lib'
[5.061s] Level 1:colcon.colcon_core.environment:checking '/home/alejandra/ros2_ws/install/py_action/bin'
[5.061s] Level 1:colcon.colcon_core.environment:checking '/home/alejandra/ros2_ws/install/py_action/lib/pkgconfig/py_action.pc'
[5.062s] Level 1:colcon.colcon_core.environment:checking '/home/alejandra/ros2_ws/install/py_action/lib/python3.12/site-packages'
[5.062s] Level 1:colcon.colcon_core.shell:create_environment_hook('py_action', 'pythonpath')
[5.062s] INFO:colcon.colcon_core.shell:Creating environment hook '/home/alejandra/ros2_ws/install/py_action/share/py_action/hook/pythonpath.ps1'
[5.063s] INFO:colcon.colcon_core.shell:Creating environment descriptor '/home/alejandra/ros2_ws/install/py_action/share/py_action/hook/pythonpath.dsv'
[5.063s] INFO:colcon.colcon_core.shell:Creating environment hook '/home/alejandra/ros2_ws/install/py_action/share/py_action/hook/pythonpath.sh'
[5.064s] Level 1:colcon.colcon_core.environment:checking '/home/alejandra/ros2_ws/install/py_action/bin'
[5.065s] Level 1:colcon.colcon_core.environment:create_environment_scripts_only(py_action)
[5.065s] INFO:colcon.colcon_core.shell:Creating package script '/home/alejandra/ros2_ws/install/py_action/share/py_action/package.ps1'
[5.067s] INFO:colcon.colcon_core.shell:Creating package descriptor '/home/alejandra/ros2_ws/install/py_action/share/py_action/package.dsv'
[5.068s] INFO:colcon.colcon_core.shell:Creating package script '/home/alejandra/ros2_ws/install/py_action/share/py_action/package.sh'
[5.069s] INFO:colcon.colcon_core.shell:Creating package script '/home/alejandra/ros2_ws/install/py_action/share/py_action/package.bash'
[5.070s] INFO:colcon.colcon_core.shell:Creating package script '/home/alejandra/ros2_ws/install/py_action/share/py_action/package.zsh'
[5.070s] Level 1:colcon.colcon_core.environment:create_file_with_runtime_dependencies(/home/alejandra/ros2_ws/install/py_action/share/colcon-core/packages/py_action)
[5.103s] Level 1:colcon.colcon_core.environment:checking '/home/alejandra/ros2_ws/install/py_srvcli' for CMake module files
[5.104s] DEBUG:colcon.colcon_core.event_handler.log_command:Invoked command in '/home/alejandra/ros2_ws/src/py_srvcli' returned '0': AMENT_PREFIX_PATH=/home/alejandra/ros2_ws/install/tutorial_interfaces:${AMENT_PREFIX_PATH} CMAKE_PREFIX_PATH=/home/alejandra/ros2_ws/install/tutorial_interfaces:${CMAKE_PREFIX_PATH} DEBUGINFOD_URLS=https://debuginfod.ubuntu.com LD_LIBRARY_PATH=/home/alejandra/ros2_ws/install/tutorial_interfaces/lib:${LD_LIBRARY_PATH} PYTHONPATH=/home/alejandra/ros2_ws/build/py_srvcli/prefix_override:/usr/lib/python3/dist-packages/colcon_core/task/python/colcon_distutils_commands:/home/alejandra/ros2_ws/install/py_srvcli/lib/python3.12/site-packages:/home/alejandra/ros2_ws/install/tutorial_interfaces/lib/python3.12/site-packages:${PYTHONPATH} /usr/bin/python3 -W ignore:setup.py install is deprecated -W ignore:easy_install command is deprecated setup.py egg_info --egg-base ../../build/py_srvcli build --build-base /home/alejandra/ros2_ws/build/py_srvcli/build install --record /home/alejandra/ros2_ws/build/py_srvcli/install.log --install-scripts $base/lib/py_srvcli --single-version-externally-managed install_data
[5.105s] Level 1:colcon.colcon_core.environment:checking '/home/alejandra/ros2_ws/install/py_srvcli' for CMake config files
[5.108s] Level 1:colcon.colcon_core.environment:checking '/home/alejandra/ros2_ws/install/py_srvcli/lib'
[5.109s] Level 1:colcon.colcon_core.environment:checking '/home/alejandra/ros2_ws/install/py_srvcli/bin'
[5.109s] Level 1:colcon.colcon_core.environment:checking '/home/alejandra/ros2_ws/install/py_srvcli/lib/pkgconfig/py_srvcli.pc'
[5.109s] Level 1:colcon.colcon_core.environment:checking '/home/alejandra/ros2_ws/install/py_srvcli/lib/python3.12/site-packages'
[5.109s] Level 1:colcon.colcon_core.shell:create_environment_hook('py_srvcli', 'pythonpath')
[5.109s] INFO:colcon.colcon_core.shell:Creating environment hook '/home/alejandra/ros2_ws/install/py_srvcli/share/py_srvcli/hook/pythonpath.ps1'
[5.110s] INFO:colcon.colcon_core.shell:Creating environment descriptor '/home/alejandra/ros2_ws/install/py_srvcli/share/py_srvcli/hook/pythonpath.dsv'
[5.111s] INFO:colcon.colcon_core.shell:Creating environment hook '/home/alejandra/ros2_ws/install/py_srvcli/share/py_srvcli/hook/pythonpath.sh'
[5.112s] Level 1:colcon.colcon_core.environment:checking '/home/alejandra/ros2_ws/install/py_srvcli/bin'
[5.112s] Level 1:colcon.colcon_core.environment:create_environment_scripts_only(py_srvcli)
[5.112s] INFO:colcon.colcon_core.shell:Creating package script '/home/alejandra/ros2_ws/install/py_srvcli/share/py_srvcli/package.ps1'
[5.113s] INFO:colcon.colcon_core.shell:Creating package descriptor '/home/alejandra/ros2_ws/install/py_srvcli/share/py_srvcli/package.dsv'
[5.114s] INFO:colcon.colcon_core.shell:Creating package script '/home/alejandra/ros2_ws/install/py_srvcli/share/py_srvcli/package.sh'
[5.115s] INFO:colcon.colcon_core.shell:Creating package script '/home/alejandra/ros2_ws/install/py_srvcli/share/py_srvcli/package.bash'
[5.116s] INFO:colcon.colcon_core.shell:Creating package script '/home/alejandra/ros2_ws/install/py_srvcli/share/py_srvcli/package.zsh'
[5.117s] Level 1:colcon.colcon_core.environment:create_file_with_runtime_dependencies(/home/alejandra/ros2_ws/install/py_srvcli/share/colcon-core/packages/py_srvcli)
[5.434s] Level 1:colcon.colcon_core.environment:checking '/home/alejandra/ros2_ws/install/turtlesim_control' for CMake module files
[5.435s] DEBUG:colcon.colcon_core.event_handler.log_command:Invoked command in '/home/alejandra/ros2_ws/src/turtlesim_control' returned '0': AMENT_PREFIX_PATH=/home/alejandra/ros2_ws/install/tutorial_interfaces:${AMENT_PREFIX_PATH} CMAKE_PREFIX_PATH=/home/alejandra/ros2_ws/install/tutorial_interfaces:${CMAKE_PREFIX_PATH} DEBUGINFOD_URLS=https://debuginfod.ubuntu.com LD_LIBRARY_PATH=/home/alejandra/ros2_ws/install/tutorial_interfaces/lib:${LD_LIBRARY_PATH} PYTHONPATH=/home/alejandra/ros2_ws/build/turtlesim_control/prefix_override:/usr/lib/python3/dist-packages/colcon_core/task/python/colcon_distutils_commands:/home/alejandra/ros2_ws/install/turtlesim_control/lib/python3.12/site-packages:/home/alejandra/ros2_ws/install/tutorial_interfaces/lib/python3.12/site-packages:${PYTHONPATH} /usr/bin/python3 -W ignore:setup.py install is deprecated -W ignore:easy_install command is deprecated setup.py egg_info --egg-base ../../build/turtlesim_control build --build-base /home/alejandra/ros2_ws/build/turtlesim_control/build install --record /home/alejandra/ros2_ws/build/turtlesim_control/install.log --install-scripts $base/lib/turtlesim_control --single-version-externally-managed install_data
[5.437s] Level 1:colcon.colcon_core.environment:checking '/home/alejandra/ros2_ws/install/turtlesim_control' for CMake config files
[5.443s] Level 1:colcon.colcon_core.environment:checking '/home/alejandra/ros2_ws/install/turtlesim_control/lib'
[5.444s] Level 1:colcon.colcon_core.environment:checking '/home/alejandra/ros2_ws/install/turtlesim_control/bin'
[5.444s] Level 1:colcon.colcon_core.environment:checking '/home/alejandra/ros2_ws/install/turtlesim_control/lib/pkgconfig/turtlesim_control.pc'
[5.444s] Level 1:colcon.colcon_core.environment:checking '/home/alejandra/ros2_ws/install/turtlesim_control/lib/python3.12/site-packages'
[5.444s] Level 1:colcon.colcon_core.shell:create_environment_hook('turtlesim_control', 'pythonpath')
[5.444s] INFO:colcon.colcon_core.shell:Creating environment hook '/home/alejandra/ros2_ws/install/turtlesim_control/share/turtlesim_control/hook/pythonpath.ps1'
[5.445s] INFO:colcon.colcon_core.shell:Creating environment descriptor '/home/alejandra/ros2_ws/install/turtlesim_control/share/turtlesim_control/hook/pythonpath.dsv'
[5.445s] INFO:colcon.colcon_core.shell:Creating environment hook '/home/alejandra/ros2_ws/install/turtlesim_control/share/turtlesim_control/hook/pythonpath.sh'
[5.446s] Level 1:colcon.colcon_core.environment:checking '/home/alejandra/ros2_ws/install/turtlesim_control/bin'
[5.446s] Level 1:colcon.colcon_core.environment:create_environment_scripts_only(turtlesim_control)
[5.447s] INFO:colcon.colcon_core.shell:Creating package script '/home/alejandra/ros2_ws/install/turtlesim_control/share/turtlesim_control/package.ps1'
[5.447s] INFO:colcon.colcon_core.shell:Creating package descriptor '/home/alejandra/ros2_ws/install/turtlesim_control/share/turtlesim_control/package.dsv'
[5.448s] INFO:colcon.colcon_core.shell:Creating package script '/home/alejandra/ros2_ws/install/turtlesim_control/share/turtlesim_control/package.sh'
[5.448s] INFO:colcon.colcon_core.shell:Creating package script '/home/alejandra/ros2_ws/install/turtlesim_control/share/turtlesim_control/package.bash'
[5.449s] INFO:colcon.colcon_core.shell:Creating package script '/home/alejandra/ros2_ws/install/turtlesim_control/share/turtlesim_control/package.zsh'
[5.449s] Level 1:colcon.colcon_core.environment:create_file_with_runtime_dependencies(/home/alejandra/ros2_ws/install/turtlesim_control/share/colcon-core/packages/turtlesim_control)
[5.450s] DEBUG:colcon.colcon_parallel_executor.executor.parallel:closing loop
[5.451s] DEBUG:colcon.colcon_parallel_executor.executor.parallel:loop closed
[5.451s] DEBUG:colcon.colcon_parallel_executor.executor.parallel:run_until_complete finished with '0'
[5.452s] DEBUG:colcon.colcon_core.event_reactor:joining thread
[5.634s] INFO:colcon.colcon_core.plugin_system:Skipping extension 'colcon_notification.desktop_notification.notify_send': Could not find 'notify-send'
[5.634s] INFO:colcon.colcon_core.plugin_system:Skipping extension 'colcon_notification.desktop_notification.terminal_notifier': Not used on non-Darwin systems
[5.635s] INFO:colcon.colcon_core.plugin_system:Skipping extension 'colcon_notification.desktop_notification.win32': Not used on non-Windows systems
[5.635s] INFO:colcon.colcon_notification.desktop_notification:Sending desktop notification using 'notify2'
[5.740s] DEBUG:colcon.colcon_notification.desktop_notification.notify2:Failed to initialize notify2: org.freedesktop.DBus.Error.ServiceUnknown: The name org.freedesktop.Notifications was not provided by any .service files
[5.740s] DEBUG:colcon.colcon_core.event_reactor:joined thread
[5.740s] INFO:colcon.colcon_core.shell:Creating prefix script '/home/alejandra/ros2_ws/install/local_setup.ps1'
[5.742s] INFO:colcon.colcon_core.shell:Creating prefix util module '/home/alejandra/ros2_ws/install/_local_setup_util_ps1.py'
[5.744s] INFO:colcon.colcon_core.shell:Creating prefix chain script '/home/alejandra/ros2_ws/install/setup.ps1'
[5.747s] INFO:colcon.colcon_core.shell:Creating prefix script '/home/alejandra/ros2_ws/install/local_setup.sh'
[5.748s] INFO:colcon.colcon_core.shell:Creating prefix util module '/home/alejandra/ros2_ws/install/_local_setup_util_sh.py'
[5.748s] INFO:colcon.colcon_core.shell:Creating prefix chain script '/home/alejandra/ros2_ws/install/setup.sh'
[5.750s] INFO:colcon.colcon_core.shell:Creating prefix script '/home/alejandra/ros2_ws/install/local_setup.bash'
[5.751s] INFO:colcon.colcon_core.shell:Creating prefix chain script '/home/alejandra/ros2_ws/install/setup.bash'
[5.753s] INFO:colcon.colcon_core.shell:Creating prefix script '/home/alejandra/ros2_ws/install/local_setup.zsh'
[5.754s] INFO:colcon.colcon_core.shell:Creating prefix chain script '/home/alejandra/ros2_ws/install/setup.zsh'
