[0.207s] DEBUG:colcon:Command line arguments: ['/usr/bin/colcon', 'build', '--symlink-install']
[0.207s] DEBUG:colcon:Parsed command line arguments: Namespace(log_base=None, log_level=None, verb_name='build', build_base='build', install_base='install', merge_install=False, symlink_install=True, test_result_base=None, continue_on_error=False, executor='parallel', parallel_workers=12, event_handlers=None, ignore_user_meta=False, metas=['./colcon.meta'], base_paths=['.'], packages_ignore=None, packages_ignore_regex=None, paths=None, packages_up_to=None, packages_up_to_regex=None, packages_above=None, packages_above_and_dependencies=None, packages_above_depth=None, packages_select_by_dep=None, packages_skip_by_dep=None, packages_skip_up_to=None, packages_select_build_failed=False, packages_skip_build_finished=False, packages_select_test_failures=False, packages_skip_test_passed=False, packages_select=None, packages_skip=None, packages_select_regex=None, packages_skip_regex=None, packages_start=None, packages_end=None, allow_overriding=[], cmake_args=None, cmake_target=None, cmake_target_skip_unavailable=False, cmake_clean_cache=False, cmake_clean_first=False, cmake_force_configure=False, ament_cmake_args=None, catkin_cmake_args=None, catkin_skip_building_tests=False, mixin_files=None, mixin=None, verb_parser=<colcon_mixin.mixin.mixin_argument.MixinArgumentDecorator object at 0x7f4010ff2c00>, verb_extension=<colcon_core.verb.build.BuildVerb object at 0x7f4010ff29f0>, main=<bound method BuildVerb.main of <colcon_core.verb.build.BuildVerb object at 0x7f4010ff29f0>>, mixin_verb=('build',))
[0.243s] Level 1:colcon.colcon_core.package_discovery:discover_packages(colcon_meta) check parameters
[0.243s] Level 1:colcon.colcon_core.package_discovery:discover_packages(recursive) check parameters
[0.243s] Level 1:colcon.colcon_core.package_discovery:discover_packages(ignore) check parameters
[0.243s] Level 1:colcon.colcon_core.package_discovery:discover_packages(path) check parameters
[0.243s] Level 1:colcon.colcon_core.package_discovery:discover_packages(colcon_meta) discover
[0.244s] Level 1:colcon.colcon_core.package_discovery:discover_packages(recursive) discover
[0.244s] INFO:colcon.colcon_core.package_discovery:Crawling recursively for packages in '/home/alejandra/ros2_ws'
[0.244s] Level 1:colcon.colcon_core.package_identification:_identify(.) by extensions ['ignore', 'ignore_ament_install']
[0.244s] Level 1:colcon.colcon_core.package_identification:_identify(.) by extension 'ignore'
[0.244s] Level 1:colcon.colcon_core.package_identification:_identify(.) by extension 'ignore_ament_install'
[0.244s] Level 1:colcon.colcon_core.package_identification:_identify(.) by extensions ['colcon_pkg']
[0.244s] Level 1:colcon.colcon_core.package_identification:_identify(.) by extension 'colcon_pkg'
[0.244s] Level 1:colcon.colcon_core.package_identification:_identify(.) by extensions ['colcon_meta']
[0.244s] Level 1:colcon.colcon_core.package_identification:_identify(.) by extension 'colcon_meta'
[0.244s] Level 1:colcon.colcon_core.package_identification:_identify(.) by extensions ['ros']
[0.244s] Level 1:colcon.colcon_core.package_identification:_identify(.) by extension 'ros'
[0.274s] Level 1:colcon.colcon_core.package_identification:_identify(.) by extensions ['cmake', 'python']
[0.274s] Level 1:colcon.colcon_core.package_identification:_identify(.) by extension 'cmake'
[0.274s] Level 1:colcon.colcon_core.package_identification:_identify(.) by extension 'python'
[0.274s] Level 1:colcon.colcon_core.package_identification:_identify(.) by extensions ['python_setup_py']
[0.274s] Level 1:colcon.colcon_core.package_identification:_identify(.) by extension 'python_setup_py'
[0.274s] Level 1:colcon.colcon_core.package_identification:_identify(build) by extensions ['ignore', 'ignore_ament_install']
[0.274s] Level 1:colcon.colcon_core.package_identification:_identify(build) by extension 'ignore'
[0.275s] Level 1:colcon.colcon_core.package_identification:_identify(build) ignored
[0.275s] Level 1:colcon.colcon_core.package_identification:_identify(install) by extensions ['ignore', 'ignore_ament_install']
[0.275s] Level 1:colcon.colcon_core.package_identification:_identify(install) by extension 'ignore'
[0.275s] Level 1:colcon.colcon_core.package_identification:_identify(install) ignored
[0.275s] Level 1:colcon.colcon_core.package_identification:_identify(log) by extensions ['ignore', 'ignore_ament_install']
[0.275s] Level 1:colcon.colcon_core.package_identification:_identify(log) by extension 'ignore'
[0.275s] Level 1:colcon.colcon_core.package_identification:_identify(log) ignored
[0.275s] Level 1:colcon.colcon_core.package_identification:_identify(src) by extensions ['ignore', 'ignore_ament_install']
[0.276s] Level 1:colcon.colcon_core.package_identification:_identify(src) by extension 'ignore'
[0.276s] Level 1:colcon.colcon_core.package_identification:_identify(src) by extension 'ignore_ament_install'
[0.276s] Level 1:colcon.colcon_core.package_identification:_identify(src) by extensions ['colcon_pkg']
[0.276s] Level 1:colcon.colcon_core.package_identification:_identify(src) by extension 'colcon_pkg'
[0.276s] Level 1:colcon.colcon_core.package_identification:_identify(src) by extensions ['colcon_meta']
[0.276s] Level 1:colcon.colcon_core.package_identification:_identify(src) by extension 'colcon_meta'
[0.276s] Level 1:colcon.colcon_core.package_identification:_identify(src) by extensions ['ros']
[0.277s] Level 1:colcon.colcon_core.package_identification:_identify(src) by extension 'ros'
[0.277s] Level 1:colcon.colcon_core.package_identification:_identify(src) by extensions ['cmake', 'python']
[0.277s] Level 1:colcon.colcon_core.package_identification:_identify(src) by extension 'cmake'
[0.277s] Level 1:colcon.colcon_core.package_identification:_identify(src) by extension 'python'
[0.277s] Level 1:colcon.colcon_core.package_identification:_identify(src) by extensions ['python_setup_py']
[0.277s] Level 1:colcon.colcon_core.package_identification:_identify(src) by extension 'python_setup_py'
[0.277s] Level 1:colcon.colcon_core.package_identification:_identify(src/dif_bot_description) by extensions ['ignore', 'ignore_ament_install']
[0.277s] Level 1:colcon.colcon_core.package_identification:_identify(src/dif_bot_description) by extension 'ignore'
[0.278s] Level 1:colcon.colcon_core.package_identification:_identify(src/dif_bot_description) by extension 'ignore_ament_install'
[0.278s] Level 1:colcon.colcon_core.package_identification:_identify(src/dif_bot_description) by extensions ['colcon_pkg']
[0.278s] Level 1:colcon.colcon_core.package_identification:_identify(src/dif_bot_description) by extension 'colcon_pkg'
[0.278s] Level 1:colcon.colcon_core.package_identification:_identify(src/dif_bot_description) by extensions ['colcon_meta']
[0.278s] Level 1:colcon.colcon_core.package_identification:_identify(src/dif_bot_description) by extension 'colcon_meta'
[0.278s] Level 1:colcon.colcon_core.package_identification:_identify(src/dif_bot_description) by extensions ['ros']
[0.278s] Level 1:colcon.colcon_core.package_identification:_identify(src/dif_bot_description) by extension 'ros'
[0.280s] DEBUG:colcon.colcon_core.package_identification:Package 'src/dif_bot_description' with type 'ros.ament_cmake' and name 'dif_bot_description'
[0.281s] Level 1:colcon.colcon_core.package_identification:_identify(src/mi_primer_paquete) by extensions ['ignore', 'ignore_ament_install']
[0.281s] Level 1:colcon.colcon_core.package_identification:_identify(src/mi_primer_paquete) by extension 'ignore'
[0.281s] Level 1:colcon.colcon_core.package_identification:_identify(src/mi_primer_paquete) by extension 'ignore_ament_install'
[0.281s] Level 1:colcon.colcon_core.package_identification:_identify(src/mi_primer_paquete) by extensions ['colcon_pkg']
[0.281s] Level 1:colcon.colcon_core.package_identification:_identify(src/mi_primer_paquete) by extension 'colcon_pkg'
[0.281s] Level 1:colcon.colcon_core.package_identification:_identify(src/mi_primer_paquete) by extensions ['colcon_meta']
[0.281s] Level 1:colcon.colcon_core.package_identification:_identify(src/mi_primer_paquete) by extension 'colcon_meta'
[0.281s] Level 1:colcon.colcon_core.package_identification:_identify(src/mi_primer_paquete) by extensions ['ros']
[0.281s] Level 1:colcon.colcon_core.package_identification:_identify(src/mi_primer_paquete) by extension 'ros'
[0.282s] DEBUG:colcon.colcon_core.package_identification:Package 'src/mi_primer_paquete' with type 'ros.ament_python' and name 'mi_primer_paquete'
[0.282s] Level 1:colcon.colcon_core.package_identification:_identify(src/my_robot_launch) by extensions ['ignore', 'ignore_ament_install']
[0.282s] Level 1:colcon.colcon_core.package_identification:_identify(src/my_robot_launch) by extension 'ignore'
[0.282s] Level 1:colcon.colcon_core.package_identification:_identify(src/my_robot_launch) by extension 'ignore_ament_install'
[0.282s] Level 1:colcon.colcon_core.package_identification:_identify(src/my_robot_launch) by extensions ['colcon_pkg']
[0.282s] Level 1:colcon.colcon_core.package_identification:_identify(src/my_robot_launch) by extension 'colcon_pkg'
[0.282s] Level 1:colcon.colcon_core.package_identification:_identify(src/my_robot_launch) by extensions ['colcon_meta']
[0.282s] Level 1:colcon.colcon_core.package_identification:_identify(src/my_robot_launch) by extension 'colcon_meta'
[0.283s] Level 1:colcon.colcon_core.package_identification:_identify(src/my_robot_launch) by extensions ['ros']
[0.283s] Level 1:colcon.colcon_core.package_identification:_identify(src/my_robot_launch) by extension 'ros'
[0.284s] DEBUG:colcon.colcon_core.package_identification:Package 'src/my_robot_launch' with type 'ros.ament_python' and name 'my_robot_launch'
[0.284s] Level 1:colcon.colcon_core.package_identification:_identify(src/py_action) by extensions ['ignore', 'ignore_ament_install']
[0.284s] Level 1:colcon.colcon_core.package_identification:_identify(src/py_action) by extension 'ignore'
[0.284s] Level 1:colcon.colcon_core.package_identification:_identify(src/py_action) by extension 'ignore_ament_install'
[0.284s] Level 1:colcon.colcon_core.package_identification:_identify(src/py_action) by extensions ['colcon_pkg']
[0.284s] Level 1:colcon.colcon_core.package_identification:_identify(src/py_action) by extension 'colcon_pkg'
[0.284s] Level 1:colcon.colcon_core.package_identification:_identify(src/py_action) by extensions ['colcon_meta']
[0.284s] Level 1:colcon.colcon_core.package_identification:_identify(src/py_action) by extension 'colcon_meta'
[0.284s] Level 1:colcon.colcon_core.package_identification:_identify(src/py_action) by extensions ['ros']
[0.284s] Level 1:colcon.colcon_core.package_identification:_identify(src/py_action) by extension 'ros'
[0.285s] DEBUG:colcon.colcon_core.package_identification:Package 'src/py_action' with type 'ros.ament_python' and name 'py_action'
[0.285s] Level 1:colcon.colcon_core.package_identification:_identify(src/py_srvcli) by extensions ['ignore', 'ignore_ament_install']
[0.285s] Level 1:colcon.colcon_core.package_identification:_identify(src/py_srvcli) by extension 'ignore'
[0.285s] Level 1:colcon.colcon_core.package_identification:_identify(src/py_srvcli) by extension 'ignore_ament_install'
[0.285s] Level 1:colcon.colcon_core.package_identification:_identify(src/py_srvcli) by extensions ['colcon_pkg']
[0.285s] Level 1:colcon.colcon_core.package_identification:_identify(src/py_srvcli) by extension 'colcon_pkg'
[0.285s] Level 1:colcon.colcon_core.package_identification:_identify(src/py_srvcli) by extensions ['colcon_meta']
[0.285s] Level 1:colcon.colcon_core.package_identification:_identify(src/py_srvcli) by extension 'colcon_meta'
[0.285s] Level 1:colcon.colcon_core.package_identification:_identify(src/py_srvcli) by extensions ['ros']
[0.285s] Level 1:colcon.colcon_core.package_identification:_identify(src/py_srvcli) by extension 'ros'
[0.286s] DEBUG:colcon.colcon_core.package_identification:Package 'src/py_srvcli' with type 'ros.ament_python' and name 'py_srvcli'
[0.286s] Level 1:colcon.colcon_core.package_identification:_identify(src/turtlesim_control) by extensions ['ignore', 'ignore_ament_install']
[0.286s] Level 1:colcon.colcon_core.package_identification:_identify(src/turtlesim_control) by extension 'ignore'
[0.286s] Level 1:colcon.colcon_core.package_identification:_identify(src/turtlesim_control) by extension 'ignore_ament_install'
[0.286s] Level 1:colcon.colcon_core.package_identification:_identify(src/turtlesim_control) by extensions ['colcon_pkg']
[0.286s] Level 1:colcon.colcon_core.package_identification:_identify(src/turtlesim_control) by extension 'colcon_pkg'
[0.286s] Level 1:colcon.colcon_core.package_identification:_identify(src/turtlesim_control) by extensions ['colcon_meta']
[0.286s] Level 1:colcon.colcon_core.package_identification:_identify(src/turtlesim_control) by extension 'colcon_meta'
[0.286s] Level 1:colcon.colcon_core.package_identification:_identify(src/turtlesim_control) by extensions ['ros']
[0.286s] Level 1:colcon.colcon_core.package_identification:_identify(src/turtlesim_control) by extension 'ros'
[0.288s] DEBUG:colcon.colcon_core.package_identification:Package 'src/turtlesim_control' with type 'ros.ament_python' and name 'turtlesim_control'
[0.288s] Level 1:colcon.colcon_core.package_identification:_identify(src/turtlesim_control_pkg) by extensions ['ignore', 'ignore_ament_install']
[0.288s] Level 1:colcon.colcon_core.package_identification:_identify(src/turtlesim_control_pkg) by extension 'ignore'
[0.288s] Level 1:colcon.colcon_core.package_identification:_identify(src/turtlesim_control_pkg) by extension 'ignore_ament_install'
[0.288s] Level 1:colcon.colcon_core.package_identification:_identify(src/turtlesim_control_pkg) by extensions ['colcon_pkg']
[0.288s] Level 1:colcon.colcon_core.package_identification:_identify(src/turtlesim_control_pkg) by extension 'colcon_pkg'
[0.288s] Level 1:colcon.colcon_core.package_identification:_identify(src/turtlesim_control_pkg) by extensions ['colcon_meta']
[0.288s] Level 1:colcon.colcon_core.package_identification:_identify(src/turtlesim_control_pkg) by extension 'colcon_meta'
[0.289s] Level 1:colcon.colcon_core.package_identification:_identify(src/turtlesim_control_pkg) by extensions ['ros']
[0.289s] Level 1:colcon.colcon_core.package_identification:_identify(src/turtlesim_control_pkg) by extension 'ros'
[0.289s] DEBUG:colcon.colcon_core.package_identification:Package 'src/turtlesim_control_pkg' with type 'ros.ament_python' and name 'turtlesim_control_pkg'
[0.289s] Level 1:colcon.colcon_core.package_identification:_identify(src/tutorial_interfaces) by extensions ['ignore', 'ignore_ament_install']
[0.289s] Level 1:colcon.colcon_core.package_identification:_identify(src/tutorial_interfaces) by extension 'ignore'
[0.289s] Level 1:colcon.colcon_core.package_identification:_identify(src/tutorial_interfaces) by extension 'ignore_ament_install'
[0.289s] Level 1:colcon.colcon_core.package_identification:_identify(src/tutorial_interfaces) by extensions ['colcon_pkg']
[0.289s] Level 1:colcon.colcon_core.package_identification:_identify(src/tutorial_interfaces) by extension 'colcon_pkg'
[0.290s] Level 1:colcon.colcon_core.package_identification:_identify(src/tutorial_interfaces) by extensions ['colcon_meta']
[0.290s] Level 1:colcon.colcon_core.package_identification:_identify(src/tutorial_interfaces) by extension 'colcon_meta'
[0.290s] Level 1:colcon.colcon_core.package_identification:_identify(src/tutorial_interfaces) by extensions ['ros']
[0.290s] Level 1:colcon.colcon_core.package_identification:_identify(src/tutorial_interfaces) by extension 'ros'
[0.290s] DEBUG:colcon.colcon_core.package_identification:Package 'src/tutorial_interfaces' with type 'ros.ament_cmake' and name 'tutorial_interfaces'
[0.290s] Level 1:colcon.colcon_core.package_discovery:discover_packages(recursive) using defaults
[0.290s] Level 1:colcon.colcon_core.package_discovery:discover_packages(ignore) discover
[0.290s] Level 1:colcon.colcon_core.package_discovery:discover_packages(ignore) using defaults
[0.290s] Level 1:colcon.colcon_core.package_discovery:discover_packages(path) discover
[0.290s] Level 1:colcon.colcon_core.package_discovery:discover_packages(path) using defaults
[0.310s] Level 1:colcon.colcon_core.package_discovery:discover_packages(prefix_path) check parameters
[0.311s] Level 1:colcon.colcon_core.package_discovery:discover_packages(prefix_path) discover
[0.312s] DEBUG:colcon.colcon_installed_package_information.package_discovery:Found 8 installed packages in /home/alejandra/ros2_ws/install
[0.313s] DEBUG:colcon.colcon_installed_package_information.package_discovery:Found 320 installed packages in /opt/ros/jazzy
[0.315s] Level 1:colcon.colcon_core.package_discovery:discover_packages(prefix_path) using defaults
[0.356s] Level 5:colcon.colcon_core.verb:set package 'dif_bot_description' build argument 'cmake_args' from command line to 'None'
[0.356s] Level 5:colcon.colcon_core.verb:set package 'dif_bot_description' build argument 'cmake_target' from command line to 'None'
[0.356s] Level 5:colcon.colcon_core.verb:set package 'dif_bot_description' build argument 'cmake_target_skip_unavailable' from command line to 'False'
[0.356s] Level 5:colcon.colcon_core.verb:set package 'dif_bot_description' build argument 'cmake_clean_cache' from command line to 'False'
[0.356s] Level 5:colcon.colcon_core.verb:set package 'dif_bot_description' build argument 'cmake_clean_first' from command line to 'False'
[0.356s] Level 5:colcon.colcon_core.verb:set package 'dif_bot_description' build argument 'cmake_force_configure' from command line to 'False'
[0.356s] Level 5:colcon.colcon_core.verb:set package 'dif_bot_description' build argument 'ament_cmake_args' from command line to 'None'
[0.356s] Level 5:colcon.colcon_core.verb:set package 'dif_bot_description' build argument 'catkin_cmake_args' from command line to 'None'
[0.356s] Level 5:colcon.colcon_core.verb:set package 'dif_bot_description' build argument 'catkin_skip_building_tests' from command line to 'False'
[0.356s] DEBUG:colcon.colcon_core.verb:Building package 'dif_bot_description' with the following arguments: {'ament_cmake_args': None, 'build_base': '/home/alejandra/ros2_ws/build/dif_bot_description', 'catkin_cmake_args': None, 'catkin_skip_building_tests': False, 'cmake_args': None, 'cmake_clean_cache': False, 'cmake_clean_first': False, 'cmake_force_configure': False, 'cmake_target': None, 'cmake_target_skip_unavailable': False, 'install_base': '/home/alejandra/ros2_ws/install/dif_bot_description', 'merge_install': False, 'path': '/home/alejandra/ros2_ws/src/dif_bot_description', 'symlink_install': True, 'test_result_base': None}
[0.357s] Level 5:colcon.colcon_core.verb:set package 'mi_primer_paquete' build argument 'cmake_args' from command line to 'None'
[0.357s] Level 5:colcon.colcon_core.verb:set package 'mi_primer_paquete' build argument 'cmake_target' from command line to 'None'
[0.357s] Level 5:colcon.colcon_core.verb:set package 'mi_primer_paquete' build argument 'cmake_target_skip_unavailable' from command line to 'False'
[0.357s] Level 5:colcon.colcon_core.verb:set package 'mi_primer_paquete' build argument 'cmake_clean_cache' from command line to 'False'
[0.357s] Level 5:colcon.colcon_core.verb:set package 'mi_primer_paquete' build argument 'cmake_clean_first' from command line to 'False'
[0.357s] Level 5:colcon.colcon_core.verb:set package 'mi_primer_paquete' build argument 'cmake_force_configure' from command line to 'False'
[0.357s] Level 5:colcon.colcon_core.verb:set package 'mi_primer_paquete' build argument 'ament_cmake_args' from command line to 'None'
[0.357s] Level 5:colcon.colcon_core.verb:set package 'mi_primer_paquete' build argument 'catkin_cmake_args' from command line to 'None'
[0.357s] Level 5:colcon.colcon_core.verb:set package 'mi_primer_paquete' build argument 'catkin_skip_building_tests' from command line to 'False'
[0.357s] DEBUG:colcon.colcon_core.verb:Building package 'mi_primer_paquete' with the following arguments: {'ament_cmake_args': None, 'build_base': '/home/alejandra/ros2_ws/build/mi_primer_paquete', 'catkin_cmake_args': None, 'catkin_skip_building_tests': False, 'cmake_args': None, 'cmake_clean_cache': False, 'cmake_clean_first': False, 'cmake_force_configure': False, 'cmake_target': None, 'cmake_target_skip_unavailable': False, 'install_base': '/home/alejandra/ros2_ws/install/mi_primer_paquete', 'merge_install': False, 'path': '/home/alejandra/ros2_ws/src/mi_primer_paquete', 'symlink_install': True, 'test_result_base': None}
[0.357s] Level 5:colcon.colcon_core.verb:set package 'my_robot_launch' build argument 'cmake_args' from command line to 'None'
[0.357s] Level 5:colcon.colcon_core.verb:set package 'my_robot_launch' build argument 'cmake_target' from command line to 'None'
[0.357s] Level 5:colcon.colcon_core.verb:set package 'my_robot_launch' build argument 'cmake_target_skip_unavailable' from command line to 'False'
[0.357s] Level 5:colcon.colcon_core.verb:set package 'my_robot_launch' build argument 'cmake_clean_cache' from command line to 'False'
[0.357s] Level 5:colcon.colcon_core.verb:set package 'my_robot_launch' build argument 'cmake_clean_first' from command line to 'False'
[0.358s] Level 5:colcon.colcon_core.verb:set package 'my_robot_launch' build argument 'cmake_force_configure' from command line to 'False'
[0.358s] Level 5:colcon.colcon_core.verb:set package 'my_robot_launch' build argument 'ament_cmake_args' from command line to 'None'
[0.358s] Level 5:colcon.colcon_core.verb:set package 'my_robot_launch' build argument 'catkin_cmake_args' from command line to 'None'
[0.358s] Level 5:colcon.colcon_core.verb:set package 'my_robot_launch' build argument 'catkin_skip_building_tests' from command line to 'False'
[0.358s] DEBUG:colcon.colcon_core.verb:Building package 'my_robot_launch' with the following arguments: {'ament_cmake_args': None, 'build_base': '/home/alejandra/ros2_ws/build/my_robot_launch', 'catkin_cmake_args': None, 'catkin_skip_building_tests': False, 'cmake_args': None, 'cmake_clean_cache': False, 'cmake_clean_first': False, 'cmake_force_configure': False, 'cmake_target': None, 'cmake_target_skip_unavailable': False, 'install_base': '/home/alejandra/ros2_ws/install/my_robot_launch', 'merge_install': False, 'path': '/home/alejandra/ros2_ws/src/my_robot_launch', 'symlink_install': True, 'test_result_base': None}
[0.358s] Level 5:colcon.colcon_core.verb:set package 'turtlesim_control_pkg' build argument 'cmake_args' from command line to 'None'
[0.358s] Level 5:colcon.colcon_core.verb:set package 'turtlesim_control_pkg' build argument 'cmake_target' from command line to 'None'
[0.358s] Level 5:colcon.colcon_core.verb:set package 'turtlesim_control_pkg' build argument 'cmake_target_skip_unavailable' from command line to 'False'
[0.358s] Level 5:colcon.colcon_core.verb:set package 'turtlesim_control_pkg' build argument 'cmake_clean_cache' from command line to 'False'
[0.358s] Level 5:colcon.colcon_core.verb:set package 'turtlesim_control_pkg' build argument 'cmake_clean_first' from command line to 'False'
[0.358s] Level 5:colcon.colcon_core.verb:set package 'turtlesim_control_pkg' build argument 'cmake_force_configure' from command line to 'False'
[0.358s] Level 5:colcon.colcon_core.verb:set package 'turtlesim_control_pkg' build argument 'ament_cmake_args' from command line to 'None'
[0.358s] Level 5:colcon.colcon_core.verb:set package 'turtlesim_control_pkg' build argument 'catkin_cmake_args' from command line to 'None'
[0.358s] Level 5:colcon.colcon_core.verb:set package 'turtlesim_control_pkg' build argument 'catkin_skip_building_tests' from command line to 'False'
[0.358s] DEBUG:colcon.colcon_core.verb:Building package 'turtlesim_control_pkg' with the following arguments: {'ament_cmake_args': None, 'build_base': '/home/alejandra/ros2_ws/build/turtlesim_control_pkg', 'catkin_cmake_args': None, 'catkin_skip_building_tests': False, 'cmake_args': None, 'cmake_clean_cache': False, 'cmake_clean_first': False, 'cmake_force_configure': False, 'cmake_target': None, 'cmake_target_skip_unavailable': False, 'install_base': '/home/alejandra/ros2_ws/install/turtlesim_control_pkg', 'merge_install': False, 'path': '/home/alejandra/ros2_ws/src/turtlesim_control_pkg', 'symlink_install': True, 'test_result_base': None}
[0.359s] Level 5:colcon.colcon_core.verb:set package 'tutorial_interfaces' build argument 'cmake_args' from command line to 'None'
[0.359s] Level 5:colcon.colcon_core.verb:set package 'tutorial_interfaces' build argument 'cmake_target' from command line to 'None'
[0.359s] Level 5:colcon.colcon_core.verb:set package 'tutorial_interfaces' build argument 'cmake_target_skip_unavailable' from command line to 'False'
[0.359s] Level 5:colcon.colcon_core.verb:set package 'tutorial_interfaces' build argument 'cmake_clean_cache' from command line to 'False'
[0.359s] Level 5:colcon.colcon_core.verb:set package 'tutorial_interfaces' build argument 'cmake_clean_first' from command line to 'False'
[0.359s] Level 5:colcon.colcon_core.verb:set package 'tutorial_interfaces' build argument 'cmake_force_configure' from command line to 'False'
[0.359s] Level 5:colcon.colcon_core.verb:set package 'tutorial_interfaces' build argument 'ament_cmake_args' from command line to 'None'
[0.359s] Level 5:colcon.colcon_core.verb:set package 'tutorial_interfaces' build argument 'catkin_cmake_args' from command line to 'None'
[0.359s] Level 5:colcon.colcon_core.verb:set package 'tutorial_interfaces' build argument 'catkin_skip_building_tests' from command line to 'False'
[0.359s] DEBUG:colcon.colcon_core.verb:Building package 'tutorial_interfaces' with the following arguments: {'ament_cmake_args': None, 'build_base': '/home/alejandra/ros2_ws/build/tutorial_interfaces', 'catkin_cmake_args': None, 'catkin_skip_building_tests': False, 'cmake_args': None, 'cmake_clean_cache': False, 'cmake_clean_first': False, 'cmake_force_configure': False, 'cmake_target': None, 'cmake_target_skip_unavailable': False, 'install_base': '/home/alejandra/ros2_ws/install/tutorial_interfaces', 'merge_install': False, 'path': '/home/alejandra/ros2_ws/src/tutorial_interfaces', 'symlink_install': True, 'test_result_base': None}
[0.360s] Level 5:colcon.colcon_core.verb:set package 'py_action' build argument 'cmake_args' from command line to 'None'
[0.360s] Level 5:colcon.colcon_core.verb:set package 'py_action' build argument 'cmake_target' from command line to 'None'
[0.360s] Level 5:colcon.colcon_core.verb:set package 'py_action' build argument 'cmake_target_skip_unavailable' from command line to 'False'
[0.360s] Level 5:colcon.colcon_core.verb:set package 'py_action' build argument 'cmake_clean_cache' from command line to 'False'
[0.360s] Level 5:colcon.colcon_core.verb:set package 'py_action' build argument 'cmake_clean_first' from command line to 'False'
[0.360s] Level 5:colcon.colcon_core.verb:set package 'py_action' build argument 'cmake_force_configure' from command line to 'False'
[0.360s] Level 5:colcon.colcon_core.verb:set package 'py_action' build argument 'ament_cmake_args' from command line to 'None'
[0.360s] Level 5:colcon.colcon_core.verb:set package 'py_action' build argument 'catkin_cmake_args' from command line to 'None'
[0.360s] Level 5:colcon.colcon_core.verb:set package 'py_action' build argument 'catkin_skip_building_tests' from command line to 'False'
[0.360s] DEBUG:colcon.colcon_core.verb:Building package 'py_action' with the following arguments: {'ament_cmake_args': None, 'build_base': '/home/alejandra/ros2_ws/build/py_action', 'catkin_cmake_args': None, 'catkin_skip_building_tests': False, 'cmake_args': None, 'cmake_clean_cache': False, 'cmake_clean_first': False, 'cmake_force_configure': False, 'cmake_target': None, 'cmake_target_skip_unavailable': False, 'install_base': '/home/alejandra/ros2_ws/install/py_action', 'merge_install': False, 'path': '/home/alejandra/ros2_ws/src/py_action', 'symlink_install': True, 'test_result_base': None}
[0.360s] Level 5:colcon.colcon_core.verb:set package 'py_srvcli' build argument 'cmake_args' from command line to 'None'
[0.360s] Level 5:colcon.colcon_core.verb:set package 'py_srvcli' build argument 'cmake_target' from command line to 'None'
[0.360s] Level 5:colcon.colcon_core.verb:set package 'py_srvcli' build argument 'cmake_target_skip_unavailable' from command line to 'False'
[0.360s] Level 5:colcon.colcon_core.verb:set package 'py_srvcli' build argument 'cmake_clean_cache' from command line to 'False'
[0.360s] Level 5:colcon.colcon_core.verb:set package 'py_srvcli' build argument 'cmake_clean_first' from command line to 'False'
[0.360s] Level 5:colcon.colcon_core.verb:set package 'py_srvcli' build argument 'cmake_force_configure' from command line to 'False'
[0.360s] Level 5:colcon.colcon_core.verb:set package 'py_srvcli' build argument 'ament_cmake_args' from command line to 'None'
[0.360s] Level 5:colcon.colcon_core.verb:set package 'py_srvcli' build argument 'catkin_cmake_args' from command line to 'None'
[0.360s] Level 5:colcon.colcon_core.verb:set package 'py_srvcli' build argument 'catkin_skip_building_tests' from command line to 'False'
[0.361s] DEBUG:colcon.colcon_core.verb:Building package 'py_srvcli' with the following arguments: {'ament_cmake_args': None, 'build_base': '/home/alejandra/ros2_ws/build/py_srvcli', 'catkin_cmake_args': None, 'catkin_skip_building_tests': False, 'cmake_args': None, 'cmake_clean_cache': False, 'cmake_clean_first': False, 'cmake_force_configure': False, 'cmake_target': None, 'cmake_target_skip_unavailable': False, 'install_base': '/home/alejandra/ros2_ws/install/py_srvcli', 'merge_install': False, 'path': '/home/alejandra/ros2_ws/src/py_srvcli', 'symlink_install': True, 'test_result_base': None}
[0.361s] Level 5:colcon.colcon_core.verb:set package 'turtlesim_control' build argument 'cmake_args' from command line to 'None'
[0.361s] Level 5:colcon.colcon_core.verb:set package 'turtlesim_control' build argument 'cmake_target' from command line to 'None'
[0.361s] Level 5:colcon.colcon_core.verb:set package 'turtlesim_control' build argument 'cmake_target_skip_unavailable' from command line to 'False'
[0.361s] Level 5:colcon.colcon_core.verb:set package 'turtlesim_control' build argument 'cmake_clean_cache' from command line to 'False'
[0.361s] Level 5:colcon.colcon_core.verb:set package 'turtlesim_control' build argument 'cmake_clean_first' from command line to 'False'
[0.361s] Level 5:colcon.colcon_core.verb:set package 'turtlesim_control' build argument 'cmake_force_configure' from command line to 'False'
[0.361s] Level 5:colcon.colcon_core.verb:set package 'turtlesim_control' build argument 'ament_cmake_args' from command line to 'None'
[0.361s] Level 5:colcon.colcon_core.verb:set package 'turtlesim_control' build argument 'catkin_cmake_args' from command line to 'None'
[0.361s] Level 5:colcon.colcon_core.verb:set package 'turtlesim_control' build argument 'catkin_skip_building_tests' from command line to 'False'
[0.361s] DEBUG:colcon.colcon_core.verb:Building package 'turtlesim_control' with the following arguments: {'ament_cmake_args': None, 'build_base': '/home/alejandra/ros2_ws/build/turtlesim_control', 'catkin_cmake_args': None, 'catkin_skip_building_tests': False, 'cmake_args': None, 'cmake_clean_cache': False, 'cmake_clean_first': False, 'cmake_force_configure': False, 'cmake_target': None, 'cmake_target_skip_unavailable': False, 'install_base': '/home/alejandra/ros2_ws/install/turtlesim_control', 'merge_install': False, 'path': '/home/alejandra/ros2_ws/src/turtlesim_control', 'symlink_install': True, 'test_result_base': None}
[0.361s] INFO:colcon.colcon_core.executor:Executing jobs using 'parallel' executor
[0.362s] DEBUG:colcon.colcon_parallel_executor.executor.parallel:run_until_complete
[0.363s] INFO:colcon.colcon_ros.task.ament_cmake.build:Building ROS package in '/home/alejandra/ros2_ws/src/tutorial_interfaces' with build type 'ament_cmake'
[0.363s] INFO:colcon.colcon_cmake.task.cmake.build:Building CMake package in '/home/alejandra/ros2_ws/src/tutorial_interfaces'
[0.365s] INFO:colcon.colcon_core.plugin_system:Skipping extension 'colcon_core.shell.bat': Not used on non-Windows systems
[0.365s] INFO:colcon.colcon_core.shell:Skip shell extension 'powershell' for command environment: Not usable outside of PowerShell
[0.366s] DEBUG:colcon.colcon_core.shell:Skip shell extension 'dsv' for command environment
[0.369s] INFO:colcon.colcon_ros.task.ament_cmake.build:Building ROS package in '/home/alejandra/ros2_ws/src/dif_bot_description' with build type 'ament_cmake'
[0.369s] INFO:colcon.colcon_cmake.task.cmake.build:Building CMake package in '/home/alejandra/ros2_ws/src/dif_bot_description'
[0.370s] INFO:colcon.colcon_core.shell:Skip shell extension 'powershell' for command environment: Not usable outside of PowerShell
[0.370s] DEBUG:colcon.colcon_core.shell:Skip shell extension 'dsv' for command environment
[0.373s] INFO:colcon.colcon_ros.task.ament_python.build:Building ROS package in '/home/alejandra/ros2_ws/src/mi_primer_paquete' with build type 'ament_python'
[0.374s] Level 1:colcon.colcon_core.shell:create_environment_hook('mi_primer_paquete', 'ament_prefix_path')
[0.374s] INFO:colcon.colcon_core.shell:Creating environment hook '/home/alejandra/ros2_ws/install/mi_primer_paquete/share/mi_primer_paquete/hook/ament_prefix_path.ps1'
[0.375s] INFO:colcon.colcon_core.shell:Creating environment descriptor '/home/alejandra/ros2_ws/install/mi_primer_paquete/share/mi_primer_paquete/hook/ament_prefix_path.dsv'
[0.376s] INFO:colcon.colcon_core.shell:Creating environment hook '/home/alejandra/ros2_ws/install/mi_primer_paquete/share/mi_primer_paquete/hook/ament_prefix_path.sh'
[0.377s] INFO:colcon.colcon_core.shell:Skip shell extension 'powershell' for command environment: Not usable outside of PowerShell
[0.377s] DEBUG:colcon.colcon_core.shell:Skip shell extension 'dsv' for command environment
[0.382s] INFO:colcon.colcon_ros.task.ament_python.build:Building ROS package in '/home/alejandra/ros2_ws/src/my_robot_launch' with build type 'ament_python'
[0.382s] Level 1:colcon.colcon_core.shell:create_environment_hook('my_robot_launch', 'ament_prefix_path')
[0.382s] INFO:colcon.colcon_core.shell:Creating environment hook '/home/alejandra/ros2_ws/install/my_robot_launch/share/my_robot_launch/hook/ament_prefix_path.ps1'
[0.383s] INFO:colcon.colcon_core.shell:Creating environment descriptor '/home/alejandra/ros2_ws/install/my_robot_launch/share/my_robot_launch/hook/ament_prefix_path.dsv'
[0.383s] INFO:colcon.colcon_core.shell:Creating environment hook '/home/alejandra/ros2_ws/install/my_robot_launch/share/my_robot_launch/hook/ament_prefix_path.sh'
[0.384s] INFO:colcon.colcon_core.shell:Skip shell extension 'powershell' for command environment: Not usable outside of PowerShell
[0.384s] DEBUG:colcon.colcon_core.shell:Skip shell extension 'dsv' for command environment
[0.387s] INFO:colcon.colcon_ros.task.ament_python.build:Building ROS package in '/home/alejandra/ros2_ws/src/turtlesim_control_pkg' with build type 'ament_python'
[0.387s] Level 1:colcon.colcon_core.shell:create_environment_hook('turtlesim_control_pkg', 'ament_prefix_path')
[0.388s] INFO:colcon.colcon_core.shell:Creating environment hook '/home/alejandra/ros2_ws/install/turtlesim_control_pkg/share/turtlesim_control_pkg/hook/ament_prefix_path.ps1'
[0.388s] INFO:colcon.colcon_core.shell:Creating environment descriptor '/home/alejandra/ros2_ws/install/turtlesim_control_pkg/share/turtlesim_control_pkg/hook/ament_prefix_path.dsv'
[0.389s] INFO:colcon.colcon_core.shell:Creating environment hook '/home/alejandra/ros2_ws/install/turtlesim_control_pkg/share/turtlesim_control_pkg/hook/ament_prefix_path.sh'
[0.389s] INFO:colcon.colcon_core.shell:Skip shell extension 'powershell' for command environment: Not usable outside of PowerShell
[0.389s] DEBUG:colcon.colcon_core.shell:Skip shell extension 'dsv' for command environment
[0.398s] DEBUG:colcon.colcon_core.event_handler.log_command:Invoking command in '/home/alejandra/ros2_ws/build/tutorial_interfaces': CMAKE_PREFIX_PATH=${CMAKE_PREFIX_PATH}:/home/alejandra/ros2_ws/install/turtlesim_control:/home/alejandra/ros2_ws/install/py_srvcli:/home/alejandra/ros2_ws/install/py_action:/home/alejandra/ros2_ws/install/turtlesim_control_pkg:/home/alejandra/ros2_ws/install/my_robot_launch:/home/alejandra/ros2_ws/install/mi_primer_paquete:/opt/ros/jazzy DEBUGINFOD_URLS=https://debuginfod.ubuntu.com /usr/bin/cmake /home/alejandra/ros2_ws/src/tutorial_interfaces -DAMENT_CMAKE_SYMLINK_INSTALL=1 -DCMAKE_INSTALL_PREFIX=/home/alejandra/ros2_ws/install/tutorial_interfaces
[0.402s] DEBUG:colcon.colcon_core.event_handler.log_command:Invoking command in '/home/alejandra/ros2_ws/build/dif_bot_description': CMAKE_PREFIX_PATH=${CMAKE_PREFIX_PATH}:/home/alejandra/ros2_ws/install/turtlesim_control:/home/alejandra/ros2_ws/install/py_srvcli:/home/alejandra/ros2_ws/install/py_action:/home/alejandra/ros2_ws/install/turtlesim_control_pkg:/home/alejandra/ros2_ws/install/my_robot_launch:/home/alejandra/ros2_ws/install/mi_primer_paquete:/opt/ros/jazzy DEBUGINFOD_URLS=https://debuginfod.ubuntu.com /usr/bin/cmake /home/alejandra/ros2_ws/src/dif_bot_description -DAMENT_CMAKE_SYMLINK_INSTALL=1 -DCMAKE_INSTALL_PREFIX=/home/alejandra/ros2_ws/install/dif_bot_description
[0.620s] INFO:colcon.colcon_core.task.python.build:Building Python package in '/home/alejandra/ros2_ws/src/mi_primer_paquete'
[0.620s] INFO:colcon.colcon_core.shell:Skip shell extension 'powershell' for command environment: Not usable outside of PowerShell
[0.621s] DEBUG:colcon.colcon_core.shell:Skip shell extension 'dsv' for command environment
[0.831s] INFO:colcon.colcon_core.task.python.build:Building Python package in '/home/alejandra/ros2_ws/src/my_robot_launch'
[0.831s] INFO:colcon.colcon_core.shell:Skip shell extension 'powershell' for command environment: Not usable outside of PowerShell
[0.831s] DEBUG:colcon.colcon_core.shell:Skip shell extension 'dsv' for command environment
[1.055s] INFO:colcon.colcon_core.task.python.build:Building Python package in '/home/alejandra/ros2_ws/src/turtlesim_control_pkg'
[1.055s] INFO:colcon.colcon_core.shell:Skip shell extension 'powershell' for command environment: Not usable outside of PowerShell
[1.055s] DEBUG:colcon.colcon_core.shell:Skip shell extension 'dsv' for command environment
[1.784s] DEBUG:colcon.colcon_core.task.python.build:Available setuptools commands: install_scripts, bdist_dumb, bdist_egg, develop, build_ext, install, dist_info, test, easy_install, alias, bdist_rpm, init_catalog, build, install_lib, build_clib, upload, build_py, egg_info, install_data, register, symlink_data, setopt, bdist, compile_catalog, sdist, rotate, install_egg_info, build_scripts, clean, editable_wheel, saveopts, check, install_headers, update_catalog, upload_docs, extract_messages
[1.795s] DEBUG:colcon.colcon_core.task.python.build:Available setuptools commands: install_scripts, bdist_dumb, bdist_egg, develop, build_ext, install, dist_info, test, easy_install, alias, bdist_rpm, init_catalog, build, install_lib, build_clib, upload, build_py, egg_info, install_data, register, symlink_data, setopt, bdist, compile_catalog, sdist, rotate, install_egg_info, build_scripts, clean, editable_wheel, saveopts, check, install_headers, update_catalog, upload_docs, extract_messages
[1.814s] DEBUG:colcon.colcon_core.task.python.build:Available setuptools commands: install_scripts, bdist_dumb, bdist_egg, develop, build_ext, install, dist_info, test, easy_install, alias, bdist_rpm, init_catalog, build, install_lib, build_clib, upload, build_py, egg_info, install_data, register, symlink_data, setopt, bdist, compile_catalog, sdist, rotate, install_egg_info, build_scripts, clean, editable_wheel, saveopts, check, install_headers, update_catalog, upload_docs, extract_messages
[1.979s] DEBUG:colcon.colcon_core.event_handler.log_command:Invoked command in '/home/alejandra/ros2_ws/build/dif_bot_description' returned '0': CMAKE_PREFIX_PATH=${CMAKE_PREFIX_PATH}:/home/alejandra/ros2_ws/install/turtlesim_control:/home/alejandra/ros2_ws/install/py_srvcli:/home/alejandra/ros2_ws/install/py_action:/home/alejandra/ros2_ws/install/turtlesim_control_pkg:/home/alejandra/ros2_ws/install/my_robot_launch:/home/alejandra/ros2_ws/install/mi_primer_paquete:/opt/ros/jazzy DEBUGINFOD_URLS=https://debuginfod.ubuntu.com /usr/bin/cmake /home/alejandra/ros2_ws/src/dif_bot_description -DAMENT_CMAKE_SYMLINK_INSTALL=1 -DCMAKE_INSTALL_PREFIX=/home/alejandra/ros2_ws/install/dif_bot_description
[1.981s] DEBUG:colcon.colcon_core.event_handler.log_command:Invoking command in '/home/alejandra/ros2_ws/build/dif_bot_description': CMAKE_PREFIX_PATH=${CMAKE_PREFIX_PATH}:/home/alejandra/ros2_ws/install/turtlesim_control:/home/alejandra/ros2_ws/install/py_srvcli:/home/alejandra/ros2_ws/install/py_action:/home/alejandra/ros2_ws/install/turtlesim_control_pkg:/home/alejandra/ros2_ws/install/my_robot_launch:/home/alejandra/ros2_ws/install/mi_primer_paquete:/opt/ros/jazzy DEBUGINFOD_URLS=https://debuginfod.ubuntu.com /usr/bin/cmake --build /home/alejandra/ros2_ws/build/dif_bot_description -- -j12 -l12
[2.022s] DEBUG:colcon.colcon_core.event_handler.log_command:Invoked command in '/home/alejandra/ros2_ws/build/dif_bot_description' returned '0': CMAKE_PREFIX_PATH=${CMAKE_PREFIX_PATH}:/home/alejandra/ros2_ws/install/turtlesim_control:/home/alejandra/ros2_ws/install/py_srvcli:/home/alejandra/ros2_ws/install/py_action:/home/alejandra/ros2_ws/install/turtlesim_control_pkg:/home/alejandra/ros2_ws/install/my_robot_launch:/home/alejandra/ros2_ws/install/mi_primer_paquete:/opt/ros/jazzy DEBUGINFOD_URLS=https://debuginfod.ubuntu.com /usr/bin/cmake --build /home/alejandra/ros2_ws/build/dif_bot_description -- -j12 -l12
[2.032s] DEBUG:colcon.colcon_core.event_handler.log_command:Invoking command in '/home/alejandra/ros2_ws/build/dif_bot_description': CMAKE_PREFIX_PATH=${CMAKE_PREFIX_PATH}:/home/alejandra/ros2_ws/install/turtlesim_control:/home/alejandra/ros2_ws/install/py_srvcli:/home/alejandra/ros2_ws/install/py_action:/home/alejandra/ros2_ws/install/turtlesim_control_pkg:/home/alejandra/ros2_ws/install/my_robot_launch:/home/alejandra/ros2_ws/install/mi_primer_paquete:/opt/ros/jazzy DEBUGINFOD_URLS=https://debuginfod.ubuntu.com /usr/bin/cmake --install /home/alejandra/ros2_ws/build/dif_bot_description
[2.160s] DEBUG:colcon.colcon_core.task.python.build:Available setuptools 'develop' options: --script-dir, --local-snapshots-ok, --no-deps, --user, --install-layout, --egg-path, --site-dirs, --optimize, --zip-ok, --upgrade, --exclude-scripts, --always-unzip, --dry-run, --always-copy, --build-directory, --uninstall, --find-links, --verbose, --version, --quiet, --multi-version, --no-find-links, --allow-hosts, --help, --prefix, --no-user-cfg, --record, --editable, --install-dir, --index-url, --force-installation-into-system-dir
[2.161s] DEBUG:colcon.colcon_core.task.python.build:While undoing a previous installation files outside the Python library path are being ignored: /home/alejandra/ros2_ws/install/mi_primer_paquete/share/ament_index/resource_index/packages/mi_primer_paquete
[2.161s] DEBUG:colcon.colcon_core.task.python.build:While undoing a previous installation files outside the Python library path are being ignored: /home/alejandra/ros2_ws/install/mi_primer_paquete/share/mi_primer_paquete/package.xml
[2.161s] DEBUG:colcon.colcon_core.task.python.build:While undoing a previous installation files outside the Python library path are being ignored: /home/alejandra/ros2_ws/install/mi_primer_paquete/lib/mi_primer_paquete/nodo_control
[2.165s] DEBUG:colcon.colcon_core.task.python.build:Available setuptools 'develop' options: --script-dir, --local-snapshots-ok, --no-deps, --user, --install-layout, --egg-path, --site-dirs, --optimize, --zip-ok, --upgrade, --exclude-scripts, --always-unzip, --dry-run, --always-copy, --build-directory, --uninstall, --find-links, --verbose, --version, --quiet, --multi-version, --no-find-links, --allow-hosts, --help, --prefix, --no-user-cfg, --record, --editable, --install-dir, --index-url, --force-installation-into-system-dir
[2.165s] DEBUG:colcon.colcon_core.event_handler.log_command:Invoking command in '/home/alejandra/ros2_ws/build/mi_primer_paquete': DEBUGINFOD_URLS=https://debuginfod.ubuntu.com PYTHONPATH=/home/alejandra/ros2_ws/build/mi_primer_paquete/prefix_override:/usr/lib/python3/dist-packages/colcon_core/task/python/colcon_distutils_commands:/home/alejandra/ros2_ws/install/mi_primer_paquete/lib/python3.12/site-packages:${PYTHONPATH} /usr/bin/python3 -W ignore:setup.py install is deprecated -W ignore:easy_install command is deprecated setup.py develop --editable --build-directory /home/alejandra/ros2_ws/build/mi_primer_paquete/build --no-deps symlink_data --force
[2.165s] DEBUG:colcon.colcon_core.task.python.build:While undoing a previous installation files outside the Python library path are being ignored: /home/alejandra/ros2_ws/install/my_robot_launch/share/ament_index/resource_index/packages/my_robot_launch
[2.165s] DEBUG:colcon.colcon_core.task.python.build:While undoing a previous installation files outside the Python library path are being ignored: /home/alejandra/ros2_ws/install/my_robot_launch/share/my_robot_launch/package.xml
[2.165s] DEBUG:colcon.colcon_core.task.python.build:While undoing a previous installation files outside the Python library path are being ignored: /home/alejandra/ros2_ws/install/my_robot_launch/share/my_robot_launch/launch/subs_events.launch.py
[2.165s] DEBUG:colcon.colcon_core.task.python.build:While undoing a previous installation files outside the Python library path are being ignored: /home/alejandra/ros2_ws/install/my_robot_launch/share/my_robot_launch/launch/turtle_mimic.launch.py
[2.165s] DEBUG:colcon.colcon_core.task.python.build:While undoing a previous installation files outside the Python library path are being ignored: /home/alejandra/ros2_ws/install/my_robot_launch/share/my_robot_launch/launch/main.launch.py
[2.174s] DEBUG:colcon.colcon_core.event_handler.log_command:Invoking command in '/home/alejandra/ros2_ws/build/my_robot_launch': DEBUGINFOD_URLS=https://debuginfod.ubuntu.com PYTHONPATH=/home/alejandra/ros2_ws/build/my_robot_launch/prefix_override:/usr/lib/python3/dist-packages/colcon_core/task/python/colcon_distutils_commands:/home/alejandra/ros2_ws/install/my_robot_launch/lib/python3.12/site-packages:${PYTHONPATH} /usr/bin/python3 -W ignore:setup.py install is deprecated -W ignore:easy_install command is deprecated setup.py develop --editable --build-directory /home/alejandra/ros2_ws/build/my_robot_launch/build --no-deps symlink_data --force
[2.174s] DEBUG:colcon.colcon_core.task.python.build:Available setuptools 'develop' options: --script-dir, --local-snapshots-ok, --no-deps, --user, --install-layout, --egg-path, --site-dirs, --optimize, --zip-ok, --upgrade, --exclude-scripts, --always-unzip, --dry-run, --always-copy, --build-directory, --uninstall, --find-links, --verbose, --version, --quiet, --multi-version, --no-find-links, --allow-hosts, --help, --prefix, --no-user-cfg, --record, --editable, --install-dir, --index-url, --force-installation-into-system-dir
[2.176s] DEBUG:colcon.colcon_core.task.python.build:While undoing a previous installation files outside the Python library path are being ignored: /home/alejandra/ros2_ws/install/turtlesim_control_pkg/share/ament_index/resource_index/packages/turtlesim_control_pkg
[2.176s] DEBUG:colcon.colcon_core.task.python.build:While undoing a previous installation files outside the Python library path are being ignored: /home/alejandra/ros2_ws/install/turtlesim_control_pkg/share/turtlesim_control_pkg/package.xml
[2.176s] DEBUG:colcon.colcon_core.task.python.build:While undoing a previous installation files outside the Python library path are being ignored: /home/alejandra/ros2_ws/install/turtlesim_control_pkg/lib/turtlesim_control_pkg/turtle_mode_controller
[2.182s] DEBUG:colcon.colcon_core.event_handler.log_command:Invoking command in '/home/alejandra/ros2_ws/build/turtlesim_control_pkg': DEBUGINFOD_URLS=https://debuginfod.ubuntu.com PYTHONPATH=/home/alejandra/ros2_ws/build/turtlesim_control_pkg/prefix_override:/usr/lib/python3/dist-packages/colcon_core/task/python/colcon_distutils_commands:/home/alejandra/ros2_ws/install/turtlesim_control_pkg/lib/python3.12/site-packages:${PYTHONPATH} /usr/bin/python3 -W ignore:setup.py install is deprecated -W ignore:easy_install command is deprecated setup.py develop --editable --build-directory /home/alejandra/ros2_ws/build/turtlesim_control_pkg/build --no-deps symlink_data --force
[2.220s] Level 1:colcon.colcon_core.environment:create_environment_scripts_only(dif_bot_description)
[2.221s] DEBUG:colcon.colcon_core.event_handler.log_command:Invoked command in '/home/alejandra/ros2_ws/build/dif_bot_description' returned '0': CMAKE_PREFIX_PATH=${CMAKE_PREFIX_PATH}:/home/alejandra/ros2_ws/install/turtlesim_control:/home/alejandra/ros2_ws/install/py_srvcli:/home/alejandra/ros2_ws/install/py_action:/home/alejandra/ros2_ws/install/turtlesim_control_pkg:/home/alejandra/ros2_ws/install/my_robot_launch:/home/alejandra/ros2_ws/install/mi_primer_paquete:/opt/ros/jazzy DEBUGINFOD_URLS=https://debuginfod.ubuntu.com /usr/bin/cmake --install /home/alejandra/ros2_ws/build/dif_bot_description
[2.223s] Level 1:colcon.colcon_core.environment:checking '/home/alejandra/ros2_ws/install/dif_bot_description' for CMake module files
[2.223s] Level 1:colcon.colcon_core.environment:checking '/home/alejandra/ros2_ws/install/dif_bot_description' for CMake config files
[2.224s] Level 1:colcon.colcon_core.shell:create_environment_hook('dif_bot_description', 'cmake_prefix_path')
[2.224s] INFO:colcon.colcon_core.shell:Creating environment hook '/home/alejandra/ros2_ws/install/dif_bot_description/share/dif_bot_description/hook/cmake_prefix_path.ps1'
[2.224s] INFO:colcon.colcon_core.shell:Creating environment descriptor '/home/alejandra/ros2_ws/install/dif_bot_description/share/dif_bot_description/hook/cmake_prefix_path.dsv'
[2.224s] INFO:colcon.colcon_core.shell:Creating environment hook '/home/alejandra/ros2_ws/install/dif_bot_description/share/dif_bot_description/hook/cmake_prefix_path.sh'
[2.225s] Level 1:colcon.colcon_core.environment:checking '/home/alejandra/ros2_ws/install/dif_bot_description/bin'
[2.225s] Level 1:colcon.colcon_core.environment:checking '/home/alejandra/ros2_ws/install/dif_bot_description/lib/pkgconfig/dif_bot_description.pc'
[2.225s] Level 1:colcon.colcon_core.environment:checking '/home/alejandra/ros2_ws/install/dif_bot_description/lib/python3.12/site-packages'
[2.226s] Level 1:colcon.colcon_core.environment:checking '/home/alejandra/ros2_ws/install/dif_bot_description/bin'
[2.226s] INFO:colcon.colcon_core.shell:Creating package script '/home/alejandra/ros2_ws/install/dif_bot_description/share/dif_bot_description/package.ps1'
[2.227s] INFO:colcon.colcon_core.shell:Creating package descriptor '/home/alejandra/ros2_ws/install/dif_bot_description/share/dif_bot_description/package.dsv'
[2.227s] INFO:colcon.colcon_core.shell:Creating package script '/home/alejandra/ros2_ws/install/dif_bot_description/share/dif_bot_description/package.sh'
[2.228s] INFO:colcon.colcon_core.shell:Creating package script '/home/alejandra/ros2_ws/install/dif_bot_description/share/dif_bot_description/package.bash'
[2.228s] INFO:colcon.colcon_core.shell:Creating package script '/home/alejandra/ros2_ws/install/dif_bot_description/share/dif_bot_description/package.zsh'
[2.229s] Level 1:colcon.colcon_core.environment:create_file_with_runtime_dependencies(/home/alejandra/ros2_ws/install/dif_bot_description/share/colcon-core/packages/dif_bot_description)
[2.230s] Level 1:colcon.colcon_core.environment:create_environment_scripts_only(dif_bot_description)
[2.230s] Level 1:colcon.colcon_core.environment:checking '/home/alejandra/ros2_ws/install/dif_bot_description' for CMake module files
[2.231s] Level 1:colcon.colcon_core.environment:checking '/home/alejandra/ros2_ws/install/dif_bot_description' for CMake config files
[2.231s] Level 1:colcon.colcon_core.shell:create_environment_hook('dif_bot_description', 'cmake_prefix_path')
[2.231s] INFO:colcon.colcon_core.shell:Creating environment hook '/home/alejandra/ros2_ws/install/dif_bot_description/share/dif_bot_description/hook/cmake_prefix_path.ps1'
[2.231s] INFO:colcon.colcon_core.shell:Creating environment descriptor '/home/alejandra/ros2_ws/install/dif_bot_description/share/dif_bot_description/hook/cmake_prefix_path.dsv'
[2.232s] INFO:colcon.colcon_core.shell:Creating environment hook '/home/alejandra/ros2_ws/install/dif_bot_description/share/dif_bot_description/hook/cmake_prefix_path.sh'
[2.232s] Level 1:colcon.colcon_core.environment:checking '/home/alejandra/ros2_ws/install/dif_bot_description/bin'
[2.232s] Level 1:colcon.colcon_core.environment:checking '/home/alejandra/ros2_ws/install/dif_bot_description/lib/pkgconfig/dif_bot_description.pc'
[2.233s] Level 1:colcon.colcon_core.environment:checking '/home/alejandra/ros2_ws/install/dif_bot_description/lib/python3.12/site-packages'
[2.233s] Level 1:colcon.colcon_core.environment:checking '/home/alejandra/ros2_ws/install/dif_bot_description/bin'
[2.233s] INFO:colcon.colcon_core.shell:Creating package script '/home/alejandra/ros2_ws/install/dif_bot_description/share/dif_bot_description/package.ps1'
[2.234s] INFO:colcon.colcon_core.shell:Creating package descriptor '/home/alejandra/ros2_ws/install/dif_bot_description/share/dif_bot_description/package.dsv'
[2.234s] INFO:colcon.colcon_core.shell:Creating package script '/home/alejandra/ros2_ws/install/dif_bot_description/share/dif_bot_description/package.sh'
[2.235s] INFO:colcon.colcon_core.shell:Creating package script '/home/alejandra/ros2_ws/install/dif_bot_description/share/dif_bot_description/package.bash'
[2.235s] INFO:colcon.colcon_core.shell:Creating package script '/home/alejandra/ros2_ws/install/dif_bot_description/share/dif_bot_description/package.zsh'
[2.235s] Level 1:colcon.colcon_core.environment:create_file_with_runtime_dependencies(/home/alejandra/ros2_ws/install/dif_bot_description/share/colcon-core/packages/dif_bot_description)
[2.681s] DEBUG:colcon.colcon_core.event_handler.log_command:Invoked command in '/home/alejandra/ros2_ws/build/tutorial_interfaces' returned '0': CMAKE_PREFIX_PATH=${CMAKE_PREFIX_PATH}:/home/alejandra/ros2_ws/install/turtlesim_control:/home/alejandra/ros2_ws/install/py_srvcli:/home/alejandra/ros2_ws/install/py_action:/home/alejandra/ros2_ws/install/turtlesim_control_pkg:/home/alejandra/ros2_ws/install/my_robot_launch:/home/alejandra/ros2_ws/install/mi_primer_paquete:/opt/ros/jazzy DEBUGINFOD_URLS=https://debuginfod.ubuntu.com /usr/bin/cmake /home/alejandra/ros2_ws/src/tutorial_interfaces -DAMENT_CMAKE_SYMLINK_INSTALL=1 -DCMAKE_INSTALL_PREFIX=/home/alejandra/ros2_ws/install/tutorial_interfaces
[2.683s] DEBUG:colcon.colcon_core.event_handler.log_command:Invoking command in '/home/alejandra/ros2_ws/build/tutorial_interfaces': CMAKE_PREFIX_PATH=${CMAKE_PREFIX_PATH}:/home/alejandra/ros2_ws/install/turtlesim_control:/home/alejandra/ros2_ws/install/py_srvcli:/home/alejandra/ros2_ws/install/py_action:/home/alejandra/ros2_ws/install/turtlesim_control_pkg:/home/alejandra/ros2_ws/install/my_robot_launch:/home/alejandra/ros2_ws/install/mi_primer_paquete:/opt/ros/jazzy DEBUGINFOD_URLS=https://debuginfod.ubuntu.com /usr/bin/cmake --build /home/alejandra/ros2_ws/build/tutorial_interfaces -- -j12 -l12
[2.740s] DEBUG:colcon.colcon_core.event_handler.log_command:Invoked command in '/home/alejandra/ros2_ws/build/tutorial_interfaces' returned '2': CMAKE_PREFIX_PATH=${CMAKE_PREFIX_PATH}:/home/alejandra/ros2_ws/install/turtlesim_control:/home/alejandra/ros2_ws/install/py_srvcli:/home/alejandra/ros2_ws/install/py_action:/home/alejandra/ros2_ws/install/turtlesim_control_pkg:/home/alejandra/ros2_ws/install/my_robot_launch:/home/alejandra/ros2_ws/install/mi_primer_paquete:/opt/ros/jazzy DEBUGINFOD_URLS=https://debuginfod.ubuntu.com /usr/bin/cmake --build /home/alejandra/ros2_ws/build/tutorial_interfaces -- -j12 -l12
[2.741s] Level 1:colcon.colcon_core.environment:create_environment_scripts_only(tutorial_interfaces)
[2.741s] Level 1:colcon.colcon_core.environment:checking '/home/alejandra/ros2_ws/install/tutorial_interfaces' for CMake module files
[2.742s] Level 1:colcon.colcon_core.environment:checking '/home/alejandra/ros2_ws/install/tutorial_interfaces' for CMake config files
[2.742s] Level 1:colcon.colcon_core.shell:create_environment_hook('tutorial_interfaces', 'cmake_prefix_path')
[2.742s] INFO:colcon.colcon_core.shell:Creating environment hook '/home/alejandra/ros2_ws/install/tutorial_interfaces/share/tutorial_interfaces/hook/cmake_prefix_path.ps1'
[2.743s] INFO:colcon.colcon_core.shell:Creating environment descriptor '/home/alejandra/ros2_ws/install/tutorial_interfaces/share/tutorial_interfaces/hook/cmake_prefix_path.dsv'
[2.743s] INFO:colcon.colcon_core.shell:Creating environment hook '/home/alejandra/ros2_ws/install/tutorial_interfaces/share/tutorial_interfaces/hook/cmake_prefix_path.sh'
[2.744s] Level 1:colcon.colcon_core.environment:checking '/home/alejandra/ros2_ws/install/tutorial_interfaces/lib'
[2.744s] Level 1:colcon.colcon_core.shell:create_environment_hook('tutorial_interfaces', 'ld_library_path_lib')
[2.744s] INFO:colcon.colcon_core.shell:Creating environment hook '/home/alejandra/ros2_ws/install/tutorial_interfaces/share/tutorial_interfaces/hook/ld_library_path_lib.ps1'
[2.744s] INFO:colcon.colcon_core.shell:Creating environment descriptor '/home/alejandra/ros2_ws/install/tutorial_interfaces/share/tutorial_interfaces/hook/ld_library_path_lib.dsv'
[2.745s] INFO:colcon.colcon_core.shell:Creating environment hook '/home/alejandra/ros2_ws/install/tutorial_interfaces/share/tutorial_interfaces/hook/ld_library_path_lib.sh'
[2.745s] Level 1:colcon.colcon_core.environment:checking '/home/alejandra/ros2_ws/install/tutorial_interfaces/bin'
[2.745s] Level 1:colcon.colcon_core.environment:checking '/home/alejandra/ros2_ws/install/tutorial_interfaces/lib/pkgconfig/tutorial_interfaces.pc'
[2.745s] Level 1:colcon.colcon_core.environment:checking '/home/alejandra/ros2_ws/install/tutorial_interfaces/lib/python3.12/site-packages'
[2.745s] Level 1:colcon.colcon_core.shell:create_environment_hook('tutorial_interfaces', 'pythonpath')
[2.746s] INFO:colcon.colcon_core.shell:Creating environment hook '/home/alejandra/ros2_ws/install/tutorial_interfaces/share/tutorial_interfaces/hook/pythonpath.ps1'
[2.746s] INFO:colcon.colcon_core.shell:Creating environment descriptor '/home/alejandra/ros2_ws/install/tutorial_interfaces/share/tutorial_interfaces/hook/pythonpath.dsv'
[2.746s] INFO:colcon.colcon_core.shell:Creating environment hook '/home/alejandra/ros2_ws/install/tutorial_interfaces/share/tutorial_interfaces/hook/pythonpath.sh'
[2.747s] Level 1:colcon.colcon_core.environment:checking '/home/alejandra/ros2_ws/install/tutorial_interfaces/bin'
[2.747s] INFO:colcon.colcon_core.shell:Creating package script '/home/alejandra/ros2_ws/install/tutorial_interfaces/share/tutorial_interfaces/package.ps1'
[2.748s] INFO:colcon.colcon_core.shell:Creating package descriptor '/home/alejandra/ros2_ws/install/tutorial_interfaces/share/tutorial_interfaces/package.dsv'
[2.749s] INFO:colcon.colcon_core.shell:Creating package script '/home/alejandra/ros2_ws/install/tutorial_interfaces/share/tutorial_interfaces/package.sh'
[2.750s] INFO:colcon.colcon_core.shell:Creating package script '/home/alejandra/ros2_ws/install/tutorial_interfaces/share/tutorial_interfaces/package.bash'
[2.750s] INFO:colcon.colcon_core.shell:Creating package script '/home/alejandra/ros2_ws/install/tutorial_interfaces/share/tutorial_interfaces/package.zsh'
[2.751s] Level 1:colcon.colcon_core.environment:create_file_with_runtime_dependencies(/home/alejandra/ros2_ws/install/tutorial_interfaces/share/colcon-core/packages/tutorial_interfaces)
[2.839s] DEBUG:colcon.colcon_parallel_executor.executor.parallel:closing loop
[2.839s] DEBUG:colcon.colcon_parallel_executor.executor.parallel:loop closed
[2.840s] DEBUG:colcon.colcon_parallel_executor.executor.parallel:run_until_complete finished with '2'
[2.840s] DEBUG:colcon.colcon_core.event_reactor:joining thread
[2.940s] INFO:colcon.colcon_core.plugin_system:Skipping extension 'colcon_notification.desktop_notification.notify_send': Could not find 'notify-send'
[2.941s] INFO:colcon.colcon_core.plugin_system:Skipping extension 'colcon_notification.desktop_notification.terminal_notifier': Not used on non-Darwin systems
[2.941s] INFO:colcon.colcon_core.plugin_system:Skipping extension 'colcon_notification.desktop_notification.win32': Not used on non-Windows systems
[2.941s] INFO:colcon.colcon_notification.desktop_notification:Sending desktop notification using 'notify2'
[2.943s] DEBUG:colcon.colcon_notification.desktop_notification.notify2:Failed to initialize notify2: org.freedesktop.DBus.Error.ServiceUnknown: The name org.freedesktop.Notifications was not provided by any .service files
[2.944s] DEBUG:colcon.colcon_core.event_reactor:joined thread
[2.944s] INFO:colcon.colcon_core.shell:Creating prefix script '/home/alejandra/ros2_ws/install/local_setup.ps1'
[2.946s] INFO:colcon.colcon_core.shell:Creating prefix util module '/home/alejandra/ros2_ws/install/_local_setup_util_ps1.py'
[2.948s] INFO:colcon.colcon_core.shell:Creating prefix chain script '/home/alejandra/ros2_ws/install/setup.ps1'
[2.950s] INFO:colcon.colcon_core.shell:Creating prefix script '/home/alejandra/ros2_ws/install/local_setup.sh'
[2.951s] INFO:colcon.colcon_core.shell:Creating prefix util module '/home/alejandra/ros2_ws/install/_local_setup_util_sh.py'
[2.952s] INFO:colcon.colcon_core.shell:Creating prefix chain script '/home/alejandra/ros2_ws/install/setup.sh'
[2.955s] INFO:colcon.colcon_core.shell:Creating prefix script '/home/alejandra/ros2_ws/install/local_setup.bash'
[2.956s] INFO:colcon.colcon_core.shell:Creating prefix chain script '/home/alejandra/ros2_ws/install/setup.bash'
[2.958s] INFO:colcon.colcon_core.shell:Creating prefix script '/home/alejandra/ros2_ws/install/local_setup.zsh'
[2.959s] INFO:colcon.colcon_core.shell:Creating prefix chain script '/home/alejandra/ros2_ws/install/setup.zsh'
