[0.014s] Invoking command in '/home/alejandra/ros2_ws/build/dif_bot_description': CMAKE_PREFIX_PATH=${CMAKE_PREFIX_PATH}:/opt/ros/jazzy DEBUGINFOD_URLS=https://debuginfod.ubuntu.com /usr/bin/cmake --build /home/alejandra/ros2_ws/build/dif_bot_description -- -j12 -l12
[0.163s] Invoked command in '/home/alejandra/ros2_ws/build/dif_bot_description' returned '0': CMAKE_PREFIX_PATH=${CMAKE_PREFIX_PATH}:/opt/ros/jazzy DEBUGINFOD_URLS=https://debuginfod.ubuntu.com /usr/bin/cmake --build /home/alejandra/ros2_ws/build/dif_bot_description -- -j12 -l12
[0.175s] Invoking command in '/home/alejandra/ros2_ws/build/dif_bot_description': CMAKE_PREFIX_PATH=${CMAKE_PREFIX_PATH}:/opt/ros/jazzy DEBUGINFOD_URLS=https://debuginfod.ubuntu.com /usr/bin/cmake --install /home/alejandra/ros2_ws/build/dif_bot_description
[0.186s] -- Install configuration: ""
[0.188s] -- Execute custom install script
[0.190s] -- Up-to-date symlink: /home/alejandra/ros2_ws/install/dif_bot_description/share/dif_bot_description/launch/display.launch.py
[0.191s] -- Up-to-date symlink: /home/alejandra/ros2_ws/install/dif_bot_description/share/dif_bot_description/urdf/dif_bot.urdf.xacro
[0.191s] -- Up-to-date symlink: /home/alejandra/ros2_ws/install/dif_bot_description/share/dif_bot_description/urdf/dif_bot_properties.xacro
[0.191s] -- Symlinking: /home/alejandra/ros2_ws/install/dif_bot_description/share/dif_bot_description/urdf/sensors.xacro
[0.200s] -- Up-to-date symlink: /home/alejandra/ros2_ws/install/dif_bot_description/share/ament_index/resource_index/package_run_dependencies/dif_bot_description
[0.201s] -- Up-to-date symlink: /home/alejandra/ros2_ws/install/dif_bot_description/share/ament_index/resource_index/parent_prefix_path/dif_bot_description
[0.201s] -- Up-to-date symlink: /home/alejandra/ros2_ws/install/dif_bot_description/share/dif_bot_description/environment/ament_prefix_path.sh
[0.202s] -- Up-to-date symlink: /home/alejandra/ros2_ws/install/dif_bot_description/share/dif_bot_description/environment/ament_prefix_path.dsv
[0.202s] -- Up-to-date symlink: /home/alejandra/ros2_ws/install/dif_bot_description/share/dif_bot_description/environment/path.sh
[0.203s] -- Up-to-date symlink: /home/alejandra/ros2_ws/install/dif_bot_description/share/dif_bot_description/environment/path.dsv
[0.203s] -- Up-to-date symlink: /home/alejandra/ros2_ws/install/dif_bot_description/share/dif_bot_description/local_setup.bash
[0.204s] -- Up-to-date symlink: /home/alejandra/ros2_ws/install/dif_bot_description/share/dif_bot_description/local_setup.sh
[0.204s] -- Up-to-date symlink: /home/alejandra/ros2_ws/install/dif_bot_description/share/dif_bot_description/local_setup.zsh
[0.205s] -- Up-to-date symlink: /home/alejandra/ros2_ws/install/dif_bot_description/share/dif_bot_description/local_setup.dsv
[0.205s] -- Symlinking: /home/alejandra/ros2_ws/install/dif_bot_description/share/dif_bot_description/package.dsv
[0.214s] -- Up-to-date symlink: /home/alejandra/ros2_ws/install/dif_bot_description/share/ament_index/resource_index/packages/dif_bot_description
[0.214s] -- Up-to-date symlink: /home/alejandra/ros2_ws/install/dif_bot_description/share/dif_bot_description/cmake/dif_bot_descriptionConfig.cmake
[0.215s] -- Up-to-date symlink: /home/alejandra/ros2_ws/install/dif_bot_description/share/dif_bot_description/cmake/dif_bot_descriptionConfig-version.cmake
[0.215s] -- Up-to-date symlink: /home/alejandra/ros2_ws/install/dif_bot_description/share/dif_bot_description/package.xml
[0.217s] Invoked command in '/home/alejandra/ros2_ws/build/dif_bot_description' returned '0': CMAKE_PREFIX_PATH=${CMAKE_PREFIX_PATH}:/opt/ros/jazzy DEBUGINFOD_URLS=https://debuginfod.ubuntu.com /usr/bin/cmake --install /home/alejandra/ros2_ws/build/dif_bot_description
