running egg_info
creating ../../build/my_robot_launch/my_robot_launch.egg-info
writing ../../build/my_robot_launch/my_robot_launch.egg-info/PKG-INFO
writing dependency_links to ../../build/my_robot_launch/my_robot_launch.egg-info/dependency_links.txt
writing requirements to ../../build/my_robot_launch/my_robot_launch.egg-info/requires.txt
writing top-level names to ../../build/my_robot_launch/my_robot_launch.egg-info/top_level.txt
writing manifest file '../../build/my_robot_launch/my_robot_launch.egg-info/SOURCES.txt'
reading manifest file '../../build/my_robot_launch/my_robot_launch.egg-info/SOURCES.txt'
writing manifest file '../../build/my_robot_launch/my_robot_launch.egg-info/SOURCES.txt'
running build
running build_py
creating /home/alejandra/ros2_ws/build/my_robot_launch/build
creating /home/alejandra/ros2_ws/build/my_robot_launch/build/lib
creating /home/alejandra/ros2_ws/build/my_robot_launch/build/lib/my_robot_launch
copying my_robot_launch/__init__.py -> /home/alejandra/ros2_ws/build/my_robot_launch/build/lib/my_robot_launch
running install
running install_lib
creating /home/alejandra/ros2_ws/install/my_robot_launch/lib/python3.12/site-packages/my_robot_launch
copying /home/alejandra/ros2_ws/build/my_robot_launch/build/lib/my_robot_launch/__init__.py -> /home/alejandra/ros2_ws/install/my_robot_launch/lib/python3.12/site-packages/my_robot_launch
byte-compiling /home/alejandra/ros2_ws/install/my_robot_launch/lib/python3.12/site-packages/my_robot_launch/__init__.py to __init__.cpython-312.pyc
running install_data
creating /home/alejandra/ros2_ws/install/my_robot_launch/share/ament_index
creating /home/alejandra/ros2_ws/install/my_robot_launch/share/ament_index/resource_index
creating /home/alejandra/ros2_ws/install/my_robot_launch/share/ament_index/resource_index/packages
copying resource/my_robot_launch -> /home/alejandra/ros2_ws/install/my_robot_launch/share/ament_index/resource_index/packages
copying package.xml -> /home/alejandra/ros2_ws/install/my_robot_launch/share/my_robot_launch
running install_egg_info
Copying ../../build/my_robot_launch/my_robot_launch.egg-info to /home/alejandra/ros2_ws/install/my_robot_launch/lib/python3.12/site-packages/my_robot_launch-0.0.0-py3.12.egg-info
running install_scripts
writing list of installed files to '/home/alejandra/ros2_ws/build/my_robot_launch/install.log'
