[2.454s] Invoking command in '/home/alejandra/ros2_ws/src/my_robot_launch': DEBUGINFOD_URLS=https://debuginfod.ubuntu.com PYTHONPATH=/home/alejandra/ros2_ws/build/my_robot_launch/prefix_override:/usr/lib/python3/dist-packages/colcon_core/task/python/colcon_distutils_commands:/home/alejandra/ros2_ws/install/my_robot_launch/lib/python3.12/site-packages:${PYTHONPATH} /usr/bin/python3 -W ignore:setup.py install is deprecated -W ignore:easy_install command is deprecated setup.py egg_info --egg-base ../../build/my_robot_launch build --build-base /home/alejandra/ros2_ws/build/my_robot_launch/build install --record /home/alejandra/ros2_ws/build/my_robot_launch/install.log --install-scripts $base/lib/my_robot_launch --single-version-externally-managed install_data
[2.823s] running egg_info
[2.824s] creating ../../build/my_robot_launch/my_robot_launch.egg-info
[2.845s] writing ../../build/my_robot_launch/my_robot_launch.egg-info/PKG-INFO
[2.845s] writing dependency_links to ../../build/my_robot_launch/my_robot_launch.egg-info/dependency_links.txt
[2.846s] writing requirements to ../../build/my_robot_launch/my_robot_launch.egg-info/requires.txt
[2.846s] writing top-level names to ../../build/my_robot_launch/my_robot_launch.egg-info/top_level.txt
[2.846s] writing manifest file '../../build/my_robot_launch/my_robot_launch.egg-info/SOURCES.txt'
[2.908s] reading manifest file '../../build/my_robot_launch/my_robot_launch.egg-info/SOURCES.txt'
[2.911s] writing manifest file '../../build/my_robot_launch/my_robot_launch.egg-info/SOURCES.txt'
[2.913s] running build
[2.914s] running build_py
[2.914s] creating /home/alejandra/ros2_ws/build/my_robot_launch/build
[2.915s] creating /home/alejandra/ros2_ws/build/my_robot_launch/build/lib
[2.915s] creating /home/alejandra/ros2_ws/build/my_robot_launch/build/lib/my_robot_launch
[2.915s] copying my_robot_launch/__init__.py -> /home/alejandra/ros2_ws/build/my_robot_launch/build/lib/my_robot_launch
[2.915s] running install
[2.928s] running install_lib
[2.960s] creating /home/alejandra/ros2_ws/install/my_robot_launch/lib/python3.12/site-packages/my_robot_launch
[2.961s] copying /home/alejandra/ros2_ws/build/my_robot_launch/build/lib/my_robot_launch/__init__.py -> /home/alejandra/ros2_ws/install/my_robot_launch/lib/python3.12/site-packages/my_robot_launch
[2.962s] byte-compiling /home/alejandra/ros2_ws/install/my_robot_launch/lib/python3.12/site-packages/my_robot_launch/__init__.py to __init__.cpython-312.pyc
[2.963s] running install_data
[2.964s] creating /home/alejandra/ros2_ws/install/my_robot_launch/share/ament_index
[2.965s] creating /home/alejandra/ros2_ws/install/my_robot_launch/share/ament_index/resource_index
[2.966s] creating /home/alejandra/ros2_ws/install/my_robot_launch/share/ament_index/resource_index/packages
[2.967s] copying resource/my_robot_launch -> /home/alejandra/ros2_ws/install/my_robot_launch/share/ament_index/resource_index/packages
[2.967s] copying package.xml -> /home/alejandra/ros2_ws/install/my_robot_launch/share/my_robot_launch
[2.968s] running install_egg_info
[2.997s] Copying ../../build/my_robot_launch/my_robot_launch.egg-info to /home/alejandra/ros2_ws/install/my_robot_launch/lib/python3.12/site-packages/my_robot_launch-0.0.0-py3.12.egg-info
[2.999s] running install_scripts
[3.178s] writing list of installed files to '/home/alejandra/ros2_ws/build/my_robot_launch/install.log'
[3.251s] Invoked command in '/home/alejandra/ros2_ws/src/my_robot_launch' returned '0': DEBUGINFOD_URLS=https://debuginfod.ubuntu.com PYTHONPATH=/home/alejandra/ros2_ws/build/my_robot_launch/prefix_override:/usr/lib/python3/dist-packages/colcon_core/task/python/colcon_distutils_commands:/home/alejandra/ros2_ws/install/my_robot_launch/lib/python3.12/site-packages:${PYTHONPATH} /usr/bin/python3 -W ignore:setup.py install is deprecated -W ignore:easy_install command is deprecated setup.py egg_info --egg-base ../../build/my_robot_launch build --build-base /home/alejandra/ros2_ws/build/my_robot_launch/build install --record /home/alejandra/ros2_ws/build/my_robot_launch/install.log --install-scripts $base/lib/my_robot_launch --single-version-externally-managed install_data
