[0.017s] Invoking command in '/home/alejandra/ros2_ws/build/dif_bot_description': CMAKE_PREFIX_PATH=${CMAKE_PREFIX_PATH}:/home/alejandra/ros2_ws/install/turtlesim_control_pkg:/home/alejandra/ros2_ws/install/turtlesim_control:/home/alejandra/ros2_ws/install/py_srvcli:/home/alejandra/ros2_ws/install/py_action:/home/alejandra/ros2_ws/install/my_robot_launch:/home/alejandra/ros2_ws/install/mi_primer_paquete:/opt/ros/jazzy DEBUGINFOD_URLS=https://debuginfod.ubuntu.com /usr/bin/cmake --build /home/alejandra/ros2_ws/build/dif_bot_description -- -j12 -l12
[0.128s] -- Found ament_cmake: 2.5.6 (/opt/ros/jazzy/share/ament_cmake/cmake)
[0.419s] -- Override CMake install command with custom implementation using symlinks instead of copying resources
[0.462s] -- Found rclcpp: 28.1.21 (/opt/ros/jazzy/share/rclcpp/cmake)
[0.689s] -- Found rosidl_generator_c: 4.6.9 (/opt/ros/jazzy/share/rosidl_generator_c/cmake)
[0.700s] -- Found rosidl_generator_cpp: 4.6.9 (/opt/ros/jazzy/share/rosidl_generator_cpp/cmake)
[0.738s] -- Using all available rosidl_typesupport_c: rosidl_typesupport_fastrtps_c;rosidl_typesupport_introspection_c
[0.777s] -- Using all available rosidl_typesupport_cpp: rosidl_typesupport_fastrtps_cpp;rosidl_typesupport_introspection_cpp
[0.878s] -- Found rmw_implementation_cmake: 7.3.3 (/opt/ros/jazzy/share/rmw_implementation_cmake/cmake)
[0.881s] -- Found rmw_fastrtps_cpp: 8.4.4 (/opt/ros/jazzy/share/rmw_fastrtps_cpp/cmake)
[1.305s] -- Using RMW implementation 'rmw_fastrtps_cpp' as default
[1.767s] -- Found xacro: 2.1.1 (/opt/ros/jazzy/share/xacro/cmake)
[1.770s] -- Found robot_state_publisher: 3.3.4 (/opt/ros/jazzy/share/robot_state_publisher/cmake)
[2.248s] -- Found ament_lint_auto: 0.17.5 (/opt/ros/jazzy/share/ament_lint_auto/cmake)
[2.384s] -- Added test 'flake8' to check Python code syntax and style conventions
[2.384s] -- Configured 'flake8' exclude dirs and/or files: 
[2.385s] -- Added test 'lint_cmake' to check CMake code style
[2.385s] -- Added test 'pep257' to check Python code against some of the docstring style conventions in PEP 257
[2.386s] -- Added test 'xmllint' to check XML markup files
[2.388s] -- Configuring done (2.3s)
[2.404s] -- Generating done (0.0s)
[2.411s] -- Build files have been written to: /home/alejandra/ros2_ws/build/dif_bot_description
[2.454s] Invoked command in '/home/alejandra/ros2_ws/build/dif_bot_description' returned '0': CMAKE_PREFIX_PATH=${CMAKE_PREFIX_PATH}:/home/alejandra/ros2_ws/install/turtlesim_control_pkg:/home/alejandra/ros2_ws/install/turtlesim_control:/home/alejandra/ros2_ws/install/py_srvcli:/home/alejandra/ros2_ws/install/py_action:/home/alejandra/ros2_ws/install/my_robot_launch:/home/alejandra/ros2_ws/install/mi_primer_paquete:/opt/ros/jazzy DEBUGINFOD_URLS=https://debuginfod.ubuntu.com /usr/bin/cmake --build /home/alejandra/ros2_ws/build/dif_bot_description -- -j12 -l12
[2.468s] Invoking command in '/home/alejandra/ros2_ws/build/dif_bot_description': CMAKE_PREFIX_PATH=${CMAKE_PREFIX_PATH}:/home/alejandra/ros2_ws/install/turtlesim_control_pkg:/home/alejandra/ros2_ws/install/turtlesim_control:/home/alejandra/ros2_ws/install/py_srvcli:/home/alejandra/ros2_ws/install/py_action:/home/alejandra/ros2_ws/install/my_robot_launch:/home/alejandra/ros2_ws/install/mi_primer_paquete:/opt/ros/jazzy DEBUGINFOD_URLS=https://debuginfod.ubuntu.com /usr/bin/cmake --install /home/alejandra/ros2_ws/build/dif_bot_description
[2.479s] -- Install configuration: ""
[2.479s] -- Execute custom install script
[2.480s] -- Up-to-date symlink: /home/alejandra/ros2_ws/install/dif_bot_description/share/dif_bot_description/launch/display.launch.py
[2.481s] -- Up-to-date symlink: /home/alejandra/ros2_ws/install/dif_bot_description/share/dif_bot_description/urdf/dif_bot.urdf.xacro
[2.482s] -- Up-to-date symlink: /home/alejandra/ros2_ws/install/dif_bot_description/share/dif_bot_description/urdf/dif_bot_properties.xacro
[2.483s] -- Up-to-date symlink: /home/alejandra/ros2_ws/install/dif_bot_description/share/dif_bot_description/urdf/sensors.xacro
[2.483s] -- Up-to-date symlink: /home/alejandra/ros2_ws/install/dif_bot_description/share/ament_index/resource_index/package_run_dependencies/dif_bot_description
[2.484s] -- Up-to-date symlink: /home/alejandra/ros2_ws/install/dif_bot_description/share/ament_index/resource_index/parent_prefix_path/dif_bot_description
[2.485s] -- Up-to-date symlink: /home/alejandra/ros2_ws/install/dif_bot_description/share/dif_bot_description/environment/ament_prefix_path.sh
[2.485s] -- Up-to-date symlink: /home/alejandra/ros2_ws/install/dif_bot_description/share/dif_bot_description/environment/ament_prefix_path.dsv
[2.486s] -- Up-to-date symlink: /home/alejandra/ros2_ws/install/dif_bot_description/share/dif_bot_description/environment/path.sh
[2.487s] -- Up-to-date symlink: /home/alejandra/ros2_ws/install/dif_bot_description/share/dif_bot_description/environment/path.dsv
[2.488s] -- Up-to-date symlink: /home/alejandra/ros2_ws/install/dif_bot_description/share/dif_bot_description/local_setup.bash
[2.488s] -- Up-to-date symlink: /home/alejandra/ros2_ws/install/dif_bot_description/share/dif_bot_description/local_setup.sh
[2.489s] -- Up-to-date symlink: /home/alejandra/ros2_ws/install/dif_bot_description/share/dif_bot_description/local_setup.zsh
[2.490s] -- Up-to-date symlink: /home/alejandra/ros2_ws/install/dif_bot_description/share/dif_bot_description/local_setup.dsv
[2.490s] -- Symlinking: /home/alejandra/ros2_ws/install/dif_bot_description/share/dif_bot_description/package.dsv
[2.502s] -- Up-to-date symlink: /home/alejandra/ros2_ws/install/dif_bot_description/share/ament_index/resource_index/packages/dif_bot_description
[2.503s] -- Up-to-date symlink: /home/alejandra/ros2_ws/install/dif_bot_description/share/dif_bot_description/cmake/dif_bot_descriptionConfig.cmake
[2.503s] -- Up-to-date symlink: /home/alejandra/ros2_ws/install/dif_bot_description/share/dif_bot_description/cmake/dif_bot_descriptionConfig-version.cmake
[2.504s] -- Up-to-date symlink: /home/alejandra/ros2_ws/install/dif_bot_description/share/dif_bot_description/package.xml
[2.506s] Invoked command in '/home/alejandra/ros2_ws/build/dif_bot_description' returned '0': CMAKE_PREFIX_PATH=${CMAKE_PREFIX_PATH}:/home/alejandra/ros2_ws/install/turtlesim_control_pkg:/home/alejandra/ros2_ws/install/turtlesim_control:/home/alejandra/ros2_ws/install/py_srvcli:/home/alejandra/ros2_ws/install/py_action:/home/alejandra/ros2_ws/install/my_robot_launch:/home/alejandra/ros2_ws/install/mi_primer_paquete:/opt/ros/jazzy DEBUGINFOD_URLS=https://debuginfod.ubuntu.com /usr/bin/cmake --install /home/alejandra/ros2_ws/build/dif_bot_description
