[0.750s] DEBUG:colcon:Command line arguments: ['/usr/bin/colcon', 'build', '--packages-select', 'tutorial_interfaces']
[0.750s] DEBUG:colcon:Parsed command line arguments: Namespace(log_base=None, log_level=None, verb_name='build', build_base='build', install_base='install', merge_install=False, symlink_install=False, test_result_base=None, continue_on_error=False, executor='parallel', parallel_workers=12, event_handlers=None, ignore_user_meta=False, metas=['./colcon.meta'], base_paths=['.'], packages_ignore=None, packages_ignore_regex=None, paths=None, packages_up_to=None, packages_up_to_regex=None, packages_above=None, packages_above_and_dependencies=None, packages_above_depth=None, packages_select_by_dep=None, packages_skip_by_dep=None, packages_skip_up_to=None, packages_select_build_failed=False, packages_skip_build_finished=False, packages_select_test_failures=False, packages_skip_test_passed=False, packages_select=['tutorial_interfaces'], packages_skip=None, packages_select_regex=None, packages_skip_regex=None, packages_start=None, packages_end=None, allow_overriding=[], cmake_args=None, cmake_target=None, cmake_target_skip_unavailable=False, cmake_clean_cache=False, cmake_clean_first=False, cmake_force_configure=False, ament_cmake_args=None, catkin_cmake_args=None, catkin_skip_building_tests=False, mixin_files=None, mixin=None, verb_parser=<colcon_mixin.mixin.mixin_argument.MixinArgumentDecorator object at 0x7f37f1f35b50>, verb_extension=<colcon_core.verb.build.BuildVerb object at 0x7f37f1f35880>, main=<bound method BuildVerb.main of <colcon_core.verb.build.BuildVerb object at 0x7f37f1f35880>>, mixin_verb=('build',))
[0.829s] Level 1:colcon.colcon_core.package_discovery:discover_packages(colcon_meta) check parameters
[0.829s] Level 1:colcon.colcon_core.package_discovery:discover_packages(recursive) check parameters
[0.829s] Level 1:colcon.colcon_core.package_discovery:discover_packages(ignore) check parameters
[0.829s] Level 1:colcon.colcon_core.package_discovery:discover_packages(path) check parameters
[0.829s] Level 1:colcon.colcon_core.package_discovery:discover_packages(colcon_meta) discover
[0.829s] Level 1:colcon.colcon_core.package_discovery:discover_packages(recursive) discover
[0.829s] INFO:colcon.colcon_core.package_discovery:Crawling recursively for packages in '/home/alejandra/ros2_ws'
[0.830s] Level 1:colcon.colcon_core.package_identification:_identify(.) by extensions ['ignore', 'ignore_ament_install']
[0.830s] Level 1:colcon.colcon_core.package_identification:_identify(.) by extension 'ignore'
[0.830s] Level 1:colcon.colcon_core.package_identification:_identify(.) by extension 'ignore_ament_install'
[0.830s] Level 1:colcon.colcon_core.package_identification:_identify(.) by extensions ['colcon_pkg']
[0.830s] Level 1:colcon.colcon_core.package_identification:_identify(.) by extension 'colcon_pkg'
[0.830s] Level 1:colcon.colcon_core.package_identification:_identify(.) by extensions ['colcon_meta']
[0.830s] Level 1:colcon.colcon_core.package_identification:_identify(.) by extension 'colcon_meta'
[0.830s] Level 1:colcon.colcon_core.package_identification:_identify(.) by extensions ['ros']
[0.830s] Level 1:colcon.colcon_core.package_identification:_identify(.) by extension 'ros'
[0.869s] Level 1:colcon.colcon_core.package_identification:_identify(.) by extensions ['cmake', 'python']
[0.870s] Level 1:colcon.colcon_core.package_identification:_identify(.) by extension 'cmake'
[0.870s] Level 1:colcon.colcon_core.package_identification:_identify(.) by extension 'python'
[0.870s] Level 1:colcon.colcon_core.package_identification:_identify(.) by extensions ['python_setup_py']
[0.870s] Level 1:colcon.colcon_core.package_identification:_identify(.) by extension 'python_setup_py'
[0.870s] Level 1:colcon.colcon_core.package_identification:_identify(build) by extensions ['ignore', 'ignore_ament_install']
[0.870s] Level 1:colcon.colcon_core.package_identification:_identify(build) by extension 'ignore'
[0.870s] Level 1:colcon.colcon_core.package_identification:_identify(build) ignored
[0.871s] Level 1:colcon.colcon_core.package_identification:_identify(install) by extensions ['ignore', 'ignore_ament_install']
[0.871s] Level 1:colcon.colcon_core.package_identification:_identify(install) by extension 'ignore'
[0.871s] Level 1:colcon.colcon_core.package_identification:_identify(install) ignored
[0.871s] Level 1:colcon.colcon_core.package_identification:_identify(log) by extensions ['ignore', 'ignore_ament_install']
[0.871s] Level 1:colcon.colcon_core.package_identification:_identify(log) by extension 'ignore'
[0.871s] Level 1:colcon.colcon_core.package_identification:_identify(log) ignored
[0.872s] Level 1:colcon.colcon_core.package_identification:_identify(src) by extensions ['ignore', 'ignore_ament_install']
[0.872s] Level 1:colcon.colcon_core.package_identification:_identify(src) by extension 'ignore'
[0.872s] Level 1:colcon.colcon_core.package_identification:_identify(src) by extension 'ignore_ament_install'
[0.872s] Level 1:colcon.colcon_core.package_identification:_identify(src) by extensions ['colcon_pkg']
[0.872s] Level 1:colcon.colcon_core.package_identification:_identify(src) by extension 'colcon_pkg'
[0.872s] Level 1:colcon.colcon_core.package_identification:_identify(src) by extensions ['colcon_meta']
[0.872s] Level 1:colcon.colcon_core.package_identification:_identify(src) by extension 'colcon_meta'
[0.872s] Level 1:colcon.colcon_core.package_identification:_identify(src) by extensions ['ros']
[0.872s] Level 1:colcon.colcon_core.package_identification:_identify(src) by extension 'ros'
[0.872s] Level 1:colcon.colcon_core.package_identification:_identify(src) by extensions ['cmake', 'python']
[0.873s] Level 1:colcon.colcon_core.package_identification:_identify(src) by extension 'cmake'
[0.873s] Level 1:colcon.colcon_core.package_identification:_identify(src) by extension 'python'
[0.873s] Level 1:colcon.colcon_core.package_identification:_identify(src) by extensions ['python_setup_py']
[0.873s] Level 1:colcon.colcon_core.package_identification:_identify(src) by extension 'python_setup_py'
[0.874s] Level 1:colcon.colcon_core.package_identification:_identify(src/mi_primer_paquete) by extensions ['ignore', 'ignore_ament_install']
[0.874s] Level 1:colcon.colcon_core.package_identification:_identify(src/mi_primer_paquete) by extension 'ignore'
[0.874s] Level 1:colcon.colcon_core.package_identification:_identify(src/mi_primer_paquete) by extension 'ignore_ament_install'
[0.874s] Level 1:colcon.colcon_core.package_identification:_identify(src/mi_primer_paquete) by extensions ['colcon_pkg']
[0.874s] Level 1:colcon.colcon_core.package_identification:_identify(src/mi_primer_paquete) by extension 'colcon_pkg'
[0.874s] Level 1:colcon.colcon_core.package_identification:_identify(src/mi_primer_paquete) by extensions ['colcon_meta']
[0.874s] Level 1:colcon.colcon_core.package_identification:_identify(src/mi_primer_paquete) by extension 'colcon_meta'
[0.874s] Level 1:colcon.colcon_core.package_identification:_identify(src/mi_primer_paquete) by extensions ['ros']
[0.874s] Level 1:colcon.colcon_core.package_identification:_identify(src/mi_primer_paquete) by extension 'ros'
[0.878s] DEBUG:colcon.colcon_core.package_identification:Package 'src/mi_primer_paquete' with type 'ros.ament_python' and name 'mi_primer_paquete'
[0.878s] Level 1:colcon.colcon_core.package_identification:_identify(src/tutorial_interfaces) by extensions ['ignore', 'ignore_ament_install']
[0.878s] Level 1:colcon.colcon_core.package_identification:_identify(src/tutorial_interfaces) by extension 'ignore'
[0.879s] Level 1:colcon.colcon_core.package_identification:_identify(src/tutorial_interfaces) by extension 'ignore_ament_install'
[0.879s] Level 1:colcon.colcon_core.package_identification:_identify(src/tutorial_interfaces) by extensions ['colcon_pkg']
[0.879s] Level 1:colcon.colcon_core.package_identification:_identify(src/tutorial_interfaces) by extension 'colcon_pkg'
[0.879s] Level 1:colcon.colcon_core.package_identification:_identify(src/tutorial_interfaces) by extensions ['colcon_meta']
[0.879s] Level 1:colcon.colcon_core.package_identification:_identify(src/tutorial_interfaces) by extension 'colcon_meta'
[0.879s] Level 1:colcon.colcon_core.package_identification:_identify(src/tutorial_interfaces) by extensions ['ros']
[0.879s] Level 1:colcon.colcon_core.package_identification:_identify(src/tutorial_interfaces) by extension 'ros'
[0.879s] DEBUG:colcon.colcon_core.package_identification:Package 'src/tutorial_interfaces' with type 'ros.ament_cmake' and name 'tutorial_interfaces'
[0.879s] Level 1:colcon.colcon_core.package_discovery:discover_packages(recursive) using defaults
[0.880s] Level 1:colcon.colcon_core.package_discovery:discover_packages(ignore) discover
[0.880s] Level 1:colcon.colcon_core.package_discovery:discover_packages(ignore) using defaults
[0.880s] Level 1:colcon.colcon_core.package_discovery:discover_packages(path) discover
[0.880s] Level 1:colcon.colcon_core.package_discovery:discover_packages(path) using defaults
[0.923s] INFO:colcon.colcon_core.package_selection:Skipping not selected package 'mi_primer_paquete' in 'src/mi_primer_paquete'
[0.924s] Level 1:colcon.colcon_core.package_discovery:discover_packages(prefix_path) check parameters
[0.924s] Level 1:colcon.colcon_core.package_discovery:discover_packages(prefix_path) discover
[0.930s] DEBUG:colcon.colcon_installed_package_information.package_discovery:Found 319 installed packages in /opt/ros/jazzy
[0.931s] Level 1:colcon.colcon_core.package_discovery:discover_packages(prefix_path) using defaults
[1.054s] Level 5:colcon.colcon_core.verb:set package 'tutorial_interfaces' build argument 'cmake_args' from command line to 'None'
[1.054s] Level 5:colcon.colcon_core.verb:set package 'tutorial_interfaces' build argument 'cmake_target' from command line to 'None'
[1.054s] Level 5:colcon.colcon_core.verb:set package 'tutorial_interfaces' build argument 'cmake_target_skip_unavailable' from command line to 'False'
[1.054s] Level 5:colcon.colcon_core.verb:set package 'tutorial_interfaces' build argument 'cmake_clean_cache' from command line to 'False'
[1.054s] Level 5:colcon.colcon_core.verb:set package 'tutorial_interfaces' build argument 'cmake_clean_first' from command line to 'False'
[1.054s] Level 5:colcon.colcon_core.verb:set package 'tutorial_interfaces' build argument 'cmake_force_configure' from command line to 'False'
[1.054s] Level 5:colcon.colcon_core.verb:set package 'tutorial_interfaces' build argument 'ament_cmake_args' from command line to 'None'
[1.054s] Level 5:colcon.colcon_core.verb:set package 'tutorial_interfaces' build argument 'catkin_cmake_args' from command line to 'None'
[1.054s] Level 5:colcon.colcon_core.verb:set package 'tutorial_interfaces' build argument 'catkin_skip_building_tests' from command line to 'False'
[1.055s] DEBUG:colcon.colcon_core.verb:Building package 'tutorial_interfaces' with the following arguments: {'ament_cmake_args': None, 'build_base': '/home/alejandra/ros2_ws/build/tutorial_interfaces', 'catkin_cmake_args': None, 'catkin_skip_building_tests': False, 'cmake_args': None, 'cmake_clean_cache': False, 'cmake_clean_first': False, 'cmake_force_configure': False, 'cmake_target': None, 'cmake_target_skip_unavailable': False, 'install_base': '/home/alejandra/ros2_ws/install/tutorial_interfaces', 'merge_install': False, 'path': '/home/alejandra/ros2_ws/src/tutorial_interfaces', 'symlink_install': False, 'test_result_base': None}
[1.055s] INFO:colcon.colcon_core.executor:Executing jobs using 'parallel' executor
[1.056s] DEBUG:colcon.colcon_parallel_executor.executor.parallel:run_until_complete
[1.056s] INFO:colcon.colcon_ros.task.ament_cmake.build:Building ROS package in '/home/alejandra/ros2_ws/src/tutorial_interfaces' with build type 'ament_cmake'
[1.057s] INFO:colcon.colcon_cmake.task.cmake.build:Building CMake package in '/home/alejandra/ros2_ws/src/tutorial_interfaces'
[1.063s] INFO:colcon.colcon_core.plugin_system:Skipping extension 'colcon_core.shell.bat': Not used on non-Windows systems
[1.064s] INFO:colcon.colcon_core.shell:Skip shell extension 'powershell' for command environment: Not usable outside of PowerShell
[1.064s] DEBUG:colcon.colcon_core.shell:Skip shell extension 'dsv' for command environment
[1.072s] DEBUG:colcon.colcon_core.event_handler.log_command:Invoking command in '/home/alejandra/ros2_ws/build/tutorial_interfaces': CMAKE_PREFIX_PATH=${CMAKE_PREFIX_PATH}:/opt/ros/jazzy /usr/bin/cmake /home/alejandra/ros2_ws/src/tutorial_interfaces -DCMAKE_INSTALL_PREFIX=/home/alejandra/ros2_ws/install/tutorial_interfaces
[6.495s] DEBUG:colcon.colcon_core.event_handler.log_command:Invoked command in '/home/alejandra/ros2_ws/build/tutorial_interfaces' returned '0': CMAKE_PREFIX_PATH=${CMAKE_PREFIX_PATH}:/opt/ros/jazzy /usr/bin/cmake /home/alejandra/ros2_ws/src/tutorial_interfaces -DCMAKE_INSTALL_PREFIX=/home/alejandra/ros2_ws/install/tutorial_interfaces
[6.496s] DEBUG:colcon.colcon_core.event_handler.log_command:Invoking command in '/home/alejandra/ros2_ws/build/tutorial_interfaces': CMAKE_PREFIX_PATH=${CMAKE_PREFIX_PATH}:/opt/ros/jazzy /usr/bin/cmake --build /home/alejandra/ros2_ws/build/tutorial_interfaces -- -j12 -l12
[10.696s] DEBUG:colcon.colcon_core.event_handler.log_command:Invoked command in '/home/alejandra/ros2_ws/build/tutorial_interfaces' returned '0': CMAKE_PREFIX_PATH=${CMAKE_PREFIX_PATH}:/opt/ros/jazzy /usr/bin/cmake --build /home/alejandra/ros2_ws/build/tutorial_interfaces -- -j12 -l12
[10.712s] DEBUG:colcon.colcon_core.event_handler.log_command:Invoking command in '/home/alejandra/ros2_ws/build/tutorial_interfaces': CMAKE_PREFIX_PATH=${CMAKE_PREFIX_PATH}:/opt/ros/jazzy /usr/bin/cmake --install /home/alejandra/ros2_ws/build/tutorial_interfaces
[10.830s] Level 1:colcon.colcon_core.environment:create_environment_scripts_only(tutorial_interfaces)
[10.832s] DEBUG:colcon.colcon_core.event_handler.log_command:Invoked command in '/home/alejandra/ros2_ws/build/tutorial_interfaces' returned '0': CMAKE_PREFIX_PATH=${CMAKE_PREFIX_PATH}:/opt/ros/jazzy /usr/bin/cmake --install /home/alejandra/ros2_ws/build/tutorial_interfaces
[10.839s] Level 1:colcon.colcon_core.environment:checking '/home/alejandra/ros2_ws/install/tutorial_interfaces' for CMake module files
[10.840s] Level 1:colcon.colcon_core.environment:checking '/home/alejandra/ros2_ws/install/tutorial_interfaces' for CMake config files
[10.840s] Level 1:colcon.colcon_core.shell:create_environment_hook('tutorial_interfaces', 'cmake_prefix_path')
[10.841s] INFO:colcon.colcon_core.shell:Creating environment hook '/home/alejandra/ros2_ws/install/tutorial_interfaces/share/tutorial_interfaces/hook/cmake_prefix_path.ps1'
[10.842s] INFO:colcon.colcon_core.shell:Creating environment descriptor '/home/alejandra/ros2_ws/install/tutorial_interfaces/share/tutorial_interfaces/hook/cmake_prefix_path.dsv'
[10.844s] INFO:colcon.colcon_core.shell:Creating environment hook '/home/alejandra/ros2_ws/install/tutorial_interfaces/share/tutorial_interfaces/hook/cmake_prefix_path.sh'
[10.845s] Level 1:colcon.colcon_core.environment:checking '/home/alejandra/ros2_ws/install/tutorial_interfaces/lib'
[10.845s] Level 1:colcon.colcon_core.shell:create_environment_hook('tutorial_interfaces', 'ld_library_path_lib')
[10.846s] INFO:colcon.colcon_core.shell:Creating environment hook '/home/alejandra/ros2_ws/install/tutorial_interfaces/share/tutorial_interfaces/hook/ld_library_path_lib.ps1'
[10.846s] INFO:colcon.colcon_core.shell:Creating environment descriptor '/home/alejandra/ros2_ws/install/tutorial_interfaces/share/tutorial_interfaces/hook/ld_library_path_lib.dsv'
[10.847s] INFO:colcon.colcon_core.shell:Creating environment hook '/home/alejandra/ros2_ws/install/tutorial_interfaces/share/tutorial_interfaces/hook/ld_library_path_lib.sh'
[10.848s] Level 1:colcon.colcon_core.environment:checking '/home/alejandra/ros2_ws/install/tutorial_interfaces/bin'
[10.848s] Level 1:colcon.colcon_core.environment:checking '/home/alejandra/ros2_ws/install/tutorial_interfaces/lib/pkgconfig/tutorial_interfaces.pc'
[10.848s] Level 1:colcon.colcon_core.environment:checking '/home/alejandra/ros2_ws/install/tutorial_interfaces/lib/python3.12/site-packages'
[10.848s] Level 1:colcon.colcon_core.shell:create_environment_hook('tutorial_interfaces', 'pythonpath')
[10.849s] INFO:colcon.colcon_core.shell:Creating environment hook '/home/alejandra/ros2_ws/install/tutorial_interfaces/share/tutorial_interfaces/hook/pythonpath.ps1'
[10.849s] INFO:colcon.colcon_core.shell:Creating environment descriptor '/home/alejandra/ros2_ws/install/tutorial_interfaces/share/tutorial_interfaces/hook/pythonpath.dsv'
[10.850s] INFO:colcon.colcon_core.shell:Creating environment hook '/home/alejandra/ros2_ws/install/tutorial_interfaces/share/tutorial_interfaces/hook/pythonpath.sh'
[10.851s] Level 1:colcon.colcon_core.environment:checking '/home/alejandra/ros2_ws/install/tutorial_interfaces/bin'
[10.851s] INFO:colcon.colcon_core.shell:Creating package script '/home/alejandra/ros2_ws/install/tutorial_interfaces/share/tutorial_interfaces/package.ps1'
[10.852s] INFO:colcon.colcon_core.shell:Creating package descriptor '/home/alejandra/ros2_ws/install/tutorial_interfaces/share/tutorial_interfaces/package.dsv'
[10.853s] INFO:colcon.colcon_core.shell:Creating package script '/home/alejandra/ros2_ws/install/tutorial_interfaces/share/tutorial_interfaces/package.sh'
[10.855s] INFO:colcon.colcon_core.shell:Creating package script '/home/alejandra/ros2_ws/install/tutorial_interfaces/share/tutorial_interfaces/package.bash'
[10.857s] INFO:colcon.colcon_core.shell:Creating package script '/home/alejandra/ros2_ws/install/tutorial_interfaces/share/tutorial_interfaces/package.zsh'
[10.858s] Level 1:colcon.colcon_core.environment:create_file_with_runtime_dependencies(/home/alejandra/ros2_ws/install/tutorial_interfaces/share/colcon-core/packages/tutorial_interfaces)
[10.860s] Level 1:colcon.colcon_core.environment:create_environment_scripts_only(tutorial_interfaces)
[10.861s] Level 1:colcon.colcon_core.environment:checking '/home/alejandra/ros2_ws/install/tutorial_interfaces' for CMake module files
[10.861s] Level 1:colcon.colcon_core.environment:checking '/home/alejandra/ros2_ws/install/tutorial_interfaces' for CMake config files
[10.862s] Level 1:colcon.colcon_core.shell:create_environment_hook('tutorial_interfaces', 'cmake_prefix_path')
[10.862s] INFO:colcon.colcon_core.shell:Creating environment hook '/home/alejandra/ros2_ws/install/tutorial_interfaces/share/tutorial_interfaces/hook/cmake_prefix_path.ps1'
[10.863s] INFO:colcon.colcon_core.shell:Creating environment descriptor '/home/alejandra/ros2_ws/install/tutorial_interfaces/share/tutorial_interfaces/hook/cmake_prefix_path.dsv'
[10.864s] INFO:colcon.colcon_core.shell:Creating environment hook '/home/alejandra/ros2_ws/install/tutorial_interfaces/share/tutorial_interfaces/hook/cmake_prefix_path.sh'
[10.865s] Level 1:colcon.colcon_core.environment:checking '/home/alejandra/ros2_ws/install/tutorial_interfaces/lib'
[10.865s] Level 1:colcon.colcon_core.shell:create_environment_hook('tutorial_interfaces', 'ld_library_path_lib')
[10.866s] INFO:colcon.colcon_core.shell:Creating environment hook '/home/alejandra/ros2_ws/install/tutorial_interfaces/share/tutorial_interfaces/hook/ld_library_path_lib.ps1'
[10.867s] INFO:colcon.colcon_core.shell:Creating environment descriptor '/home/alejandra/ros2_ws/install/tutorial_interfaces/share/tutorial_interfaces/hook/ld_library_path_lib.dsv'
[10.867s] INFO:colcon.colcon_core.shell:Creating environment hook '/home/alejandra/ros2_ws/install/tutorial_interfaces/share/tutorial_interfaces/hook/ld_library_path_lib.sh'
[10.868s] Level 1:colcon.colcon_core.environment:checking '/home/alejandra/ros2_ws/install/tutorial_interfaces/bin'
[10.868s] Level 1:colcon.colcon_core.environment:checking '/home/alejandra/ros2_ws/install/tutorial_interfaces/lib/pkgconfig/tutorial_interfaces.pc'
[10.868s] Level 1:colcon.colcon_core.environment:checking '/home/alejandra/ros2_ws/install/tutorial_interfaces/lib/python3.12/site-packages'
[10.868s] Level 1:colcon.colcon_core.shell:create_environment_hook('tutorial_interfaces', 'pythonpath')
[10.868s] INFO:colcon.colcon_core.shell:Creating environment hook '/home/alejandra/ros2_ws/install/tutorial_interfaces/share/tutorial_interfaces/hook/pythonpath.ps1'
[10.869s] INFO:colcon.colcon_core.shell:Creating environment descriptor '/home/alejandra/ros2_ws/install/tutorial_interfaces/share/tutorial_interfaces/hook/pythonpath.dsv'
[10.869s] INFO:colcon.colcon_core.shell:Creating environment hook '/home/alejandra/ros2_ws/install/tutorial_interfaces/share/tutorial_interfaces/hook/pythonpath.sh'
[10.870s] Level 1:colcon.colcon_core.environment:checking '/home/alejandra/ros2_ws/install/tutorial_interfaces/bin'
[10.870s] INFO:colcon.colcon_core.shell:Creating package script '/home/alejandra/ros2_ws/install/tutorial_interfaces/share/tutorial_interfaces/package.ps1'
[10.871s] INFO:colcon.colcon_core.shell:Creating package descriptor '/home/alejandra/ros2_ws/install/tutorial_interfaces/share/tutorial_interfaces/package.dsv'
[10.871s] INFO:colcon.colcon_core.shell:Creating package script '/home/alejandra/ros2_ws/install/tutorial_interfaces/share/tutorial_interfaces/package.sh'
[10.872s] INFO:colcon.colcon_core.shell:Creating package script '/home/alejandra/ros2_ws/install/tutorial_interfaces/share/tutorial_interfaces/package.bash'
[10.872s] INFO:colcon.colcon_core.shell:Creating package script '/home/alejandra/ros2_ws/install/tutorial_interfaces/share/tutorial_interfaces/package.zsh'
[10.873s] Level 1:colcon.colcon_core.environment:create_file_with_runtime_dependencies(/home/alejandra/ros2_ws/install/tutorial_interfaces/share/colcon-core/packages/tutorial_interfaces)
[10.873s] DEBUG:colcon.colcon_parallel_executor.executor.parallel:closing loop
[10.874s] DEBUG:colcon.colcon_parallel_executor.executor.parallel:loop closed
[10.874s] DEBUG:colcon.colcon_parallel_executor.executor.parallel:run_until_complete finished with '0'
[10.874s] DEBUG:colcon.colcon_core.event_reactor:joining thread
[11.070s] INFO:colcon.colcon_core.plugin_system:Skipping extension 'colcon_notification.desktop_notification.notify_send': Could not find 'notify-send'
[11.070s] INFO:colcon.colcon_core.plugin_system:Skipping extension 'colcon_notification.desktop_notification.terminal_notifier': Not used on non-Darwin systems
[11.070s] INFO:colcon.colcon_core.plugin_system:Skipping extension 'colcon_notification.desktop_notification.win32': Not used on non-Windows systems
[11.070s] INFO:colcon.colcon_notification.desktop_notification:Sending desktop notification using 'notify2'
[11.075s] DEBUG:colcon.colcon_notification.desktop_notification.notify2:Failed to initialize notify2: org.freedesktop.DBus.Error.ServiceUnknown: The name org.freedesktop.Notifications was not provided by any .service files
[11.076s] DEBUG:colcon.colcon_core.event_reactor:joined thread
[11.076s] INFO:colcon.colcon_core.shell:Creating prefix script '/home/alejandra/ros2_ws/install/local_setup.ps1'
[11.080s] INFO:colcon.colcon_core.shell:Creating prefix util module '/home/alejandra/ros2_ws/install/_local_setup_util_ps1.py'
[11.083s] INFO:colcon.colcon_core.shell:Creating prefix chain script '/home/alejandra/ros2_ws/install/setup.ps1'
[11.086s] INFO:colcon.colcon_core.shell:Creating prefix script '/home/alejandra/ros2_ws/install/local_setup.sh'
[11.089s] INFO:colcon.colcon_core.shell:Creating prefix util module '/home/alejandra/ros2_ws/install/_local_setup_util_sh.py'
[11.090s] INFO:colcon.colcon_core.shell:Creating prefix chain script '/home/alejandra/ros2_ws/install/setup.sh'
[11.092s] INFO:colcon.colcon_core.shell:Creating prefix script '/home/alejandra/ros2_ws/install/local_setup.bash'
[11.093s] INFO:colcon.colcon_core.shell:Creating prefix chain script '/home/alejandra/ros2_ws/install/setup.bash'
[11.096s] INFO:colcon.colcon_core.shell:Creating prefix script '/home/alejandra/ros2_ws/install/local_setup.zsh'
[11.097s] INFO:colcon.colcon_core.shell:Creating prefix chain script '/home/alejandra/ros2_ws/install/setup.zsh'
