[2.069s] Invoking command in '/home/alejandra/ros2_ws/src/mi_primer_paquete': DEBUGINFOD_URLS=https://debuginfod.ubuntu.com PYTHONPATH=/home/alejandra/ros2_ws/build/mi_primer_paquete/prefix_override:/usr/lib/python3/dist-packages/colcon_core/task/python/colcon_distutils_commands:/home/alejandra/ros2_ws/install/mi_primer_paquete/lib/python3.12/site-packages:${PYTHONPATH} /usr/bin/python3 -W ignore:setup.py install is deprecated -W ignore:easy_install command is deprecated setup.py egg_info --egg-base ../../build/mi_primer_paquete build --build-base /home/alejandra/ros2_ws/build/mi_primer_paquete/build install --record /home/alejandra/ros2_ws/build/mi_primer_paquete/install.log --install-scripts $base/lib/mi_primer_paquete --single-version-externally-managed install_data
[2.430s] running egg_info
[2.448s] writing ../../build/mi_primer_paquete/mi_primer_paquete.egg-info/PKG-INFO
[2.449s] writing dependency_links to ../../build/mi_primer_paquete/mi_primer_paquete.egg-info/dependency_links.txt
[2.449s] writing entry points to ../../build/mi_primer_paquete/mi_primer_paquete.egg-info/entry_points.txt
[2.450s] writing requirements to ../../build/mi_primer_paquete/mi_primer_paquete.egg-info/requires.txt
[2.450s] writing top-level names to ../../build/mi_primer_paquete/mi_primer_paquete.egg-info/top_level.txt
[2.508s] reading manifest file '../../build/mi_primer_paquete/mi_primer_paquete.egg-info/SOURCES.txt'
[2.510s] writing manifest file '../../build/mi_primer_paquete/mi_primer_paquete.egg-info/SOURCES.txt'
[2.510s] running build
[2.511s] running build_py
[2.511s] running install
[2.522s] running install_lib
[2.545s] running install_data
[2.545s] running install_egg_info
[2.577s] removing '/home/alejandra/ros2_ws/install/mi_primer_paquete/lib/python3.12/site-packages/mi_primer_paquete-0.0.0-py3.12.egg-info' (and everything under it)
[2.578s] Copying ../../build/mi_primer_paquete/mi_primer_paquete.egg-info to /home/alejandra/ros2_ws/install/mi_primer_paquete/lib/python3.12/site-packages/mi_primer_paquete-0.0.0-py3.12.egg-info
[2.581s] running install_scripts
[2.758s] Installing nodo_control script to /home/alejandra/ros2_ws/install/mi_primer_paquete/lib/mi_primer_paquete
[2.759s] writing list of installed files to '/home/alejandra/ros2_ws/build/mi_primer_paquete/install.log'
[2.824s] Invoked command in '/home/alejandra/ros2_ws/src/mi_primer_paquete' returned '0': DEBUGINFOD_URLS=https://debuginfod.ubuntu.com PYTHONPATH=/home/alejandra/ros2_ws/build/mi_primer_paquete/prefix_override:/usr/lib/python3/dist-packages/colcon_core/task/python/colcon_distutils_commands:/home/alejandra/ros2_ws/install/mi_primer_paquete/lib/python3.12/site-packages:${PYTHONPATH} /usr/bin/python3 -W ignore:setup.py install is deprecated -W ignore:easy_install command is deprecated setup.py egg_info --egg-base ../../build/mi_primer_paquete build --build-base /home/alejandra/ros2_ws/build/mi_primer_paquete/build install --record /home/alejandra/ros2_ws/build/mi_primer_paquete/install.log --install-scripts $base/lib/mi_primer_paquete --single-version-externally-managed install_data
