[2.196s] Invoking command in '/home/alejandra/ros2_ws/src/py_action': AMENT_PREFIX_PATH=/home/alejandra/ros2_ws/install/tutorial_interfaces:${AMENT_PREFIX_PATH} CMAKE_PREFIX_PATH=/home/alejandra/ros2_ws/install/tutorial_interfaces:${CMAKE_PREFIX_PATH} DEBUGINFOD_URLS=https://debuginfod.ubuntu.com LD_LIBRARY_PATH=/home/alejandra/ros2_ws/install/tutorial_interfaces/lib:${LD_LIBRARY_PATH} PYTHONPATH=/home/alejandra/ros2_ws/build/py_action/prefix_override:/usr/lib/python3/dist-packages/colcon_core/task/python/colcon_distutils_commands:/home/alejandra/ros2_ws/install/py_action/lib/python3.12/site-packages:/home/alejandra/ros2_ws/install/tutorial_interfaces/lib/python3.12/site-packages:${PYTHONPATH} /usr/bin/python3 -W ignore:setup.py install is deprecated -W ignore:easy_install command is deprecated setup.py egg_info --egg-base ../../build/py_action build --build-base /home/alejandra/ros2_ws/build/py_action/build install --record /home/alejandra/ros2_ws/build/py_action/install.log --install-scripts $base/lib/py_action --single-version-externally-managed install_data
[2.519s] running egg_info
[2.540s] writing ../../build/py_action/py_action.egg-info/PKG-INFO
[2.541s] writing dependency_links to ../../build/py_action/py_action.egg-info/dependency_links.txt
[2.542s] writing entry points to ../../build/py_action/py_action.egg-info/entry_points.txt
[2.542s] writing requirements to ../../build/py_action/py_action.egg-info/requires.txt
[2.542s] writing top-level names to ../../build/py_action/py_action.egg-info/top_level.txt
[2.587s] reading manifest file '../../build/py_action/py_action.egg-info/SOURCES.txt'
[2.589s] writing manifest file '../../build/py_action/py_action.egg-info/SOURCES.txt'
[2.589s] running build
[2.589s] running build_py
[2.590s] running install
[2.597s] running install_lib
[2.624s] running install_data
[2.624s] running install_egg_info
[2.656s] removing '/home/alejandra/ros2_ws/install/py_action/lib/python3.12/site-packages/py_action-0.0.0-py3.12.egg-info' (and everything under it)
[2.656s] Copying ../../build/py_action/py_action.egg-info to /home/alejandra/ros2_ws/install/py_action/lib/python3.12/site-packages/py_action-0.0.0-py3.12.egg-info
[2.657s] running install_scripts
[2.811s] Installing server script to /home/alejandra/ros2_ws/install/py_action/lib/py_action
[2.811s] writing list of installed files to '/home/alejandra/ros2_ws/build/py_action/install.log'
[2.865s] Invoked command in '/home/alejandra/ros2_ws/src/py_action' returned '0': AMENT_PREFIX_PATH=/home/alejandra/ros2_ws/install/tutorial_interfaces:${AMENT_PREFIX_PATH} CMAKE_PREFIX_PATH=/home/alejandra/ros2_ws/install/tutorial_interfaces:${CMAKE_PREFIX_PATH} DEBUGINFOD_URLS=https://debuginfod.ubuntu.com LD_LIBRARY_PATH=/home/alejandra/ros2_ws/install/tutorial_interfaces/lib:${LD_LIBRARY_PATH} PYTHONPATH=/home/alejandra/ros2_ws/build/py_action/prefix_override:/usr/lib/python3/dist-packages/colcon_core/task/python/colcon_distutils_commands:/home/alejandra/ros2_ws/install/py_action/lib/python3.12/site-packages:/home/alejandra/ros2_ws/install/tutorial_interfaces/lib/python3.12/site-packages:${PYTHONPATH} /usr/bin/python3 -W ignore:setup.py install is deprecated -W ignore:easy_install command is deprecated setup.py egg_info --egg-base ../../build/py_action build --build-base /home/alejandra/ros2_ws/build/py_action/build install --record /home/alejandra/ros2_ws/build/py_action/install.log --install-scripts $base/lib/py_action --single-version-externally-managed install_data
