[1.991s] Invoking command in '/home/alejandra/ros2_ws/src/my_robot_launch': DEBUGINFOD_URLS=https://debuginfod.ubuntu.com PYTHONPATH=/home/alejandra/ros2_ws/build/my_robot_launch/prefix_override:/usr/lib/python3/dist-packages/colcon_core/task/python/colcon_distutils_commands:/home/alejandra/ros2_ws/install/my_robot_launch/lib/python3.12/site-packages:${PYTHONPATH} /usr/bin/python3 -W ignore:setup.py install is deprecated -W ignore:easy_install command is deprecated setup.py egg_info --egg-base ../../build/my_robot_launch build --build-base /home/alejandra/ros2_ws/build/my_robot_launch/build install --record /home/alejandra/ros2_ws/build/my_robot_launch/install.log --install-scripts $base/lib/my_robot_launch --single-version-externally-managed install_data
[2.336s] running egg_info
[2.362s] writing ../../build/my_robot_launch/my_robot_launch.egg-info/PKG-INFO
[2.363s] writing dependency_links to ../../build/my_robot_launch/my_robot_launch.egg-info/dependency_links.txt
[2.363s] writing requirements to ../../build/my_robot_launch/my_robot_launch.egg-info/requires.txt
[2.363s] writing top-level names to ../../build/my_robot_launch/my_robot_launch.egg-info/top_level.txt
[2.410s] reading manifest file '../../build/my_robot_launch/my_robot_launch.egg-info/SOURCES.txt'
[2.412s] writing manifest file '../../build/my_robot_launch/my_robot_launch.egg-info/SOURCES.txt'
[2.412s] running build
[2.412s] running build_py
[2.413s] running install
[2.422s] running install_lib
[2.450s] running install_data
[2.450s] creating /home/alejandra/ros2_ws/install/my_robot_launch/share/my_robot_launch/launch
[2.451s] copying launch/turtle_mimic.launch.py -> /home/alejandra/ros2_ws/install/my_robot_launch/share/my_robot_launch/launch
[2.452s] running install_egg_info
[2.477s] removing '/home/alejandra/ros2_ws/install/my_robot_launch/lib/python3.12/site-packages/my_robot_launch-0.0.0-py3.12.egg-info' (and everything under it)
[2.479s] Copying ../../build/my_robot_launch/my_robot_launch.egg-info to /home/alejandra/ros2_ws/install/my_robot_launch/lib/python3.12/site-packages/my_robot_launch-0.0.0-py3.12.egg-info
[2.485s] running install_scripts
[2.644s] writing list of installed files to '/home/alejandra/ros2_ws/build/my_robot_launch/install.log'
[2.702s] Invoked command in '/home/alejandra/ros2_ws/src/my_robot_launch' returned '0': DEBUGINFOD_URLS=https://debuginfod.ubuntu.com PYTHONPATH=/home/alejandra/ros2_ws/build/my_robot_launch/prefix_override:/usr/lib/python3/dist-packages/colcon_core/task/python/colcon_distutils_commands:/home/alejandra/ros2_ws/install/my_robot_launch/lib/python3.12/site-packages:${PYTHONPATH} /usr/bin/python3 -W ignore:setup.py install is deprecated -W ignore:easy_install command is deprecated setup.py egg_info --egg-base ../../build/my_robot_launch build --build-base /home/alejandra/ros2_ws/build/my_robot_launch/build install --record /home/alejandra/ros2_ws/build/my_robot_launch/install.log --install-scripts $base/lib/my_robot_launch --single-version-externally-managed install_data
