[2.063s] Invoking command in '/home/alejandra/ros2_ws/src/turtlesim_control_pkg': DEBUGINFOD_URLS=https://debuginfod.ubuntu.com PYTHONPATH=/home/alejandra/ros2_ws/build/turtlesim_control_pkg/prefix_override:/usr/lib/python3/dist-packages/colcon_core/task/python/colcon_distutils_commands:/home/alejandra/ros2_ws/install/turtlesim_control_pkg/lib/python3.12/site-packages:${PYTHONPATH} /usr/bin/python3 -W ignore:setup.py install is deprecated -W ignore:easy_install command is deprecated setup.py egg_info --egg-base ../../build/turtlesim_control_pkg build --build-base /home/alejandra/ros2_ws/build/turtlesim_control_pkg/build install --record /home/alejandra/ros2_ws/build/turtlesim_control_pkg/install.log --install-scripts $base/lib/turtlesim_control_pkg --single-version-externally-managed install_data
[2.445s] running egg_info
[2.475s] writing ../../build/turtlesim_control_pkg/turtlesim_control_pkg.egg-info/PKG-INFO
[2.477s] writing dependency_links to ../../build/turtlesim_control_pkg/turtlesim_control_pkg.egg-info/dependency_links.txt
[2.478s] writing entry points to ../../build/turtlesim_control_pkg/turtlesim_control_pkg.egg-info/entry_points.txt
[2.478s] writing requirements to ../../build/turtlesim_control_pkg/turtlesim_control_pkg.egg-info/requires.txt
[2.479s] writing top-level names to ../../build/turtlesim_control_pkg/turtlesim_control_pkg.egg-info/top_level.txt
[2.534s] reading manifest file '../../build/turtlesim_control_pkg/turtlesim_control_pkg.egg-info/SOURCES.txt'
[2.535s] writing manifest file '../../build/turtlesim_control_pkg/turtlesim_control_pkg.egg-info/SOURCES.txt'
[2.535s] running build
[2.535s] running build_py
[2.535s] running install
[2.546s] running install_lib
[2.570s] running install_data
[2.571s] running install_egg_info
[2.600s] removing '/home/alejandra/ros2_ws/install/turtlesim_control_pkg/lib/python3.12/site-packages/turtlesim_control_pkg-0.0.0-py3.12.egg-info' (and everything under it)
[2.602s] Copying ../../build/turtlesim_control_pkg/turtlesim_control_pkg.egg-info to /home/alejandra/ros2_ws/install/turtlesim_control_pkg/lib/python3.12/site-packages/turtlesim_control_pkg-0.0.0-py3.12.egg-info
[2.603s] running install_scripts
[2.762s] Installing turtle_mode_controller script to /home/alejandra/ros2_ws/install/turtlesim_control_pkg/lib/turtlesim_control_pkg
[2.763s] writing list of installed files to '/home/alejandra/ros2_ws/build/turtlesim_control_pkg/install.log'
[2.845s] Invoked command in '/home/alejandra/ros2_ws/src/turtlesim_control_pkg' returned '0': DEBUGINFOD_URLS=https://debuginfod.ubuntu.com PYTHONPATH=/home/alejandra/ros2_ws/build/turtlesim_control_pkg/prefix_override:/usr/lib/python3/dist-packages/colcon_core/task/python/colcon_distutils_commands:/home/alejandra/ros2_ws/install/turtlesim_control_pkg/lib/python3.12/site-packages:${PYTHONPATH} /usr/bin/python3 -W ignore:setup.py install is deprecated -W ignore:easy_install command is deprecated setup.py egg_info --egg-base ../../build/turtlesim_control_pkg build --build-base /home/alejandra/ros2_ws/build/turtlesim_control_pkg/build install --record /home/alejandra/ros2_ws/build/turtlesim_control_pkg/install.log --install-scripts $base/lib/turtlesim_control_pkg --single-version-externally-managed install_data
