[2.989s] Invoking command in '/home/alejandra/ros2_ws/src/py_srvcli': PYTHONPATH=/home/alejandra/ros2_ws/build/py_srvcli/prefix_override:/usr/lib/python3/dist-packages/colcon_core/task/python/colcon_distutils_commands:/home/alejandra/ros2_ws/install/py_srvcli/lib/python3.12/site-packages:${PYTHONPATH} /usr/bin/python3 -W ignore:setup.py install is deprecated -W ignore:easy_install command is deprecated setup.py egg_info --egg-base ../../build/py_srvcli build --build-base /home/alejandra/ros2_ws/build/py_srvcli/build install --record /home/alejandra/ros2_ws/build/py_srvcli/install.log --install-scripts $base/lib/py_srvcli --single-version-externally-managed install_data
[3.300s] running egg_info
[3.300s] creating ../../build/py_srvcli/py_srvcli.egg-info
[3.322s] writing ../../build/py_srvcli/py_srvcli.egg-info/PKG-INFO
[3.323s] writing dependency_links to ../../build/py_srvcli/py_srvcli.egg-info/dependency_links.txt
[3.323s] writing entry points to ../../build/py_srvcli/py_srvcli.egg-info/entry_points.txt
[3.324s] writing requirements to ../../build/py_srvcli/py_srvcli.egg-info/requires.txt
[3.324s] writing top-level names to ../../build/py_srvcli/py_srvcli.egg-info/top_level.txt
[3.324s] writing manifest file '../../build/py_srvcli/py_srvcli.egg-info/SOURCES.txt'
[3.368s] reading manifest file '../../build/py_srvcli/py_srvcli.egg-info/SOURCES.txt'
[3.369s] writing manifest file '../../build/py_srvcli/py_srvcli.egg-info/SOURCES.txt'
[3.389s] running build
[3.389s] running build_py
[3.390s] creating /home/alejandra/ros2_ws/build/py_srvcli/build
[3.391s] creating /home/alejandra/ros2_ws/build/py_srvcli/build/lib
[3.392s] creating /home/alejandra/ros2_ws/build/py_srvcli/build/lib/py_srvcli
[3.392s] copying py_srvcli/service_member_function.py -> /home/alejandra/ros2_ws/build/py_srvcli/build/lib/py_srvcli
[3.393s] copying py_srvcli/client_member_function.py -> /home/alejandra/ros2_ws/build/py_srvcli/build/lib/py_srvcli
[3.393s] copying py_srvcli/__init__.py -> /home/alejandra/ros2_ws/build/py_srvcli/build/lib/py_srvcli
[3.394s] running install
[3.404s] running install_lib
[3.431s] creating /home/alejandra/ros2_ws/install/py_srvcli/lib/python3.12/site-packages/py_srvcli
[3.431s] copying /home/alejandra/ros2_ws/build/py_srvcli/build/lib/py_srvcli/service_member_function.py -> /home/alejandra/ros2_ws/install/py_srvcli/lib/python3.12/site-packages/py_srvcli
[3.431s] copying /home/alejandra/ros2_ws/build/py_srvcli/build/lib/py_srvcli/client_member_function.py -> /home/alejandra/ros2_ws/install/py_srvcli/lib/python3.12/site-packages/py_srvcli
[3.431s] copying /home/alejandra/ros2_ws/build/py_srvcli/build/lib/py_srvcli/__init__.py -> /home/alejandra/ros2_ws/install/py_srvcli/lib/python3.12/site-packages/py_srvcli
[3.432s] byte-compiling /home/alejandra/ros2_ws/install/py_srvcli/lib/python3.12/site-packages/py_srvcli/service_member_function.py to service_member_function.cpython-312.pyc
[3.434s] byte-compiling /home/alejandra/ros2_ws/install/py_srvcli/lib/python3.12/site-packages/py_srvcli/client_member_function.py to client_member_function.cpython-312.pyc
[3.435s] byte-compiling /home/alejandra/ros2_ws/install/py_srvcli/lib/python3.12/site-packages/py_srvcli/__init__.py to __init__.cpython-312.pyc
[3.436s] running install_data
[3.436s] creating /home/alejandra/ros2_ws/install/py_srvcli/share/ament_index
[3.436s] creating /home/alejandra/ros2_ws/install/py_srvcli/share/ament_index/resource_index
[3.437s] creating /home/alejandra/ros2_ws/install/py_srvcli/share/ament_index/resource_index/packages
[3.437s] copying resource/py_srvcli -> /home/alejandra/ros2_ws/install/py_srvcli/share/ament_index/resource_index/packages
[3.438s] copying package.xml -> /home/alejandra/ros2_ws/install/py_srvcli/share/py_srvcli
[3.438s] running install_egg_info
[3.458s] Copying ../../build/py_srvcli/py_srvcli.egg-info to /home/alejandra/ros2_ws/install/py_srvcli/lib/python3.12/site-packages/py_srvcli-0.0.0-py3.12.egg-info
[3.459s] running install_scripts
[3.607s] Installing client script to /home/alejandra/ros2_ws/install/py_srvcli/lib/py_srvcli
[3.607s] Installing server script to /home/alejandra/ros2_ws/install/py_srvcli/lib/py_srvcli
[3.608s] writing list of installed files to '/home/alejandra/ros2_ws/build/py_srvcli/install.log'
[3.648s] Invoked command in '/home/alejandra/ros2_ws/src/py_srvcli' returned '0': PYTHONPATH=/home/alejandra/ros2_ws/build/py_srvcli/prefix_override:/usr/lib/python3/dist-packages/colcon_core/task/python/colcon_distutils_commands:/home/alejandra/ros2_ws/install/py_srvcli/lib/python3.12/site-packages:${PYTHONPATH} /usr/bin/python3 -W ignore:setup.py install is deprecated -W ignore:easy_install command is deprecated setup.py egg_info --egg-base ../../build/py_srvcli build --build-base /home/alejandra/ros2_ws/build/py_srvcli/build install --record /home/alejandra/ros2_ws/build/py_srvcli/install.log --install-scripts $base/lib/py_srvcli --single-version-externally-managed install_data
