[0.015s] Invoking command in '/home/alejandra/ros2_ws/build/tutorial_interfaces': CMAKE_PREFIX_PATH=${CMAKE_PREFIX_PATH}:/opt/ros/jazzy /usr/bin/cmake /home/alejandra/ros2_ws/src/tutorial_interfaces -DCMAKE_INSTALL_PREFIX=/home/alejandra/ros2_ws/install/tutorial_interfaces
[0.105s] -- Found ament_cmake: 2.5.6 (/opt/ros/jazzy/share/ament_cmake/cmake)
[0.411s] -- Found rclcpp: 28.1.21 (/opt/ros/jazzy/share/rclcpp/cmake)
[0.855s] -- Found rosidl_generator_c: 4.6.9 (/opt/ros/jazzy/share/rosidl_generator_c/cmake)
[0.871s] -- Found rosidl_generator_cpp: 4.6.9 (/opt/ros/jazzy/share/rosidl_generator_cpp/cmake)
[0.892s] -- Using all available rosidl_typesupport_c: rosidl_typesupport_fastrtps_c;rosidl_typesupport_introspection_c
[0.914s] -- Using all available rosidl_typesupport_cpp: rosidl_typesupport_fastrtps_cpp;rosidl_typesupport_introspection_cpp
[1.036s] -- Found rmw_implementation_cmake: 7.3.3 (/opt/ros/jazzy/share/rmw_implementation_cmake/cmake)
[1.041s] -- Found rmw_fastrtps_cpp: 8.4.4 (/opt/ros/jazzy/share/rmw_fastrtps_cpp/cmake)
[1.992s] -- Using RMW implementation 'rmw_fastrtps_cpp' as default
[2.621s] -- Found std_msgs: 5.3.8 (/opt/ros/jazzy/share/std_msgs/cmake)
[2.668s] -- Found rosidl_default_generators: 1.6.1 (/opt/ros/jazzy/share/rosidl_default_generators/cmake)
[2.688s] -- Found rosidl_adapter: 4.6.9 (/opt/ros/jazzy/share/rosidl_adapter/cmake)
[2.693s] -- Found ament_lint_auto: 0.17.5 (/opt/ros/jazzy/share/ament_lint_auto/cmake)
[3.387s] -- Found ament_cmake_ros: 0.12.1 (/opt/ros/jazzy/share/ament_cmake_ros/cmake)
[4.216s] -- Using all available rosidl_typesupport_c: rosidl_typesupport_fastrtps_c;rosidl_typesupport_introspection_c
[4.509s] -- Using all available rosidl_typesupport_cpp: rosidl_typesupport_fastrtps_cpp;rosidl_typesupport_introspection_cpp
[4.515s] -- Found python_cmake_module: 0.11.1 (/opt/ros/jazzy/share/python_cmake_module/cmake)
[4.655s] -- Found PythonExtra: /usr/bin/python3  
[5.258s] -- Found Python3: /usr/bin/python3 (found version "3.12.3") found components: Interpreter Development NumPy Development.Module Development.Embed 
[5.324s] -- Found Python3: /usr/bin/python3 (found version "3.12.3") found components: Interpreter 
[5.337s] -- Added test 'lint_cmake' to check CMake code style
[5.339s] -- Added test 'xmllint' to check XML markup files
[5.353s] -- Configuring done (5.3s)
[5.407s] -- Generating done (0.0s)
[5.421s] -- Build files have been written to: /home/alejandra/ros2_ws/build/tutorial_interfaces
[5.438s] Invoked command in '/home/alejandra/ros2_ws/build/tutorial_interfaces' returned '0': CMAKE_PREFIX_PATH=${CMAKE_PREFIX_PATH}:/opt/ros/jazzy /usr/bin/cmake /home/alejandra/ros2_ws/src/tutorial_interfaces -DCMAKE_INSTALL_PREFIX=/home/alejandra/ros2_ws/install/tutorial_interfaces
[5.439s] Invoking command in '/home/alejandra/ros2_ws/build/tutorial_interfaces': CMAKE_PREFIX_PATH=${CMAKE_PREFIX_PATH}:/opt/ros/jazzy /usr/bin/cmake --build /home/alejandra/ros2_ws/build/tutorial_interfaces -- -j12 -l12
[5.494s] [  2%] [34m[1mGenerating Rust code for ROS interfaces[0m
[5.494s] [  4%] [34m[1mGenerating type hashes for ROS interfaces[0m
[5.504s] [  4%] Built target ament_cmake_python_copy_tutorial_interfaces
[5.706s] [  4%] Built target tutorial_interfaces__rosidl_generator_type_description
[5.708s] running egg_info
[5.710s] creating tutorial_interfaces.egg-info
[5.715s] [  6%] [34m[1mGenerating C code for ROS interfaces[0m
[5.725s] [  8%] [34m[1mGenerating C++ code for ROS interfaces[0m
[5.734s] writing tutorial_interfaces.egg-info/PKG-INFO
[5.734s] writing dependency_links to tutorial_interfaces.egg-info/dependency_links.txt
[5.735s] writing top-level names to tutorial_interfaces.egg-info/top_level.txt
[5.735s] writing manifest file 'tutorial_interfaces.egg-info/SOURCES.txt'
[5.739s] [  8%] Built target tutorial_interfaces__rs
[5.783s] reading manifest file 'tutorial_interfaces.egg-info/SOURCES.txt'
[5.784s] writing manifest file 'tutorial_interfaces.egg-info/SOURCES.txt'
[5.813s] [  8%] Built target ament_cmake_python_build_tutorial_interfaces_egg
[6.003s] [  8%] Built target tutorial_interfaces__cpp
[6.061s] [ 11%] [32mBuilding C object CMakeFiles/tutorial_interfaces__rosidl_generator_c.dir/rosidl_generator_c/tutorial_interfaces/msg/detail/num__type_support.c.o[0m
[6.062s] [ 13%] [32mBuilding C object CMakeFiles/tutorial_interfaces__rosidl_generator_c.dir/rosidl_generator_c/tutorial_interfaces/msg/detail/num__functions.c.o[0m
[6.063s] [ 17%] [32mBuilding C object CMakeFiles/tutorial_interfaces__rosidl_generator_c.dir/rosidl_generator_c/tutorial_interfaces/msg/detail/num__description.c.o[0m
[6.063s] [ 17%] [32mBuilding C object CMakeFiles/tutorial_interfaces__rosidl_generator_c.dir/rosidl_generator_c/tutorial_interfaces/srv/detail/hypotenuse__description.c.o[0m
[6.063s] [ 20%] [32mBuilding C object CMakeFiles/tutorial_interfaces__rosidl_generator_c.dir/rosidl_generator_c/tutorial_interfaces/srv/detail/hypotenuse__type_support.c.o[0m
[6.066s] [ 22%] [32mBuilding C object CMakeFiles/tutorial_interfaces__rosidl_generator_c.dir/rosidl_generator_c/tutorial_interfaces/srv/detail/hypotenuse__functions.c.o[0m
[6.215s] [ 24%] [32m[1mLinking C shared library libtutorial_interfaces__rosidl_generator_c.so[0m
[6.451s] [ 24%] Built target tutorial_interfaces__rosidl_generator_c
[6.472s] [ 26%] [34m[1mGenerating C++ type support for eProsima Fast-RTPS[0m
[6.474s] [ 31%] [34m[1mGenerating C++ introspection for ROS interfaces[0m
[6.474s] [ 31%] [34m[1mGenerating C type support dispatch for ROS interfaces[0m
[6.474s] [ 33%] [34m[1mGenerating C introspection for ROS interfaces[0m
[6.475s] [ 35%] [34m[1mGenerating C++ type support dispatch for ROS interfaces[0m
[6.478s] [ 37%] [34m[1mGenerating C type support for eProsima Fast-RTPS[0m
[6.784s] [ 40%] [32mBuilding CXX object CMakeFiles/tutorial_interfaces__rosidl_typesupport_cpp.dir/rosidl_typesupport_cpp/tutorial_interfaces/srv/hypotenuse__type_support.cpp.o[0m
[6.785s] [ 42%] [32mBuilding CXX object CMakeFiles/tutorial_interfaces__rosidl_typesupport_cpp.dir/rosidl_typesupport_cpp/tutorial_interfaces/msg/num__type_support.cpp.o[0m
[6.787s] [ 44%] [32mBuilding CXX object CMakeFiles/tutorial_interfaces__rosidl_typesupport_c.dir/rosidl_typesupport_c/tutorial_interfaces/msg/num__type_support.cpp.o[0m
[6.789s] [ 46%] [32mBuilding CXX object CMakeFiles/tutorial_interfaces__rosidl_typesupport_c.dir/rosidl_typesupport_c/tutorial_interfaces/srv/hypotenuse__type_support.cpp.o[0m
[6.817s] [ 48%] [32mBuilding CXX object CMakeFiles/tutorial_interfaces__rosidl_typesupport_introspection_cpp.dir/rosidl_typesupport_introspection_cpp/tutorial_interfaces/msg/detail/num__type_support.cpp.o[0m
[6.818s] [ 51%] [32mBuilding CXX object CMakeFiles/tutorial_interfaces__rosidl_typesupport_introspection_cpp.dir/rosidl_typesupport_introspection_cpp/tutorial_interfaces/srv/detail/hypotenuse__type_support.cpp.o[0m
[6.859s] [ 53%] [32mBuilding C object CMakeFiles/tutorial_interfaces__rosidl_typesupport_introspection_c.dir/rosidl_typesupport_introspection_c/tutorial_interfaces/srv/detail/hypotenuse__type_support.c.o[0m
[6.860s] [ 55%] [32mBuilding C object CMakeFiles/tutorial_interfaces__rosidl_typesupport_introspection_c.dir/rosidl_typesupport_introspection_c/tutorial_interfaces/msg/detail/num__type_support.c.o[0m
[6.882s] [ 60%] [32mBuilding CXX object CMakeFiles/tutorial_interfaces__rosidl_typesupport_fastrtps_cpp.dir/rosidl_typesupport_fastrtps_cpp/tutorial_interfaces/msg/detail/dds_fastrtps/num__type_support.cpp.o[0m
[6.882s] [ 60%] [32mBuilding CXX object CMakeFiles/tutorial_interfaces__rosidl_typesupport_fastrtps_cpp.dir/rosidl_typesupport_fastrtps_cpp/tutorial_interfaces/srv/detail/dds_fastrtps/hypotenuse__type_support.cpp.o[0m
[6.930s] [ 62%] [32m[1mLinking C shared library libtutorial_interfaces__rosidl_typesupport_introspection_c.so[0m
[6.933s] [ 64%] [32mBuilding CXX object CMakeFiles/tutorial_interfaces__rosidl_typesupport_fastrtps_c.dir/rosidl_typesupport_fastrtps_c/tutorial_interfaces/msg/detail/num__type_support_c.cpp.o[0m
[6.935s] [ 66%] [32mBuilding CXX object CMakeFiles/tutorial_interfaces__rosidl_typesupport_fastrtps_c.dir/rosidl_typesupport_fastrtps_c/tutorial_interfaces/srv/detail/hypotenuse__type_support_c.cpp.o[0m
[6.935s] [ 68%] [32m[1mLinking CXX shared library libtutorial_interfaces__rosidl_typesupport_c.so[0m
[7.123s] [ 68%] Built target tutorial_interfaces__rosidl_typesupport_introspection_c
[7.142s] [ 68%] Built target tutorial_interfaces__rosidl_typesupport_c
[7.530s] [ 71%] [32m[1mLinking CXX shared library libtutorial_interfaces__rosidl_typesupport_cpp.so[0m
[7.565s] [ 73%] [32m[1mLinking CXX shared library libtutorial_interfaces__rosidl_typesupport_introspection_cpp.so[0m
[7.740s] [ 75%] [32m[1mLinking CXX shared library libtutorial_interfaces__rosidl_typesupport_fastrtps_c.so[0m
[7.816s] [ 75%] Built target tutorial_interfaces__rosidl_typesupport_cpp
[7.846s] [ 75%] Built target tutorial_interfaces__rosidl_typesupport_introspection_cpp
[7.860s] [ 77%] [32m[1mLinking CXX shared library libtutorial_interfaces__rosidl_typesupport_fastrtps_cpp.so[0m
[7.972s] [ 77%] Built target tutorial_interfaces__rosidl_typesupport_fastrtps_c
[8.109s] [ 77%] Built target tutorial_interfaces__rosidl_typesupport_fastrtps_cpp
[8.132s] [ 77%] Built target tutorial_interfaces
[8.159s] [ 80%] [34m[1mGenerating Python code for ROS interfaces[0m
[8.603s] [ 80%] Built target tutorial_interfaces__py
[8.624s] [ 82%] [32mBuilding C object CMakeFiles/tutorial_interfaces__rosidl_generator_py.dir/rosidl_generator_py/tutorial_interfaces/msg/_num_s.c.o[0m
[8.624s] [ 84%] [32mBuilding C object CMakeFiles/tutorial_interfaces__rosidl_generator_py.dir/rosidl_generator_py/tutorial_interfaces/srv/_hypotenuse_s.c.o[0m
[8.850s] [ 86%] [32m[1mLinking C shared library libtutorial_interfaces__rosidl_generator_py.so[0m
[9.153s] [ 86%] Built target tutorial_interfaces__rosidl_generator_py
[9.182s] [ 93%] [32mBuilding C object CMakeFiles/tutorial_interfaces_s__rosidl_typesupport_fastrtps_c.dir/rosidl_generator_py/tutorial_interfaces/_tutorial_interfaces_s.ep.rosidl_typesupport_fastrtps_c.c.o[0m
[9.183s] [ 93%] [32mBuilding C object CMakeFiles/tutorial_interfaces_s__rosidl_typesupport_introspection_c.dir/rosidl_generator_py/tutorial_interfaces/_tutorial_interfaces_s.ep.rosidl_typesupport_introspection_c.c.o[0m
[9.183s] [ 93%] [32mBuilding C object CMakeFiles/tutorial_interfaces_s__rosidl_typesupport_c.dir/rosidl_generator_py/tutorial_interfaces/_tutorial_interfaces_s.ep.rosidl_typesupport_c.c.o[0m
[9.293s] [ 95%] [32m[1mLinking C shared module rosidl_generator_py/tutorial_interfaces/tutorial_interfaces_s__rosidl_typesupport_introspection_c.so[0m
[9.302s] [ 97%] [32m[1mLinking C shared module rosidl_generator_py/tutorial_interfaces/tutorial_interfaces_s__rosidl_typesupport_c.so[0m
[9.309s] [100%] [32m[1mLinking C shared module rosidl_generator_py/tutorial_interfaces/tutorial_interfaces_s__rosidl_typesupport_fastrtps_c.so[0m
[9.511s] [100%] Built target tutorial_interfaces_s__rosidl_typesupport_c
[9.520s] [100%] Built target tutorial_interfaces_s__rosidl_typesupport_introspection_c
[9.614s] [100%] Built target tutorial_interfaces_s__rosidl_typesupport_fastrtps_c
[9.638s] Invoked command in '/home/alejandra/ros2_ws/build/tutorial_interfaces' returned '0': CMAKE_PREFIX_PATH=${CMAKE_PREFIX_PATH}:/opt/ros/jazzy /usr/bin/cmake --build /home/alejandra/ros2_ws/build/tutorial_interfaces -- -j12 -l12
[9.655s] Invoking command in '/home/alejandra/ros2_ws/build/tutorial_interfaces': CMAKE_PREFIX_PATH=${CMAKE_PREFIX_PATH}:/opt/ros/jazzy /usr/bin/cmake --install /home/alejandra/ros2_ws/build/tutorial_interfaces
[9.667s] -- Install configuration: ""
[9.668s] -- Installing: /home/alejandra/ros2_ws/install/tutorial_interfaces/share/ament_index/resource_index/rosidl_interfaces/tutorial_interfaces
[9.669s] -- Installing: /home/alejandra/ros2_ws/install/tutorial_interfaces/share/tutorial_interfaces/msg/Num.json
[9.669s] -- Installing: /home/alejandra/ros2_ws/install/tutorial_interfaces/share/tutorial_interfaces/srv/Hypotenuse.json
[9.669s] -- Installing: /home/alejandra/ros2_ws/install/tutorial_interfaces/include/tutorial_interfaces/tutorial_interfaces
[9.670s] -- Installing: /home/alejandra/ros2_ws/install/tutorial_interfaces/include/tutorial_interfaces/tutorial_interfaces/srv
[9.670s] -- Installing: /home/alejandra/ros2_ws/install/tutorial_interfaces/include/tutorial_interfaces/tutorial_interfaces/srv/hypotenuse.h
[9.670s] -- Installing: /home/alejandra/ros2_ws/install/tutorial_interfaces/include/tutorial_interfaces/tutorial_interfaces/srv/detail
[9.670s] -- Installing: /home/alejandra/ros2_ws/install/tutorial_interfaces/include/tutorial_interfaces/tutorial_interfaces/srv/detail/hypotenuse__functions.c
[9.671s] -- Installing: /home/alejandra/ros2_ws/install/tutorial_interfaces/include/tutorial_interfaces/tutorial_interfaces/srv/detail/hypotenuse__functions.h
[9.671s] -- Installing: /home/alejandra/ros2_ws/install/tutorial_interfaces/include/tutorial_interfaces/tutorial_interfaces/srv/detail/hypotenuse__description.c
[9.671s] -- Installing: /home/alejandra/ros2_ws/install/tutorial_interfaces/include/tutorial_interfaces/tutorial_interfaces/srv/detail/hypotenuse__type_support.h
[9.671s] -- Installing: /home/alejandra/ros2_ws/install/tutorial_interfaces/include/tutorial_interfaces/tutorial_interfaces/srv/detail/hypotenuse__type_support.c
[9.671s] -- Installing: /home/alejandra/ros2_ws/install/tutorial_interfaces/include/tutorial_interfaces/tutorial_interfaces/srv/detail/hypotenuse__struct.h
[9.671s] -- Installing: /home/alejandra/ros2_ws/install/tutorial_interfaces/include/tutorial_interfaces/tutorial_interfaces/msg
[9.672s] -- Installing: /home/alejandra/ros2_ws/install/tutorial_interfaces/include/tutorial_interfaces/tutorial_interfaces/msg/rosidl_generator_c__visibility_control.h
[9.672s] -- Installing: /home/alejandra/ros2_ws/install/tutorial_interfaces/include/tutorial_interfaces/tutorial_interfaces/msg/detail
[9.672s] -- Installing: /home/alejandra/ros2_ws/install/tutorial_interfaces/include/tutorial_interfaces/tutorial_interfaces/msg/detail/num__description.c
[9.672s] -- Installing: /home/alejandra/ros2_ws/install/tutorial_interfaces/include/tutorial_interfaces/tutorial_interfaces/msg/detail/num__functions.c
[9.672s] -- Installing: /home/alejandra/ros2_ws/install/tutorial_interfaces/include/tutorial_interfaces/tutorial_interfaces/msg/detail/num__type_support.c
[9.673s] -- Installing: /home/alejandra/ros2_ws/install/tutorial_interfaces/include/tutorial_interfaces/tutorial_interfaces/msg/detail/num__functions.h
[9.673s] -- Installing: /home/alejandra/ros2_ws/install/tutorial_interfaces/include/tutorial_interfaces/tutorial_interfaces/msg/detail/num__struct.h
[9.673s] -- Installing: /home/alejandra/ros2_ws/install/tutorial_interfaces/include/tutorial_interfaces/tutorial_interfaces/msg/detail/num__type_support.h
[9.674s] -- Installing: /home/alejandra/ros2_ws/install/tutorial_interfaces/include/tutorial_interfaces/tutorial_interfaces/msg/num.h
[9.674s] -- Installing: /home/alejandra/ros2_ws/install/tutorial_interfaces/share/tutorial_interfaces/environment/library_path.sh
[9.675s] -- Installing: /home/alejandra/ros2_ws/install/tutorial_interfaces/share/tutorial_interfaces/environment/library_path.dsv
[9.675s] -- Installing: /home/alejandra/ros2_ws/install/tutorial_interfaces/lib/libtutorial_interfaces__rosidl_generator_c.so
[9.676s] -- Set non-toolchain portion of runtime path of "/home/alejandra/ros2_ws/install/tutorial_interfaces/lib/libtutorial_interfaces__rosidl_generator_c.so" to ""
[9.676s] -- Up-to-date: /home/alejandra/ros2_ws/install/tutorial_interfaces/include/tutorial_interfaces/tutorial_interfaces
[9.676s] -- Up-to-date: /home/alejandra/ros2_ws/install/tutorial_interfaces/include/tutorial_interfaces/tutorial_interfaces/srv
[9.676s] -- Up-to-date: /home/alejandra/ros2_ws/install/tutorial_interfaces/include/tutorial_interfaces/tutorial_interfaces/srv/detail
[9.677s] -- Installing: /home/alejandra/ros2_ws/install/tutorial_interfaces/include/tutorial_interfaces/tutorial_interfaces/srv/detail/hypotenuse__rosidl_typesupport_fastrtps_c.h
[9.678s] -- Up-to-date: /home/alejandra/ros2_ws/install/tutorial_interfaces/include/tutorial_interfaces/tutorial_interfaces/msg
[9.679s] -- Up-to-date: /home/alejandra/ros2_ws/install/tutorial_interfaces/include/tutorial_interfaces/tutorial_interfaces/msg/detail
[9.680s] -- Installing: /home/alejandra/ros2_ws/install/tutorial_interfaces/include/tutorial_interfaces/tutorial_interfaces/msg/detail/num__rosidl_typesupport_fastrtps_c.h
[9.680s] -- Installing: /home/alejandra/ros2_ws/install/tutorial_interfaces/include/tutorial_interfaces/tutorial_interfaces/msg/rosidl_typesupport_fastrtps_c__visibility_control.h
[9.680s] -- Installing: /home/alejandra/ros2_ws/install/tutorial_interfaces/lib/libtutorial_interfaces__rosidl_typesupport_fastrtps_c.so
[9.680s] -- Set non-toolchain portion of runtime path of "/home/alejandra/ros2_ws/install/tutorial_interfaces/lib/libtutorial_interfaces__rosidl_typesupport_fastrtps_c.so" to ""
[9.680s] -- Up-to-date: /home/alejandra/ros2_ws/install/tutorial_interfaces/include/tutorial_interfaces/tutorial_interfaces
[9.680s] -- Up-to-date: /home/alejandra/ros2_ws/install/tutorial_interfaces/include/tutorial_interfaces/tutorial_interfaces/srv
[9.680s] -- Up-to-date: /home/alejandra/ros2_ws/install/tutorial_interfaces/include/tutorial_interfaces/tutorial_interfaces/srv/detail
[9.681s] -- Installing: /home/alejandra/ros2_ws/install/tutorial_interfaces/include/tutorial_interfaces/tutorial_interfaces/srv/detail/hypotenuse__struct.hpp
[9.681s] -- Installing: /home/alejandra/ros2_ws/install/tutorial_interfaces/include/tutorial_interfaces/tutorial_interfaces/srv/detail/hypotenuse__builder.hpp
[9.681s] -- Installing: /home/alejandra/ros2_ws/install/tutorial_interfaces/include/tutorial_interfaces/tutorial_interfaces/srv/detail/hypotenuse__traits.hpp
[9.681s] -- Installing: /home/alejandra/ros2_ws/install/tutorial_interfaces/include/tutorial_interfaces/tutorial_interfaces/srv/detail/hypotenuse__type_support.hpp
[9.681s] -- Installing: /home/alejandra/ros2_ws/install/tutorial_interfaces/include/tutorial_interfaces/tutorial_interfaces/srv/hypotenuse.hpp
[9.681s] -- Up-to-date: /home/alejandra/ros2_ws/install/tutorial_interfaces/include/tutorial_interfaces/tutorial_interfaces/msg
[9.681s] -- Installing: /home/alejandra/ros2_ws/install/tutorial_interfaces/include/tutorial_interfaces/tutorial_interfaces/msg/num.hpp
[9.682s] -- Up-to-date: /home/alejandra/ros2_ws/install/tutorial_interfaces/include/tutorial_interfaces/tutorial_interfaces/msg/detail
[9.682s] -- Installing: /home/alejandra/ros2_ws/install/tutorial_interfaces/include/tutorial_interfaces/tutorial_interfaces/msg/detail/num__builder.hpp
[9.682s] -- Installing: /home/alejandra/ros2_ws/install/tutorial_interfaces/include/tutorial_interfaces/tutorial_interfaces/msg/detail/num__traits.hpp
[9.682s] -- Installing: /home/alejandra/ros2_ws/install/tutorial_interfaces/include/tutorial_interfaces/tutorial_interfaces/msg/detail/num__type_support.hpp
[9.682s] -- Installing: /home/alejandra/ros2_ws/install/tutorial_interfaces/include/tutorial_interfaces/tutorial_interfaces/msg/detail/num__struct.hpp
[9.682s] -- Installing: /home/alejandra/ros2_ws/install/tutorial_interfaces/include/tutorial_interfaces/tutorial_interfaces/msg/rosidl_generator_cpp__visibility_control.hpp
[9.683s] -- Up-to-date: /home/alejandra/ros2_ws/install/tutorial_interfaces/include/tutorial_interfaces/tutorial_interfaces
[9.683s] -- Up-to-date: /home/alejandra/ros2_ws/install/tutorial_interfaces/include/tutorial_interfaces/tutorial_interfaces/srv
[9.683s] -- Up-to-date: /home/alejandra/ros2_ws/install/tutorial_interfaces/include/tutorial_interfaces/tutorial_interfaces/srv/detail
[9.683s] -- Installing: /home/alejandra/ros2_ws/install/tutorial_interfaces/include/tutorial_interfaces/tutorial_interfaces/srv/detail/hypotenuse__rosidl_typesupport_fastrtps_cpp.hpp
[9.683s] -- Installing: /home/alejandra/ros2_ws/install/tutorial_interfaces/include/tutorial_interfaces/tutorial_interfaces/srv/detail/dds_fastrtps
[9.683s] -- Up-to-date: /home/alejandra/ros2_ws/install/tutorial_interfaces/include/tutorial_interfaces/tutorial_interfaces/msg
[9.683s] -- Installing: /home/alejandra/ros2_ws/install/tutorial_interfaces/include/tutorial_interfaces/tutorial_interfaces/msg/rosidl_typesupport_fastrtps_cpp__visibility_control.h
[9.684s] -- Up-to-date: /home/alejandra/ros2_ws/install/tutorial_interfaces/include/tutorial_interfaces/tutorial_interfaces/msg/detail
[9.684s] -- Installing: /home/alejandra/ros2_ws/install/tutorial_interfaces/include/tutorial_interfaces/tutorial_interfaces/msg/detail/num__rosidl_typesupport_fastrtps_cpp.hpp
[9.684s] -- Installing: /home/alejandra/ros2_ws/install/tutorial_interfaces/include/tutorial_interfaces/tutorial_interfaces/msg/detail/dds_fastrtps
[9.685s] -- Installing: /home/alejandra/ros2_ws/install/tutorial_interfaces/lib/libtutorial_interfaces__rosidl_typesupport_fastrtps_cpp.so
[9.685s] -- Set non-toolchain portion of runtime path of "/home/alejandra/ros2_ws/install/tutorial_interfaces/lib/libtutorial_interfaces__rosidl_typesupport_fastrtps_cpp.so" to ""
[9.685s] -- Up-to-date: /home/alejandra/ros2_ws/install/tutorial_interfaces/include/tutorial_interfaces/tutorial_interfaces
[9.685s] -- Up-to-date: /home/alejandra/ros2_ws/install/tutorial_interfaces/include/tutorial_interfaces/tutorial_interfaces/srv
[9.686s] -- Up-to-date: /home/alejandra/ros2_ws/install/tutorial_interfaces/include/tutorial_interfaces/tutorial_interfaces/srv/detail
[9.686s] -- Installing: /home/alejandra/ros2_ws/install/tutorial_interfaces/include/tutorial_interfaces/tutorial_interfaces/srv/detail/hypotenuse__rosidl_typesupport_introspection_c.h
[9.686s] -- Installing: /home/alejandra/ros2_ws/install/tutorial_interfaces/include/tutorial_interfaces/tutorial_interfaces/srv/detail/hypotenuse__type_support.c
[9.686s] -- Up-to-date: /home/alejandra/ros2_ws/install/tutorial_interfaces/include/tutorial_interfaces/tutorial_interfaces/msg
[9.686s] -- Up-to-date: /home/alejandra/ros2_ws/install/tutorial_interfaces/include/tutorial_interfaces/tutorial_interfaces/msg/detail
[9.687s] -- Installing: /home/alejandra/ros2_ws/install/tutorial_interfaces/include/tutorial_interfaces/tutorial_interfaces/msg/detail/num__rosidl_typesupport_introspection_c.h
[9.687s] -- Installing: /home/alejandra/ros2_ws/install/tutorial_interfaces/include/tutorial_interfaces/tutorial_interfaces/msg/detail/num__type_support.c
[9.687s] -- Installing: /home/alejandra/ros2_ws/install/tutorial_interfaces/include/tutorial_interfaces/tutorial_interfaces/msg/rosidl_typesupport_introspection_c__visibility_control.h
[9.687s] -- Installing: /home/alejandra/ros2_ws/install/tutorial_interfaces/lib/libtutorial_interfaces__rosidl_typesupport_introspection_c.so
[9.687s] -- Set non-toolchain portion of runtime path of "/home/alejandra/ros2_ws/install/tutorial_interfaces/lib/libtutorial_interfaces__rosidl_typesupport_introspection_c.so" to ""
[9.688s] -- Installing: /home/alejandra/ros2_ws/install/tutorial_interfaces/lib/libtutorial_interfaces__rosidl_typesupport_c.so
[9.688s] -- Set non-toolchain portion of runtime path of "/home/alejandra/ros2_ws/install/tutorial_interfaces/lib/libtutorial_interfaces__rosidl_typesupport_c.so" to ""
[9.688s] -- Up-to-date: /home/alejandra/ros2_ws/install/tutorial_interfaces/include/tutorial_interfaces/tutorial_interfaces
[9.688s] -- Up-to-date: /home/alejandra/ros2_ws/install/tutorial_interfaces/include/tutorial_interfaces/tutorial_interfaces/srv
[9.688s] -- Up-to-date: /home/alejandra/ros2_ws/install/tutorial_interfaces/include/tutorial_interfaces/tutorial_interfaces/srv/detail
[9.688s] -- Installing: /home/alejandra/ros2_ws/install/tutorial_interfaces/include/tutorial_interfaces/tutorial_interfaces/srv/detail/hypotenuse__rosidl_typesupport_introspection_cpp.hpp
[9.688s] -- Installing: /home/alejandra/ros2_ws/install/tutorial_interfaces/include/tutorial_interfaces/tutorial_interfaces/srv/detail/hypotenuse__type_support.cpp
[9.688s] -- Up-to-date: /home/alejandra/ros2_ws/install/tutorial_interfaces/include/tutorial_interfaces/tutorial_interfaces/msg
[9.689s] -- Up-to-date: /home/alejandra/ros2_ws/install/tutorial_interfaces/include/tutorial_interfaces/tutorial_interfaces/msg/detail
[9.689s] -- Installing: /home/alejandra/ros2_ws/install/tutorial_interfaces/include/tutorial_interfaces/tutorial_interfaces/msg/detail/num__rosidl_typesupport_introspection_cpp.hpp
[9.689s] -- Installing: /home/alejandra/ros2_ws/install/tutorial_interfaces/include/tutorial_interfaces/tutorial_interfaces/msg/detail/num__type_support.cpp
[9.689s] -- Installing: /home/alejandra/ros2_ws/install/tutorial_interfaces/lib/libtutorial_interfaces__rosidl_typesupport_introspection_cpp.so
[9.690s] -- Set non-toolchain portion of runtime path of "/home/alejandra/ros2_ws/install/tutorial_interfaces/lib/libtutorial_interfaces__rosidl_typesupport_introspection_cpp.so" to ""
[9.690s] -- Installing: /home/alejandra/ros2_ws/install/tutorial_interfaces/lib/libtutorial_interfaces__rosidl_typesupport_cpp.so
[9.690s] -- Set non-toolchain portion of runtime path of "/home/alejandra/ros2_ws/install/tutorial_interfaces/lib/libtutorial_interfaces__rosidl_typesupport_cpp.so" to ""
[9.690s] -- Installing: /home/alejandra/ros2_ws/install/tutorial_interfaces/share/tutorial_interfaces/environment/pythonpath.sh
[9.690s] -- Installing: /home/alejandra/ros2_ws/install/tutorial_interfaces/share/tutorial_interfaces/environment/pythonpath.dsv
[9.691s] -- Installing: /home/alejandra/ros2_ws/install/tutorial_interfaces/lib/python3.12/site-packages/tutorial_interfaces-0.0.0-py3.12.egg-info
[9.691s] -- Installing: /home/alejandra/ros2_ws/install/tutorial_interfaces/lib/python3.12/site-packages/tutorial_interfaces-0.0.0-py3.12.egg-info/top_level.txt
[9.691s] -- Installing: /home/alejandra/ros2_ws/install/tutorial_interfaces/lib/python3.12/site-packages/tutorial_interfaces-0.0.0-py3.12.egg-info/SOURCES.txt
[9.691s] -- Installing: /home/alejandra/ros2_ws/install/tutorial_interfaces/lib/python3.12/site-packages/tutorial_interfaces-0.0.0-py3.12.egg-info/PKG-INFO
[9.691s] -- Installing: /home/alejandra/ros2_ws/install/tutorial_interfaces/lib/python3.12/site-packages/tutorial_interfaces-0.0.0-py3.12.egg-info/dependency_links.txt
[9.691s] -- Installing: /home/alejandra/ros2_ws/install/tutorial_interfaces/lib/python3.12/site-packages/tutorial_interfaces
[9.691s] -- Installing: /home/alejandra/ros2_ws/install/tutorial_interfaces/lib/python3.12/site-packages/tutorial_interfaces/_tutorial_interfaces_s.ep.rosidl_typesupport_fastrtps_c.c
[9.691s] -- Installing: /home/alejandra/ros2_ws/install/tutorial_interfaces/lib/python3.12/site-packages/tutorial_interfaces/tutorial_interfaces_s__rosidl_typesupport_fastrtps_c.so
[9.691s] -- Installing: /home/alejandra/ros2_ws/install/tutorial_interfaces/lib/python3.12/site-packages/tutorial_interfaces/srv
[9.691s] -- Installing: /home/alejandra/ros2_ws/install/tutorial_interfaces/lib/python3.12/site-packages/tutorial_interfaces/srv/_hypotenuse.py
[9.691s] -- Installing: /home/alejandra/ros2_ws/install/tutorial_interfaces/lib/python3.12/site-packages/tutorial_interfaces/srv/__init__.py
[9.691s] -- Installing: /home/alejandra/ros2_ws/install/tutorial_interfaces/lib/python3.12/site-packages/tutorial_interfaces/srv/_hypotenuse_s.c
[9.692s] -- Installing: /home/alejandra/ros2_ws/install/tutorial_interfaces/lib/python3.12/site-packages/tutorial_interfaces/msg
[9.692s] -- Installing: /home/alejandra/ros2_ws/install/tutorial_interfaces/lib/python3.12/site-packages/tutorial_interfaces/msg/_num_s.c
[9.692s] -- Installing: /home/alejandra/ros2_ws/install/tutorial_interfaces/lib/python3.12/site-packages/tutorial_interfaces/msg/_num.py
[9.692s] -- Installing: /home/alejandra/ros2_ws/install/tutorial_interfaces/lib/python3.12/site-packages/tutorial_interfaces/msg/__init__.py
[9.692s] -- Installing: /home/alejandra/ros2_ws/install/tutorial_interfaces/lib/python3.12/site-packages/tutorial_interfaces/__init__.py
[9.692s] -- Installing: /home/alejandra/ros2_ws/install/tutorial_interfaces/lib/python3.12/site-packages/tutorial_interfaces/_tutorial_interfaces_s.ep.rosidl_typesupport_introspection_c.c
[9.692s] -- Installing: /home/alejandra/ros2_ws/install/tutorial_interfaces/lib/python3.12/site-packages/tutorial_interfaces/tutorial_interfaces_s__rosidl_typesupport_introspection_c.so
[9.692s] -- Installing: /home/alejandra/ros2_ws/install/tutorial_interfaces/lib/python3.12/site-packages/tutorial_interfaces/_tutorial_interfaces_s.ep.rosidl_typesupport_c.c
[9.693s] -- Installing: /home/alejandra/ros2_ws/install/tutorial_interfaces/lib/python3.12/site-packages/tutorial_interfaces/tutorial_interfaces_s__rosidl_typesupport_c.so
[9.748s] Listing '/home/alejandra/ros2_ws/install/tutorial_interfaces/lib/python3.12/site-packages/tutorial_interfaces'...
[9.748s] Compiling '/home/alejandra/ros2_ws/install/tutorial_interfaces/lib/python3.12/site-packages/tutorial_interfaces/__init__.py'...
[9.748s] Listing '/home/alejandra/ros2_ws/install/tutorial_interfaces/lib/python3.12/site-packages/tutorial_interfaces/msg'...
[9.748s] Compiling '/home/alejandra/ros2_ws/install/tutorial_interfaces/lib/python3.12/site-packages/tutorial_interfaces/msg/__init__.py'...
[9.748s] Compiling '/home/alejandra/ros2_ws/install/tutorial_interfaces/lib/python3.12/site-packages/tutorial_interfaces/msg/_num.py'...
[9.748s] Listing '/home/alejandra/ros2_ws/install/tutorial_interfaces/lib/python3.12/site-packages/tutorial_interfaces/srv'...
[9.748s] Compiling '/home/alejandra/ros2_ws/install/tutorial_interfaces/lib/python3.12/site-packages/tutorial_interfaces/srv/__init__.py'...
[9.748s] Compiling '/home/alejandra/ros2_ws/install/tutorial_interfaces/lib/python3.12/site-packages/tutorial_interfaces/srv/_hypotenuse.py'...
[9.754s] -- Installing: /home/alejandra/ros2_ws/install/tutorial_interfaces/lib/python3.12/site-packages/tutorial_interfaces/tutorial_interfaces_s__rosidl_typesupport_fastrtps_c.so
[9.755s] -- Set non-toolchain portion of runtime path of "/home/alejandra/ros2_ws/install/tutorial_interfaces/lib/python3.12/site-packages/tutorial_interfaces/tutorial_interfaces_s__rosidl_typesupport_fastrtps_c.so" to ""
[9.755s] -- Installing: /home/alejandra/ros2_ws/install/tutorial_interfaces/lib/python3.12/site-packages/tutorial_interfaces/tutorial_interfaces_s__rosidl_typesupport_introspection_c.so
[9.755s] -- Set non-toolchain portion of runtime path of "/home/alejandra/ros2_ws/install/tutorial_interfaces/lib/python3.12/site-packages/tutorial_interfaces/tutorial_interfaces_s__rosidl_typesupport_introspection_c.so" to ""
[9.756s] -- Installing: /home/alejandra/ros2_ws/install/tutorial_interfaces/lib/python3.12/site-packages/tutorial_interfaces/tutorial_interfaces_s__rosidl_typesupport_c.so
[9.756s] -- Set non-toolchain portion of runtime path of "/home/alejandra/ros2_ws/install/tutorial_interfaces/lib/python3.12/site-packages/tutorial_interfaces/tutorial_interfaces_s__rosidl_typesupport_c.so" to ""
[9.756s] -- Installing: /home/alejandra/ros2_ws/install/tutorial_interfaces/lib/libtutorial_interfaces__rosidl_generator_py.so
[9.756s] -- Set non-toolchain portion of runtime path of "/home/alejandra/ros2_ws/install/tutorial_interfaces/lib/libtutorial_interfaces__rosidl_generator_py.so" to ""
[9.756s] -- Installing: /home/alejandra/ros2_ws/install/tutorial_interfaces/share/ament_index/resource_index/rust_packages/tutorial_interfaces
[9.757s] -- Installing: /home/alejandra/ros2_ws/install/tutorial_interfaces/share/tutorial_interfaces/rust
[9.757s] -- Installing: /home/alejandra/ros2_ws/install/tutorial_interfaces/share/tutorial_interfaces/rust/build.rs
[9.758s] -- Installing: /home/alejandra/ros2_ws/install/tutorial_interfaces/share/tutorial_interfaces/rust/Cargo.toml
[9.758s] -- Installing: /home/alejandra/ros2_ws/install/tutorial_interfaces/share/tutorial_interfaces/rust/src
[9.758s] -- Installing: /home/alejandra/ros2_ws/install/tutorial_interfaces/share/tutorial_interfaces/rust/src/srv.rs
[9.759s] -- Installing: /home/alejandra/ros2_ws/install/tutorial_interfaces/share/tutorial_interfaces/rust/src/msg.rs
[9.759s] -- Installing: /home/alejandra/ros2_ws/install/tutorial_interfaces/share/tutorial_interfaces/rust/src/srv
[9.759s] -- Installing: /home/alejandra/ros2_ws/install/tutorial_interfaces/share/tutorial_interfaces/rust/src/srv/rmw.rs
[9.760s] -- Installing: /home/alejandra/ros2_ws/install/tutorial_interfaces/share/tutorial_interfaces/rust/src/lib.rs
[9.760s] -- Installing: /home/alejandra/ros2_ws/install/tutorial_interfaces/share/tutorial_interfaces/rust/src/msg
[9.760s] -- Installing: /home/alejandra/ros2_ws/install/tutorial_interfaces/share/tutorial_interfaces/rust/src/msg/rmw.rs
[9.761s] -- Installing: /home/alejandra/ros2_ws/install/tutorial_interfaces/share/tutorial_interfaces/msg/Num.idl
[9.761s] -- Installing: /home/alejandra/ros2_ws/install/tutorial_interfaces/share/tutorial_interfaces/srv/Hypotenuse.idl
[9.761s] -- Installing: /home/alejandra/ros2_ws/install/tutorial_interfaces/share/tutorial_interfaces/msg/Num.msg
[9.761s] -- Installing: /home/alejandra/ros2_ws/install/tutorial_interfaces/share/tutorial_interfaces/srv/Hypotenuse.srv
[9.761s] -- Installing: /home/alejandra/ros2_ws/install/tutorial_interfaces/share/ament_index/resource_index/package_run_dependencies/tutorial_interfaces
[9.761s] -- Installing: /home/alejandra/ros2_ws/install/tutorial_interfaces/share/ament_index/resource_index/parent_prefix_path/tutorial_interfaces
[9.762s] -- Installing: /home/alejandra/ros2_ws/install/tutorial_interfaces/share/tutorial_interfaces/environment/ament_prefix_path.sh
[9.762s] -- Installing: /home/alejandra/ros2_ws/install/tutorial_interfaces/share/tutorial_interfaces/environment/ament_prefix_path.dsv
[9.762s] -- Installing: /home/alejandra/ros2_ws/install/tutorial_interfaces/share/tutorial_interfaces/environment/path.sh
[9.762s] -- Installing: /home/alejandra/ros2_ws/install/tutorial_interfaces/share/tutorial_interfaces/environment/path.dsv
[9.762s] -- Installing: /home/alejandra/ros2_ws/install/tutorial_interfaces/share/tutorial_interfaces/local_setup.bash
[9.762s] -- Installing: /home/alejandra/ros2_ws/install/tutorial_interfaces/share/tutorial_interfaces/local_setup.sh
[9.763s] -- Installing: /home/alejandra/ros2_ws/install/tutorial_interfaces/share/tutorial_interfaces/local_setup.zsh
[9.763s] -- Installing: /home/alejandra/ros2_ws/install/tutorial_interfaces/share/tutorial_interfaces/local_setup.dsv
[9.763s] -- Installing: /home/alejandra/ros2_ws/install/tutorial_interfaces/share/tutorial_interfaces/package.dsv
[9.763s] -- Installing: /home/alejandra/ros2_ws/install/tutorial_interfaces/share/ament_index/resource_index/packages/tutorial_interfaces
[9.763s] -- Installing: /home/alejandra/ros2_ws/install/tutorial_interfaces/share/tutorial_interfaces/cmake/export_tutorial_interfaces__rosidl_generator_cExport.cmake
[9.763s] -- Installing: /home/alejandra/ros2_ws/install/tutorial_interfaces/share/tutorial_interfaces/cmake/export_tutorial_interfaces__rosidl_generator_cExport-noconfig.cmake
[9.764s] -- Installing: /home/alejandra/ros2_ws/install/tutorial_interfaces/share/tutorial_interfaces/cmake/export_tutorial_interfaces__rosidl_typesupport_fastrtps_cExport.cmake
[9.764s] -- Installing: /home/alejandra/ros2_ws/install/tutorial_interfaces/share/tutorial_interfaces/cmake/export_tutorial_interfaces__rosidl_typesupport_fastrtps_cExport-noconfig.cmake
[9.764s] -- Installing: /home/alejandra/ros2_ws/install/tutorial_interfaces/share/tutorial_interfaces/cmake/export_tutorial_interfaces__rosidl_generator_cppExport.cmake
[9.765s] -- Installing: /home/alejandra/ros2_ws/install/tutorial_interfaces/share/tutorial_interfaces/cmake/export_tutorial_interfaces__rosidl_typesupport_fastrtps_cppExport.cmake
[9.766s] -- Installing: /home/alejandra/ros2_ws/install/tutorial_interfaces/share/tutorial_interfaces/cmake/export_tutorial_interfaces__rosidl_typesupport_fastrtps_cppExport-noconfig.cmake
[9.766s] -- Installing: /home/alejandra/ros2_ws/install/tutorial_interfaces/share/tutorial_interfaces/cmake/tutorial_interfaces__rosidl_typesupport_introspection_cExport.cmake
[9.766s] -- Installing: /home/alejandra/ros2_ws/install/tutorial_interfaces/share/tutorial_interfaces/cmake/tutorial_interfaces__rosidl_typesupport_introspection_cExport-noconfig.cmake
[9.766s] -- Installing: /home/alejandra/ros2_ws/install/tutorial_interfaces/share/tutorial_interfaces/cmake/tutorial_interfaces__rosidl_typesupport_cExport.cmake
[9.767s] -- Installing: /home/alejandra/ros2_ws/install/tutorial_interfaces/share/tutorial_interfaces/cmake/tutorial_interfaces__rosidl_typesupport_cExport-noconfig.cmake
[9.767s] -- Installing: /home/alejandra/ros2_ws/install/tutorial_interfaces/share/tutorial_interfaces/cmake/tutorial_interfaces__rosidl_typesupport_introspection_cppExport.cmake
[9.767s] -- Installing: /home/alejandra/ros2_ws/install/tutorial_interfaces/share/tutorial_interfaces/cmake/tutorial_interfaces__rosidl_typesupport_introspection_cppExport-noconfig.cmake
[9.767s] -- Installing: /home/alejandra/ros2_ws/install/tutorial_interfaces/share/tutorial_interfaces/cmake/tutorial_interfaces__rosidl_typesupport_cppExport.cmake
[9.767s] -- Installing: /home/alejandra/ros2_ws/install/tutorial_interfaces/share/tutorial_interfaces/cmake/tutorial_interfaces__rosidl_typesupport_cppExport-noconfig.cmake
[9.767s] -- Installing: /home/alejandra/ros2_ws/install/tutorial_interfaces/share/tutorial_interfaces/cmake/export_tutorial_interfaces__rosidl_generator_pyExport.cmake
[9.767s] -- Installing: /home/alejandra/ros2_ws/install/tutorial_interfaces/share/tutorial_interfaces/cmake/export_tutorial_interfaces__rosidl_generator_pyExport-noconfig.cmake
[9.768s] -- Installing: /home/alejandra/ros2_ws/install/tutorial_interfaces/share/tutorial_interfaces/cmake/rosidl_cmake-extras.cmake
[9.768s] -- Installing: /home/alejandra/ros2_ws/install/tutorial_interfaces/share/tutorial_interfaces/cmake/ament_cmake_export_dependencies-extras.cmake
[9.768s] -- Installing: /home/alejandra/ros2_ws/install/tutorial_interfaces/share/tutorial_interfaces/cmake/ament_cmake_export_include_directories-extras.cmake
[9.768s] -- Installing: /home/alejandra/ros2_ws/install/tutorial_interfaces/share/tutorial_interfaces/cmake/ament_cmake_export_libraries-extras.cmake
[9.768s] -- Installing: /home/alejandra/ros2_ws/install/tutorial_interfaces/share/tutorial_interfaces/cmake/ament_cmake_export_targets-extras.cmake
[9.769s] -- Installing: /home/alejandra/ros2_ws/install/tutorial_interfaces/share/tutorial_interfaces/cmake/rosidl_cmake_export_typesupport_targets-extras.cmake
[9.770s] -- Installing: /home/alejandra/ros2_ws/install/tutorial_interfaces/share/tutorial_interfaces/cmake/rosidl_cmake_export_typesupport_libraries-extras.cmake
[9.770s] -- Installing: /home/alejandra/ros2_ws/install/tutorial_interfaces/share/tutorial_interfaces/cmake/rosidl_cmake_aggregate_target-extras.cmake
[9.770s] -- Installing: /home/alejandra/ros2_ws/install/tutorial_interfaces/share/tutorial_interfaces/cmake/tutorial_interfacesConfig.cmake
[9.771s] -- Installing: /home/alejandra/ros2_ws/install/tutorial_interfaces/share/tutorial_interfaces/cmake/tutorial_interfacesConfig-version.cmake
[9.771s] -- Installing: /home/alejandra/ros2_ws/install/tutorial_interfaces/share/tutorial_interfaces/package.xml
[9.775s] Invoked command in '/home/alejandra/ros2_ws/build/tutorial_interfaces' returned '0': CMAKE_PREFIX_PATH=${CMAKE_PREFIX_PATH}:/opt/ros/jazzy /usr/bin/cmake --install /home/alejandra/ros2_ws/build/tutorial_interfaces
